

================================================================
== Vivado HLS Report for 'keccak_absorb'
================================================================
* Date:           Sun Apr  9 19:20:48 2023

* Version:        2019.2 (Build 2704478 on Wed Nov 06 22:10:23 MST 2019)
* Project:        crypto_sign
* Solution:       solution1
* Product family: artix7
* Target device:  xc7a200t-fbg676-2


================================================================
== Performance Estimates
================================================================
+ Timing: 
    * Summary: 
    +--------+----------+-----------+------------+
    |  Clock |  Target  | Estimated | Uncertainty|
    +--------+----------+-----------+------------+
    |ap_clk  | 10.00 us | 83.112 ns |   1.25 us  |
    +--------+----------+-----------+------------+

+ Latency: 
    * Summary: 
    +---------+---------+----------+----------+-----+-----+---------+
    |  Latency (cycles) |  Latency (absolute) |  Interval | Pipeline|
    |   min   |   max   |    min   |    max   | min | max |   Type  |
    +---------+---------+----------+----------+-----+-----+---------+
    |        ?|        ?|         ?|         ?|    ?|    ?|   none  |
    +---------+---------+----------+----------+-----+-----+---------+

    + Detail: 
        * Instance: 
        +-----------------------------------+------------------------+---------+---------+----------+----------+-----+-----+---------+
        |                                   |                        |  Latency (cycles) |  Latency (absolute) |  Interval | Pipeline|
        |              Instance             |         Module         |   min   |   max   |    min   |    max   | min | max |   Type  |
        +-----------------------------------+------------------------+---------+---------+----------+----------+-----+-----+---------+
        |grp_KeccakF1600_StatePer_1_fu_510  |KeccakF1600_StatePer_1  |       25|       25| 0.250 ms | 0.250 ms |   25|   25|   none  |
        +-----------------------------------+------------------------+---------+---------+----------+----------+-----+-----+---------+

        * Loop: 
        +-------------+---------+---------+----------+-----------+-----------+---------+----------+
        |             |  Latency (cycles) | Iteration|  Initiation Interval  |   Trip  |          |
        |  Loop Name  |   min   |   max   |  Latency |  achieved |   target  |  Count  | Pipelined|
        +-------------+---------+---------+----------+-----------+-----------+---------+----------+
        |- memset_t   |        7|        7|         1|          -|          -|        8|    no    |
        |- Loop 2     |        ?|        ?|         1|          -|          -|        ?|    no    |
        |- Loop 3     |        ?|        ?|  46 ~ 50 |          -|          -|        ?|    no    |
        | + Loop 3.1  |       17|       21|         2|          1|          1| 17 ~ 21 |    yes   |
        |- Loop 4     |        0|       40|         2|          2|          1|  0 ~ 20 |    yes   |
        |- Loop 5     |        ?|        ?|         1|          1|          1|        ?|    yes   |
        +-------------+---------+---------+----------+-----------+-----------+---------+----------+



================================================================
== Utilization Estimates
================================================================
* Summary: 
+-----------------+---------+-------+--------+--------+-----+
|       Name      | BRAM_18K| DSP48E|   FF   |   LUT  | URAM|
+-----------------+---------+-------+--------+--------+-----+
|DSP              |        -|      -|       -|       -|    -|
|Expression       |        -|      -|       0|    1103|    -|
|FIFO             |        -|      -|       -|       -|    -|
|Instance         |        -|      -|    3866|  194018|    -|
|Memory           |        1|      -|       0|       0|    0|
|Multiplexer      |        -|      -|       -|     653|    -|
|Register         |        -|      -|     899|       -|    -|
+-----------------+---------+-------+--------+--------+-----+
|Total            |        1|      0|    4765|  195774|    0|
+-----------------+---------+-------+--------+--------+-----+
|Available        |      730|    740|  269200|  134600|    0|
+-----------------+---------+-------+--------+--------+-----+
|Utilization (%)  |    ~0   |      0|       1|     145|    0|
+-----------------+---------+-------+--------+--------+-----+

+ Detail: 
    * Instance: 
    +-----------------------------------+------------------------+---------+-------+------+--------+-----+
    |              Instance             |         Module         | BRAM_18K| DSP48E|  FF  |   LUT  | URAM|
    +-----------------------------------+------------------------+---------+-------+------+--------+-----+
    |grp_KeccakF1600_StatePer_1_fu_510  |KeccakF1600_StatePer_1  |        0|      0|  3866|  194018|    0|
    +-----------------------------------+------------------------+---------+-------+------+--------+-----+
    |Total                              |                        |        0|      0|  3866|  194018|    0|
    +-----------------------------------+------------------------+---------+-------+------+--------+-----+

    * DSP48E: 
    N/A

    * Memory: 
    +-------+-------------------+---------+---+----+-----+------+-----+------+-------------+
    | Memory|       Module      | BRAM_18K| FF| LUT| URAM| Words| Bits| Banks| W*Bits*Banks|
    +-------+-------------------+---------+---+----+-----+------+-----+------+-------------+
    |t_U    |keccak_absorb_2_t  |        1|  0|   0|    0|     8|    8|     1|           64|
    +-------+-------------------+---------+---+----+-----+------+-----+------+-------------+
    |Total  |                   |        1|  0|   0|    0|     8|    8|     1|           64|
    +-------+-------------------+---------+---+----+-----+------+-----+------+-------------+

    * FIFO: 
    N/A

    * Expression: 
    +---------------------------------+----------+-------+---+----+------------+------------+
    |          Variable Name          | Operation| DSP48E| FF| LUT| Bitwidth P0| Bitwidth P1|
    +---------------------------------+----------+-------+---+----+------------+------------+
    |add_ln389_fu_550_p2              |     +    |      0|  0|  12|           3|           1|
    |add_ln392_fu_684_p2              |     +    |      0|  0|  15|           5|           5|
    |add_ln394_fu_660_p2              |     +    |      0|  0|  71|           1|          64|
    |add_ln395_fu_640_p2              |     +    |      0|  0|  10|           2|           2|
    |add_ln396_fu_646_p2              |     +    |      0|  0|  15|           6|           6|
    |add_ln417_fu_915_p2              |     +    |      0|  0|  71|          64|          64|
    |add_ln422_fu_930_p2              |     +    |      0|  0|  15|           5|           1|
    |add_ln424_1_fu_940_p2            |     +    |      0|  0|  37|          30|          30|
    |add_ln428_fu_994_p2              |     +    |      0|  0|  16|           9|           9|
    |add_ln440_fu_1094_p2             |     +    |      0|  0|  39|          32|          32|
    |i_33_fu_885_p2                   |     +    |      0|  0|  15|           5|           1|
    |i_34_fu_1018_p2                  |     +    |      0|  0|  39|          32|           1|
    |i_fu_673_p2                      |     +    |      0|  0|  39|          32|           1|
    |sub_ln393_fu_588_p2              |     -    |      0|  0|  15|           5|           4|
    |sub_ln398_fu_692_p2              |     -    |      0|  0|  15|           6|           6|
    |sub_ln401_fu_759_p2              |     -    |      0|  0|  15|           8|           8|
    |sub_ln407_fu_778_p2              |     -    |      0|  0|  12|           3|           3|
    |sub_ln420_fu_920_p2              |     -    |      0|  0|  71|          64|          64|
    |sub_ln427_fu_984_p2              |     -    |      0|  0|  71|          64|          64|
    |ap_block_state9_on_subcall_done  |    and   |      0|  0|   2|           1|           1|
    |ap_predicate_op127_call_state9   |    and   |      0|  0|   2|           1|           1|
    |empty_105_fu_604_p2              |   icmp   |      0|  0|   9|           4|           2|
    |exitcond_fu_655_p2               |   icmp   |      0|  0|  29|          64|          64|
    |icmp_ln389_fu_561_p2             |   icmp   |      0|  0|   9|           3|           2|
    |icmp_ln391_fu_578_p2             |   icmp   |      0|  0|   9|           3|           1|
    |icmp_ln401_1_fu_764_p2           |   icmp   |      0|  0|  11|           8|           8|
    |icmp_ln401_fu_753_p2             |   icmp   |      0|  0|  11|           6|           1|
    |icmp_ln412_fu_809_p2             |   icmp   |      0|  0|  29|          64|          64|
    |icmp_ln413_fu_880_p2             |   icmp   |      0|  0|  11|           5|           5|
    |icmp_ln422_fu_925_p2             |   icmp   |      0|  0|  11|           5|           5|
    |icmp_ln430_fu_1003_p2            |   icmp   |      0|  0|  29|          64|          64|
    |icmp_ln435_fu_1013_p2            |   icmp   |      0|  0|  21|          33|          33|
    |select_ln32_1_fu_874_p3          |  select  |      0|  0|   8|           1|           8|
    |select_ln32_2_fu_823_p3          |  select  |      0|  0|   8|           1|           8|
    |select_ln32_3_fu_829_p3          |  select  |      0|  0|   8|           1|           8|
    |select_ln32_fu_868_p3            |  select  |      0|  0|   8|           1|           8|
    |select_ln394_fu_666_p3           |  select  |      0|  0|   8|           1|           8|
    |select_ln437_fu_1043_p3          |  select  |      0|  0|   8|           1|           8|
    |umax_fu_610_p3                   |  select  |      0|  0|   3|           1|           3|
    |ap_enable_pp0                    |    xor   |      0|  0|   2|           1|           2|
    |ap_enable_reg_pp0_iter1          |    xor   |      0|  0|   2|           2|           1|
    |xor_ln32_1_fu_818_p2             |    xor   |      0|  0|   2|           1|           1|
    |xor_ln32_fu_863_p2               |    xor   |      0|  0|   2|           1|           1|
    |xor_ln393_1_fu_598_p2            |    xor   |      0|  0|   3|           3|           2|
    |xor_ln393_2_fu_618_p2            |    xor   |      0|  0|   3|           3|           2|
    |xor_ln398_fu_734_p2              |    xor   |      0|  0|  64|          64|          64|
    |xor_ln415_1_fu_803_p2            |    xor   |      0|  0|   2|           1|           1|
    |xor_ln415_fu_908_p2              |    xor   |      0|  0|  64|          64|          64|
    |xor_ln424_fu_962_p2              |    xor   |      0|  0|  64|          64|          64|
    |xor_ln437_1_fu_1038_p2           |    xor   |      0|  0|   2|           1|           1|
    |xor_ln437_fu_1033_p2             |    xor   |      0|  0|   2|           1|           1|
    |xor_ln439_fu_1087_p2             |    xor   |      0|  0|  64|          64|          64|
    +---------------------------------+----------+-------+---+----+------------+------------+
    |Total                            |          |      0|  0|1103|         914|         936|
    +---------------------------------+----------+-------+---+----+------------+------------+

    * Multiplexer: 
    +--------------------------------------+-----+-----------+-----+-----------+
    |                 Name                 | LUT | Input Size| Bits| Total Bits|
    +--------------------------------------+-----+-----------+-----+-----------+
    |ap_NS_fsm                             |  121|         26|    1|         26|
    |ap_enable_reg_pp0_iter1               |   15|          3|    1|          3|
    |ap_phi_mux_p_23_phi_fu_423_p6         |    9|          2|    6|         12|
    |ap_phi_mux_p_2_phi_fu_438_p6          |    9|          2|    3|          6|
    |ap_phi_mux_p_34_phi_fu_504_p4         |    9|          2|   32|         64|
    |ap_phi_mux_phi_ln406_1_phi_fu_410_p6  |    9|          2|    1|          2|
    |ap_return                             |    9|          2|   32|         64|
    |i_0_reg_364                           |    9|          2|   32|         64|
    |i_2_reg_468                           |    9|          2|    5|         10|
    |i_3_reg_479                           |    9|          2|    5|         10|
    |i_5_reg_490                           |    9|          2|   32|         64|
    |indvars_iv_reg_446                    |    9|          2|   64|        128|
    |p_05_rec_reg_353                      |    9|          2|   64|        128|
    |p_12_reg_385                          |    9|          2|    6|         12|
    |p_1_reg_395                           |    9|          2|    2|          4|
    |p_23_reg_420                          |    9|          2|    6|         12|
    |p_2_reg_435                           |    9|          2|    3|          6|
    |p_34_reg_501                          |    9|          2|   32|         64|
    |p_38_rec_reg_456                      |    9|          2|   64|        128|
    |phi_ln389_reg_342                     |    9|          2|    3|          6|
    |phi_ln406_1_reg_406                   |    9|          2|    1|          2|
    |phi_ln406_reg_373                     |    9|          2|    1|          2|
    |reg_516                               |    9|          2|    8|         16|
    |reg_521                               |    9|          2|    8|         16|
    |s_address0                            |   33|          6|    5|         30|
    |s_address1                            |   33|          6|    5|         30|
    |s_ce0                                 |   15|          3|    1|          3|
    |s_ce1                                 |   15|          3|    1|          3|
    |s_d0                                  |   15|          3|   64|        192|
    |s_d1                                  |   27|          5|   64|        320|
    |s_we0                                 |   15|          3|    1|          3|
    |s_we1                                 |   15|          3|    1|          3|
    |t_address0                            |   62|         15|    3|         45|
    |t_address1                            |   59|         14|    3|         42|
    |t_d0                                  |   15|          3|    8|         24|
    |t_d1                                  |   15|          3|    8|         24|
    +--------------------------------------+-----+-----------+-----+-----------+
    |Total                                 |  653|        140|  576|       1568|
    +--------------------------------------+-----+-----------+-----+-----------+

    * Register: 
    +------------------------------------------------+----+----+-----+-----------+
    |                      Name                      | FF | LUT| Bits| Const Bits|
    +------------------------------------------------+----+----+-----+-----------+
    |add_ln395_reg_1177                              |   2|   0|    2|          0|
    |add_ln396_reg_1182                              |   6|   0|    6|          0|
    |add_ln417_reg_1377                              |  64|   0|   64|          0|
    |add_ln422_reg_1390                              |   5|   0|    5|          0|
    |add_ln428_reg_1410                              |   9|   0|    9|          0|
    |ap_CS_fsm                                       |  25|   0|   25|          0|
    |ap_enable_reg_pp0_iter0                         |   1|   0|    1|          0|
    |ap_enable_reg_pp0_iter1                         |   1|   0|    1|          0|
    |ap_return_preg                                  |  32|   0|   32|          0|
    |empty_101_reg_1136                              |   8|   0|    8|          0|
    |empty_107_reg_1291                              |   9|   0|   64|         55|
    |empty_reg_1130                                  |   6|   0|    6|          0|
    |grp_KeccakF1600_StatePer_1_fu_510_ap_start_reg  |   1|   0|    1|          0|
    |i_0_reg_364                                     |  32|   0|   32|          0|
    |i_2_reg_468                                     |   5|   0|    5|          0|
    |i_3_reg_479                                     |   5|   0|    5|          0|
    |i_5_reg_490                                     |  32|   0|   32|          0|
    |icmp_ln401_1_reg_1267                           |   1|   0|    1|          0|
    |icmp_ln401_reg_1263                             |   1|   0|    1|          0|
    |icmp_ln413_reg_1362                             |   1|   0|    1|          0|
    |icmp_ln430_reg_1421                             |   1|   0|    1|          0|
    |indvars_iv_reg_446                              |  64|   0|   64|          0|
    |p_05_rec_reg_353                                |  64|   0|   64|          0|
    |p_12_reg_385                                    |   6|   0|    6|          0|
    |p_1_reg_395                                     |   2|   0|    2|          0|
    |p_23_reg_420                                    |   6|   0|    6|          0|
    |p_2_reg_435                                     |   3|   0|    3|          0|
    |p_34_reg_501                                    |  32|   0|   32|          0|
    |p_38_rec_reg_456                                |  64|   0|   64|          0|
    |p_cast6_reg_1172                                |   5|   0|    5|          0|
    |phi_ln389_reg_342                               |   3|   0|    3|          0|
    |phi_ln406_1_reg_406                             |   1|   0|    1|          0|
    |phi_ln406_reg_373                               |   1|   0|    1|          0|
    |reg_516                                         |   8|   0|    8|          0|
    |reg_521                                         |   8|   0|    8|          0|
    |reg_526                                         |   8|   0|    8|          0|
    |reg_530                                         |   8|   0|    8|          0|
    |reg_534                                         |   8|   0|    8|          0|
    |reg_538                                         |   8|   0|    8|          0|
    |s_addr_5_reg_1395                               |   5|   0|    5|          0|
    |s_addr_6_reg_1371                               |   5|   0|    5|          0|
    |s_addr_7_reg_1473                               |   5|   0|    5|          0|
    |s_addr_reg_1251                                 |   3|   0|    5|          2|
    |select_ln32_1_reg_1354                          |   8|   0|    8|          0|
    |select_ln32_2_reg_1314                          |   8|   0|    8|          0|
    |select_ln32_3_reg_1322                          |   8|   0|    8|          0|
    |select_ln32_reg_1346                            |   8|   0|    8|          0|
    |sext_ln393_reg_1167                             |  64|   0|   64|          0|
    |sub_ln420_reg_1382                              |  64|   0|   64|          0|
    |sub_ln427_reg_1400                              |  64|   0|   64|          0|
    |tmp_3266_reg_1335                               |   5|   0|    5|          0|
    |tmp_reg_1211                                    |   3|   0|    3|          0|
    |tmp_s_reg_1298                                  |   5|   0|    5|          0|
    |trunc_ln399_reg_1216                            |   1|   0|    1|          0|
    |trunc_ln407_reg_1271                            |   3|   0|    3|          0|
    |trunc_ln410_reg_1276                            |   1|   0|    1|          0|
    |trunc_ln424_reg_1341                            |   1|   0|    1|          0|
    |trunc_ln427_reg_1405                            |  33|   0|   33|          0|
    |trunc_ln440_reg_1479                            |  32|   0|   32|          0|
    |xor_ln393_2_reg_1162                            |   3|   0|    3|          0|
    |xor_ln415_1_reg_1303                            |   1|   0|    1|          0|
    |zext_ln391_1_reg_1154                           |   3|   0|    5|          2|
    |zext_ln401_reg_1256                             |   2|   0|    3|          1|
    |zext_ln406_reg_1281                             |   6|   0|    9|          3|
    |zext_ln422_2_reg_1330                           |   3|   0|   30|         27|
    |zext_ln428_reg_1415                             |   9|   0|   32|         23|
    +------------------------------------------------+----+----+-----+-----------+
    |Total                                           | 899|   0| 1012|        113|
    +------------------------------------------------+----+----+-----+-----------+



================================================================
== Interface
================================================================
* Summary: 
+------------+-----+-----+------------+---------------+--------------+
|  RTL Ports | Dir | Bits|  Protocol  | Source Object |    C Type    |
+------------+-----+-----+------------+---------------+--------------+
|ap_clk      |  in |    1| ap_ctrl_hs | keccak_absorb | return value |
|ap_rst      |  in |    1| ap_ctrl_hs | keccak_absorb | return value |
|ap_start    |  in |    1| ap_ctrl_hs | keccak_absorb | return value |
|ap_done     | out |    1| ap_ctrl_hs | keccak_absorb | return value |
|ap_idle     | out |    1| ap_ctrl_hs | keccak_absorb | return value |
|ap_ready    | out |    1| ap_ctrl_hs | keccak_absorb | return value |
|ap_return   | out |   32| ap_ctrl_hs | keccak_absorb | return value |
|s_address0  | out |    5|  ap_memory |       s       |     array    |
|s_ce0       | out |    1|  ap_memory |       s       |     array    |
|s_we0       | out |    1|  ap_memory |       s       |     array    |
|s_d0        | out |   64|  ap_memory |       s       |     array    |
|s_q0        |  in |   64|  ap_memory |       s       |     array    |
|s_address1  | out |    5|  ap_memory |       s       |     array    |
|s_ce1       | out |    1|  ap_memory |       s       |     array    |
|s_we1       | out |    1|  ap_memory |       s       |     array    |
|s_d1        | out |   64|  ap_memory |       s       |     array    |
|s_q1        |  in |   64|  ap_memory |       s       |     array    |
|r           |  in |    9|   ap_none  |       r       |    scalar    |
|pos_r       |  in |    7|   ap_none  |     pos_r     |    scalar    |
|m_0_read    |  in |    8|   ap_none  |    m_0_read   |    scalar    |
|m_1_read    |  in |    8|   ap_none  |    m_1_read   |    scalar    |
+------------+-----+-----+------------+---------------+--------------+

