

================================================================
== Vivado HLS Report for 'polyw1_pack'
================================================================
* Date:           Tue Apr  4 23:39:42 2023

* Version:        2019.2 (Build 2704478 on Wed Nov 06 22:10:23 MST 2019)
* Project:        crypto_sign
* Solution:       solution1
* Product family: artix7
* Target device:  xc7a200t-fbg676-2


================================================================
== Performance Estimates
================================================================
+ Timing: 
    * Summary: 
    +--------+----------+----------+------------+
    |  Clock |  Target  | Estimated| Uncertainty|
    +--------+----------+----------+------------+
    |ap_clk  | 10.00 us | 6.344 ns |   1.25 us  |
    +--------+----------+----------+------------+

+ Latency: 
    * Summary: 
    +---------+---------+----------+----------+-----+-----+----------+
    |  Latency (cycles) |  Latency (absolute) |  Interval | Pipeline |
    |   min   |   max   |    min   |    max   | min | max |   Type   |
    +---------+---------+----------+----------+-----+-----+----------+
    |      128|      128| 1.280 ms | 1.280 ms |  128|  128| function |
    +---------+---------+----------+----------+-----+-----+----------+

    + Detail: 
        * Instance: 
        N/A

        * Loop: 
        N/A



================================================================
== Utilization Estimates
================================================================
* Summary: 
+-----------------+---------+-------+--------+--------+-----+
|       Name      | BRAM_18K| DSP48E|   FF   |   LUT  | URAM|
+-----------------+---------+-------+--------+--------+-----+
|DSP              |        -|      -|       -|       -|    -|
|Expression       |        -|      -|       0|    8167|    -|
|FIFO             |        -|      -|       -|       -|    -|
|Instance         |        -|      -|       -|       -|    -|
|Memory           |        -|      -|       -|       -|    -|
|Multiplexer      |        -|      -|       -|    3477|    -|
|Register         |        -|      -|     218|       -|    -|
+-----------------+---------+-------+--------+--------+-----+
|Total            |        0|      0|     218|   11644|    0|
+-----------------+---------+-------+--------+--------+-----+
|Available        |      730|    740|  269200|  134600|    0|
+-----------------+---------+-------+--------+--------+-----+
|Utilization (%)  |        0|      0|   ~0   |       8|    0|
+-----------------+---------+-------+--------+--------+-----+

+ Detail: 
    * Instance: 
    N/A

    * DSP48E: 
    N/A

    * Memory: 
    N/A

    * FIFO: 
    N/A

    * Expression: 
    +-----------------------------+----------+-------+---+----+------------+------------+
    |        Variable Name        | Operation| DSP48E| FF| LUT| Bitwidth P0| Bitwidth P1|
    +-----------------------------+----------+-------+---+----+------------+------------+
    |add_ln924_10_fu_6246_p2      |     +    |      0|  0|  20|           6|          13|
    |add_ln924_11_fu_6393_p2      |     +    |      0|  0|  20|           6|          13|
    |add_ln924_12_fu_6540_p2      |     +    |      0|  0|  20|           6|          13|
    |add_ln924_13_fu_6687_p2      |     +    |      0|  0|  20|           6|          13|
    |add_ln924_14_fu_6834_p2      |     +    |      0|  0|  20|           6|          13|
    |add_ln924_15_fu_6981_p2      |     +    |      0|  0|  20|           6|          13|
    |add_ln924_16_fu_7128_p2      |     +    |      0|  0|  20|           6|          13|
    |add_ln924_17_fu_7275_p2      |     +    |      0|  0|  20|           6|          13|
    |add_ln924_18_fu_7422_p2      |     +    |      0|  0|  20|           6|          13|
    |add_ln924_19_fu_7569_p2      |     +    |      0|  0|  20|           6|          13|
    |add_ln924_1_fu_4923_p2       |     +    |      0|  0|  20|           3|          13|
    |add_ln924_20_fu_7716_p2      |     +    |      0|  0|  20|           6|          13|
    |add_ln924_21_fu_7863_p2      |     +    |      0|  0|  20|           7|          13|
    |add_ln924_22_fu_8010_p2      |     +    |      0|  0|  20|           7|          13|
    |add_ln924_23_fu_8157_p2      |     +    |      0|  0|  20|           7|          13|
    |add_ln924_24_fu_8304_p2      |     +    |      0|  0|  20|           7|          13|
    |add_ln924_25_fu_8451_p2      |     +    |      0|  0|  20|           7|          13|
    |add_ln924_26_fu_8598_p2      |     +    |      0|  0|  20|           7|          13|
    |add_ln924_27_fu_8745_p2      |     +    |      0|  0|  20|           7|          13|
    |add_ln924_28_fu_8892_p2      |     +    |      0|  0|  20|           7|          13|
    |add_ln924_29_fu_9039_p2      |     +    |      0|  0|  20|           7|          13|
    |add_ln924_2_fu_5070_p2       |     +    |      0|  0|  20|           4|          13|
    |add_ln924_30_fu_9186_p2      |     +    |      0|  0|  20|           7|          13|
    |add_ln924_31_fu_9333_p2      |     +    |      0|  0|  20|           7|          13|
    |add_ln924_32_fu_9480_p2      |     +    |      0|  0|  20|           7|          13|
    |add_ln924_33_fu_9627_p2      |     +    |      0|  0|  20|           7|          13|
    |add_ln924_34_fu_9774_p2      |     +    |      0|  0|  20|           7|          13|
    |add_ln924_35_fu_9921_p2      |     +    |      0|  0|  20|           7|          13|
    |add_ln924_36_fu_10068_p2     |     +    |      0|  0|  20|           7|          13|
    |add_ln924_37_fu_10215_p2     |     +    |      0|  0|  20|           7|          13|
    |add_ln924_38_fu_10362_p2     |     +    |      0|  0|  20|           7|          13|
    |add_ln924_39_fu_10509_p2     |     +    |      0|  0|  20|           7|          13|
    |add_ln924_3_fu_5217_p2       |     +    |      0|  0|  20|           4|          13|
    |add_ln924_40_fu_10656_p2     |     +    |      0|  0|  20|           7|          13|
    |add_ln924_41_fu_10803_p2     |     +    |      0|  0|  20|           7|          13|
    |add_ln924_42_fu_10950_p2     |     +    |      0|  0|  20|           8|          13|
    |add_ln924_43_fu_11097_p2     |     +    |      0|  0|  20|           8|          13|
    |add_ln924_44_fu_11244_p2     |     +    |      0|  0|  20|           8|          13|
    |add_ln924_45_fu_11391_p2     |     +    |      0|  0|  20|           8|          13|
    |add_ln924_46_fu_11538_p2     |     +    |      0|  0|  20|           8|          13|
    |add_ln924_47_fu_11685_p2     |     +    |      0|  0|  20|           8|          13|
    |add_ln924_48_fu_11832_p2     |     +    |      0|  0|  20|           8|          13|
    |add_ln924_49_fu_11979_p2     |     +    |      0|  0|  20|           8|          13|
    |add_ln924_4_fu_5364_p2       |     +    |      0|  0|  20|           4|          13|
    |add_ln924_50_fu_12126_p2     |     +    |      0|  0|  20|           8|          13|
    |add_ln924_51_fu_12273_p2     |     +    |      0|  0|  20|           8|          13|
    |add_ln924_52_fu_12420_p2     |     +    |      0|  0|  20|           8|          13|
    |add_ln924_53_fu_12567_p2     |     +    |      0|  0|  20|           8|          13|
    |add_ln924_54_fu_12714_p2     |     +    |      0|  0|  20|           8|          13|
    |add_ln924_55_fu_12861_p2     |     +    |      0|  0|  20|           8|          13|
    |add_ln924_56_fu_13008_p2     |     +    |      0|  0|  20|           8|          13|
    |add_ln924_57_fu_13155_p2     |     +    |      0|  0|  20|           8|          13|
    |add_ln924_58_fu_13302_p2     |     +    |      0|  0|  20|           8|          13|
    |add_ln924_59_fu_13449_p2     |     +    |      0|  0|  20|           8|          13|
    |add_ln924_5_fu_5511_p2       |     +    |      0|  0|  20|           5|          13|
    |add_ln924_60_fu_13596_p2     |     +    |      0|  0|  20|           8|          13|
    |add_ln924_61_fu_13743_p2     |     +    |      0|  0|  20|           8|          13|
    |add_ln924_62_fu_13890_p2     |     +    |      0|  0|  20|           8|          13|
    |add_ln924_6_fu_5658_p2       |     +    |      0|  0|  20|           5|          13|
    |add_ln924_7_fu_5805_p2       |     +    |      0|  0|  20|           5|          13|
    |add_ln924_8_fu_5952_p2       |     +    |      0|  0|  20|           5|          13|
    |add_ln924_9_fu_6099_p2       |     +    |      0|  0|  20|           5|          13|
    |add_ln924_fu_4776_p2         |     +    |      0|  0|  20|           2|          13|
    |add_ln926_10_fu_6156_p2      |     +    |      0|  0|  20|           5|          13|
    |add_ln926_11_fu_6303_p2      |     +    |      0|  0|  20|           6|          13|
    |add_ln926_12_fu_6450_p2      |     +    |      0|  0|  20|           6|          13|
    |add_ln926_13_fu_6597_p2      |     +    |      0|  0|  20|           6|          13|
    |add_ln926_14_fu_6744_p2      |     +    |      0|  0|  20|           6|          13|
    |add_ln926_15_fu_6891_p2      |     +    |      0|  0|  20|           6|          13|
    |add_ln926_16_fu_7038_p2      |     +    |      0|  0|  20|           6|          13|
    |add_ln926_17_fu_7185_p2      |     +    |      0|  0|  20|           6|          13|
    |add_ln926_18_fu_7332_p2      |     +    |      0|  0|  20|           6|          13|
    |add_ln926_19_fu_7479_p2      |     +    |      0|  0|  20|           6|          13|
    |add_ln926_1_fu_4833_p2       |     +    |      0|  0|  20|           3|          13|
    |add_ln926_20_fu_7626_p2      |     +    |      0|  0|  20|           6|          13|
    |add_ln926_21_fu_7773_p2      |     +    |      0|  0|  20|           7|          13|
    |add_ln926_22_fu_7920_p2      |     +    |      0|  0|  20|           7|          13|
    |add_ln926_23_fu_8067_p2      |     +    |      0|  0|  20|           7|          13|
    |add_ln926_24_fu_8214_p2      |     +    |      0|  0|  20|           7|          13|
    |add_ln926_25_fu_8361_p2      |     +    |      0|  0|  20|           7|          13|
    |add_ln926_26_fu_8508_p2      |     +    |      0|  0|  20|           7|          13|
    |add_ln926_27_fu_8655_p2      |     +    |      0|  0|  20|           7|          13|
    |add_ln926_28_fu_8802_p2      |     +    |      0|  0|  20|           7|          13|
    |add_ln926_29_fu_8949_p2      |     +    |      0|  0|  20|           7|          13|
    |add_ln926_2_fu_4980_p2       |     +    |      0|  0|  20|           3|          13|
    |add_ln926_30_fu_9096_p2      |     +    |      0|  0|  20|           7|          13|
    |add_ln926_31_fu_9243_p2      |     +    |      0|  0|  20|           7|          13|
    |add_ln926_32_fu_9390_p2      |     +    |      0|  0|  20|           7|          13|
    |add_ln926_33_fu_9537_p2      |     +    |      0|  0|  20|           7|          13|
    |add_ln926_34_fu_9684_p2      |     +    |      0|  0|  20|           7|          13|
    |add_ln926_35_fu_9831_p2      |     +    |      0|  0|  20|           7|          13|
    |add_ln926_36_fu_9978_p2      |     +    |      0|  0|  20|           7|          13|
    |add_ln926_37_fu_10125_p2     |     +    |      0|  0|  20|           7|          13|
    |add_ln926_38_fu_10272_p2     |     +    |      0|  0|  20|           7|          13|
    |add_ln926_39_fu_10419_p2     |     +    |      0|  0|  20|           7|          13|
    |add_ln926_3_fu_5127_p2       |     +    |      0|  0|  20|           4|          13|
    |add_ln926_40_fu_10566_p2     |     +    |      0|  0|  20|           7|          13|
    |add_ln926_41_fu_10713_p2     |     +    |      0|  0|  20|           7|          13|
    |add_ln926_42_fu_10860_p2     |     +    |      0|  0|  20|           7|          13|
    |add_ln926_43_fu_11007_p2     |     +    |      0|  0|  20|           8|          13|
    |add_ln926_44_fu_11154_p2     |     +    |      0|  0|  20|           8|          13|
    |add_ln926_45_fu_11301_p2     |     +    |      0|  0|  20|           8|          13|
    |add_ln926_46_fu_11448_p2     |     +    |      0|  0|  20|           8|          13|
    |add_ln926_47_fu_11595_p2     |     +    |      0|  0|  20|           8|          13|
    |add_ln926_48_fu_11742_p2     |     +    |      0|  0|  20|           8|          13|
    |add_ln926_49_fu_11889_p2     |     +    |      0|  0|  20|           8|          13|
    |add_ln926_4_fu_5274_p2       |     +    |      0|  0|  20|           4|          13|
    |add_ln926_50_fu_12036_p2     |     +    |      0|  0|  20|           8|          13|
    |add_ln926_51_fu_12183_p2     |     +    |      0|  0|  20|           8|          13|
    |add_ln926_52_fu_12330_p2     |     +    |      0|  0|  20|           8|          13|
    |add_ln926_53_fu_12477_p2     |     +    |      0|  0|  20|           8|          13|
    |add_ln926_54_fu_12624_p2     |     +    |      0|  0|  20|           8|          13|
    |add_ln926_55_fu_12771_p2     |     +    |      0|  0|  20|           8|          13|
    |add_ln926_56_fu_12918_p2     |     +    |      0|  0|  20|           8|          13|
    |add_ln926_57_fu_13065_p2     |     +    |      0|  0|  20|           8|          13|
    |add_ln926_58_fu_13212_p2     |     +    |      0|  0|  20|           8|          13|
    |add_ln926_59_fu_13359_p2     |     +    |      0|  0|  20|           8|          13|
    |add_ln926_5_fu_5421_p2       |     +    |      0|  0|  20|           5|          13|
    |add_ln926_60_fu_13506_p2     |     +    |      0|  0|  20|           8|          13|
    |add_ln926_61_fu_13653_p2     |     +    |      0|  0|  20|           8|          13|
    |add_ln926_62_fu_13800_p2     |     +    |      0|  0|  20|           8|          13|
    |add_ln926_63_fu_13919_p2     |     +    |      0|  0|  20|           8|          13|
    |add_ln926_6_fu_5568_p2       |     +    |      0|  0|  20|           5|          13|
    |add_ln926_7_fu_5715_p2       |     +    |      0|  0|  20|           5|          13|
    |add_ln926_8_fu_5862_p2       |     +    |      0|  0|  20|           5|          13|
    |add_ln926_9_fu_6009_p2       |     +    |      0|  0|  20|           5|          13|
    |add_ln926_fu_4686_p2         |     +    |      0|  0|  20|           1|          13|
    |add_ln928_10_fu_6185_p2      |     +    |      0|  0|  20|           6|          13|
    |add_ln928_11_fu_6332_p2      |     +    |      0|  0|  20|           6|          13|
    |add_ln928_12_fu_6479_p2      |     +    |      0|  0|  20|           6|          13|
    |add_ln928_13_fu_6626_p2      |     +    |      0|  0|  20|           6|          13|
    |add_ln928_14_fu_6773_p2      |     +    |      0|  0|  20|           6|          13|
    |add_ln928_15_fu_6920_p2      |     +    |      0|  0|  20|           6|          13|
    |add_ln928_16_fu_7067_p2      |     +    |      0|  0|  20|           6|          13|
    |add_ln928_17_fu_7214_p2      |     +    |      0|  0|  20|           6|          13|
    |add_ln928_18_fu_7361_p2      |     +    |      0|  0|  20|           6|          13|
    |add_ln928_19_fu_7508_p2      |     +    |      0|  0|  20|           6|          13|
    |add_ln928_1_fu_4862_p2       |     +    |      0|  0|  20|           3|          13|
    |add_ln928_20_fu_7655_p2      |     +    |      0|  0|  20|           6|          13|
    |add_ln928_21_fu_7802_p2      |     +    |      0|  0|  20|           7|          13|
    |add_ln928_22_fu_7949_p2      |     +    |      0|  0|  20|           7|          13|
    |add_ln928_23_fu_8096_p2      |     +    |      0|  0|  20|           7|          13|
    |add_ln928_24_fu_8243_p2      |     +    |      0|  0|  20|           7|          13|
    |add_ln928_25_fu_8390_p2      |     +    |      0|  0|  20|           7|          13|
    |add_ln928_26_fu_8537_p2      |     +    |      0|  0|  20|           7|          13|
    |add_ln928_27_fu_8684_p2      |     +    |      0|  0|  20|           7|          13|
    |add_ln928_28_fu_8831_p2      |     +    |      0|  0|  20|           7|          13|
    |add_ln928_29_fu_8978_p2      |     +    |      0|  0|  20|           7|          13|
    |add_ln928_2_fu_5009_p2       |     +    |      0|  0|  20|           4|          13|
    |add_ln928_30_fu_9125_p2      |     +    |      0|  0|  20|           7|          13|
    |add_ln928_31_fu_9272_p2      |     +    |      0|  0|  20|           7|          13|
    |add_ln928_32_fu_9419_p2      |     +    |      0|  0|  20|           7|          13|
    |add_ln928_33_fu_9566_p2      |     +    |      0|  0|  20|           7|          13|
    |add_ln928_34_fu_9713_p2      |     +    |      0|  0|  20|           7|          13|
    |add_ln928_35_fu_9860_p2      |     +    |      0|  0|  20|           7|          13|
    |add_ln928_36_fu_10007_p2     |     +    |      0|  0|  20|           7|          13|
    |add_ln928_37_fu_10154_p2     |     +    |      0|  0|  20|           7|          13|
    |add_ln928_38_fu_10301_p2     |     +    |      0|  0|  20|           7|          13|
    |add_ln928_39_fu_10448_p2     |     +    |      0|  0|  20|           7|          13|
    |add_ln928_3_fu_5156_p2       |     +    |      0|  0|  20|           4|          13|
    |add_ln928_40_fu_10595_p2     |     +    |      0|  0|  20|           7|          13|
    |add_ln928_41_fu_10742_p2     |     +    |      0|  0|  20|           7|          13|
    |add_ln928_42_fu_10889_p2     |     +    |      0|  0|  20|           8|          13|
    |add_ln928_43_fu_11036_p2     |     +    |      0|  0|  20|           8|          13|
    |add_ln928_44_fu_11183_p2     |     +    |      0|  0|  20|           8|          13|
    |add_ln928_45_fu_11330_p2     |     +    |      0|  0|  20|           8|          13|
    |add_ln928_46_fu_11477_p2     |     +    |      0|  0|  20|           8|          13|
    |add_ln928_47_fu_11624_p2     |     +    |      0|  0|  20|           8|          13|
    |add_ln928_48_fu_11771_p2     |     +    |      0|  0|  20|           8|          13|
    |add_ln928_49_fu_11918_p2     |     +    |      0|  0|  20|           8|          13|
    |add_ln928_4_fu_5303_p2       |     +    |      0|  0|  20|           4|          13|
    |add_ln928_50_fu_12065_p2     |     +    |      0|  0|  20|           8|          13|
    |add_ln928_51_fu_12212_p2     |     +    |      0|  0|  20|           8|          13|
    |add_ln928_52_fu_12359_p2     |     +    |      0|  0|  20|           8|          13|
    |add_ln928_53_fu_12506_p2     |     +    |      0|  0|  20|           8|          13|
    |add_ln928_54_fu_12653_p2     |     +    |      0|  0|  20|           8|          13|
    |add_ln928_55_fu_12800_p2     |     +    |      0|  0|  20|           8|          13|
    |add_ln928_56_fu_12947_p2     |     +    |      0|  0|  20|           8|          13|
    |add_ln928_57_fu_13094_p2     |     +    |      0|  0|  20|           8|          13|
    |add_ln928_58_fu_13241_p2     |     +    |      0|  0|  20|           8|          13|
    |add_ln928_59_fu_13388_p2     |     +    |      0|  0|  20|           8|          13|
    |add_ln928_5_fu_5450_p2       |     +    |      0|  0|  20|           5|          13|
    |add_ln928_60_fu_13535_p2     |     +    |      0|  0|  20|           8|          13|
    |add_ln928_61_fu_13682_p2     |     +    |      0|  0|  20|           8|          13|
    |add_ln928_62_fu_13829_p2     |     +    |      0|  0|  20|           8|          13|
    |add_ln928_63_fu_13948_p2     |     +    |      0|  0|  20|           8|          13|
    |add_ln928_6_fu_5597_p2       |     +    |      0|  0|  20|           5|          13|
    |add_ln928_7_fu_5744_p2       |     +    |      0|  0|  20|           5|          13|
    |add_ln928_8_fu_5891_p2       |     +    |      0|  0|  20|           5|          13|
    |add_ln928_9_fu_6038_p2       |     +    |      0|  0|  20|           5|          13|
    |add_ln928_fu_4715_p2         |     +    |      0|  0|  20|           2|          13|
    |ap_block_pp0_stage0_11001    |    and   |      0|  0|   2|           1|           1|
    |ap_block_pp0_stage0_subdone  |    or    |      0|  0|   2|           1|           1|
    |or_ln924_10_fu_6128_p2       |    or    |      0|  0|  11|          11|           6|
    |or_ln924_11_fu_6275_p2       |    or    |      0|  0|  11|          11|           6|
    |or_ln924_12_fu_6422_p2       |    or    |      0|  0|  11|          11|           6|
    |or_ln924_13_fu_6569_p2       |    or    |      0|  0|  11|          11|           6|
    |or_ln924_14_fu_6716_p2       |    or    |      0|  0|  11|          11|           6|
    |or_ln924_15_fu_6863_p2       |    or    |      0|  0|  11|          11|           7|
    |or_ln924_16_fu_7010_p2       |    or    |      0|  0|  11|          11|           7|
    |or_ln924_17_fu_7157_p2       |    or    |      0|  0|  11|          11|           7|
    |or_ln924_18_fu_7304_p2       |    or    |      0|  0|  11|          11|           7|
    |or_ln924_19_fu_7451_p2       |    or    |      0|  0|  11|          11|           7|
    |or_ln924_1_fu_4805_p2        |    or    |      0|  0|  11|          11|           4|
    |or_ln924_20_fu_7598_p2       |    or    |      0|  0|  11|          11|           7|
    |or_ln924_21_fu_7745_p2       |    or    |      0|  0|  11|          11|           7|
    |or_ln924_22_fu_7892_p2       |    or    |      0|  0|  11|          11|           7|
    |or_ln924_23_fu_8039_p2       |    or    |      0|  0|  11|          11|           7|
    |or_ln924_24_fu_8186_p2       |    or    |      0|  0|  11|          11|           7|
    |or_ln924_25_fu_8333_p2       |    or    |      0|  0|  11|          11|           7|
    |or_ln924_26_fu_8480_p2       |    or    |      0|  0|  11|          11|           7|
    |or_ln924_27_fu_8627_p2       |    or    |      0|  0|  11|          11|           7|
    |or_ln924_28_fu_8774_p2       |    or    |      0|  0|  11|          11|           7|
    |or_ln924_29_fu_8921_p2       |    or    |      0|  0|  11|          11|           7|
    |or_ln924_2_fu_4952_p2        |    or    |      0|  0|  11|          11|           4|
    |or_ln924_30_fu_9068_p2       |    or    |      0|  0|  11|          11|           7|
    |or_ln924_31_fu_9215_p2       |    or    |      0|  0|  11|          11|           8|
    |or_ln924_32_fu_9362_p2       |    or    |      0|  0|  11|          11|           8|
    |or_ln924_33_fu_9509_p2       |    or    |      0|  0|  11|          11|           8|
    |or_ln924_34_fu_9656_p2       |    or    |      0|  0|  11|          11|           8|
    |or_ln924_35_fu_9803_p2       |    or    |      0|  0|  11|          11|           8|
    |or_ln924_36_fu_9950_p2       |    or    |      0|  0|  11|          11|           8|
    |or_ln924_37_fu_10097_p2      |    or    |      0|  0|  11|          11|           8|
    |or_ln924_38_fu_10244_p2      |    or    |      0|  0|  11|          11|           8|
    |or_ln924_39_fu_10391_p2      |    or    |      0|  0|  11|          11|           8|
    |or_ln924_3_fu_5099_p2        |    or    |      0|  0|  11|          11|           5|
    |or_ln924_40_fu_10538_p2      |    or    |      0|  0|  11|          11|           8|
    |or_ln924_41_fu_10685_p2      |    or    |      0|  0|  11|          11|           8|
    |or_ln924_42_fu_10832_p2      |    or    |      0|  0|  11|          11|           8|
    |or_ln924_43_fu_10979_p2      |    or    |      0|  0|  11|          11|           8|
    |or_ln924_44_fu_11126_p2      |    or    |      0|  0|  11|          11|           8|
    |or_ln924_45_fu_11273_p2      |    or    |      0|  0|  11|          11|           8|
    |or_ln924_46_fu_11420_p2      |    or    |      0|  0|  11|          11|           8|
    |or_ln924_47_fu_11567_p2      |    or    |      0|  0|  11|          11|           8|
    |or_ln924_48_fu_11714_p2      |    or    |      0|  0|  11|          11|           8|
    |or_ln924_49_fu_11861_p2      |    or    |      0|  0|  11|          11|           8|
    |or_ln924_4_fu_5246_p2        |    or    |      0|  0|  11|          11|           5|
    |or_ln924_50_fu_12008_p2      |    or    |      0|  0|  11|          11|           8|
    |or_ln924_51_fu_12155_p2      |    or    |      0|  0|  11|          11|           8|
    |or_ln924_52_fu_12302_p2      |    or    |      0|  0|  11|          11|           8|
    |or_ln924_53_fu_12449_p2      |    or    |      0|  0|  11|          11|           8|
    |or_ln924_54_fu_12596_p2      |    or    |      0|  0|  11|          11|           8|
    |or_ln924_55_fu_12743_p2      |    or    |      0|  0|  11|          11|           8|
    |or_ln924_56_fu_12890_p2      |    or    |      0|  0|  11|          11|           8|
    |or_ln924_57_fu_13037_p2      |    or    |      0|  0|  11|          11|           8|
    |or_ln924_58_fu_13184_p2      |    or    |      0|  0|  11|          11|           8|
    |or_ln924_59_fu_13331_p2      |    or    |      0|  0|  11|          11|           8|
    |or_ln924_5_fu_5393_p2        |    or    |      0|  0|  11|          11|           5|
    |or_ln924_60_fu_13478_p2      |    or    |      0|  0|  11|          11|           8|
    |or_ln924_61_fu_13625_p2      |    or    |      0|  0|  11|          11|           8|
    |or_ln924_62_fu_13772_p2      |    or    |      0|  0|  11|          11|           8|
    |or_ln924_6_fu_5540_p2        |    or    |      0|  0|  11|          11|           5|
    |or_ln924_7_fu_5687_p2        |    or    |      0|  0|  11|          11|           6|
    |or_ln924_8_fu_5834_p2        |    or    |      0|  0|  11|          11|           6|
    |or_ln924_9_fu_5981_p2        |    or    |      0|  0|  11|          11|           6|
    |or_ln924_fu_4658_p2          |    or    |      0|  0|  11|          11|           3|
    |or_ln925_100_fu_9817_p2      |    or    |      0|  0|  11|          11|           8|
    |or_ln925_101_fu_9964_p2      |    or    |      0|  0|  11|          11|           8|
    |or_ln925_102_fu_10111_p2     |    or    |      0|  0|  11|          11|           8|
    |or_ln925_103_fu_10258_p2     |    or    |      0|  0|  11|          11|           8|
    |or_ln925_104_fu_10405_p2     |    or    |      0|  0|  11|          11|           8|
    |or_ln925_105_fu_10552_p2     |    or    |      0|  0|  11|          11|           8|
    |or_ln925_106_fu_10699_p2     |    or    |      0|  0|  11|          11|           8|
    |or_ln925_107_fu_10846_p2     |    or    |      0|  0|  11|          11|           8|
    |or_ln925_108_fu_10993_p2     |    or    |      0|  0|  11|          11|           8|
    |or_ln925_109_fu_11140_p2     |    or    |      0|  0|  11|          11|           8|
    |or_ln925_10_fu_6121_p2       |    or    |      0|  0|   8|           8|           8|
    |or_ln925_110_fu_11287_p2     |    or    |      0|  0|  11|          11|           8|
    |or_ln925_111_fu_11434_p2     |    or    |      0|  0|  11|          11|           8|
    |or_ln925_112_fu_11581_p2     |    or    |      0|  0|  11|          11|           8|
    |or_ln925_113_fu_11728_p2     |    or    |      0|  0|  11|          11|           8|
    |or_ln925_114_fu_11875_p2     |    or    |      0|  0|  11|          11|           8|
    |or_ln925_115_fu_12022_p2     |    or    |      0|  0|  11|          11|           8|
    |or_ln925_116_fu_12169_p2     |    or    |      0|  0|  11|          11|           8|
    |or_ln925_117_fu_12316_p2     |    or    |      0|  0|  11|          11|           8|
    |or_ln925_118_fu_12463_p2     |    or    |      0|  0|  11|          11|           8|
    |or_ln925_119_fu_12610_p2     |    or    |      0|  0|  11|          11|           8|
    |or_ln925_11_fu_6268_p2       |    or    |      0|  0|   8|           8|           8|
    |or_ln925_120_fu_12757_p2     |    or    |      0|  0|  11|          11|           8|
    |or_ln925_121_fu_12904_p2     |    or    |      0|  0|  11|          11|           8|
    |or_ln925_122_fu_13051_p2     |    or    |      0|  0|  11|          11|           8|
    |or_ln925_123_fu_13198_p2     |    or    |      0|  0|  11|          11|           8|
    |or_ln925_124_fu_13345_p2     |    or    |      0|  0|  11|          11|           8|
    |or_ln925_125_fu_13492_p2     |    or    |      0|  0|  11|          11|           8|
    |or_ln925_126_fu_13639_p2     |    or    |      0|  0|  11|          11|           8|
    |or_ln925_127_fu_13786_p2     |    or    |      0|  0|  11|          11|           8|
    |or_ln925_12_fu_6415_p2       |    or    |      0|  0|   8|           8|           8|
    |or_ln925_13_fu_6562_p2       |    or    |      0|  0|   8|           8|           8|
    |or_ln925_14_fu_6709_p2       |    or    |      0|  0|   8|           8|           8|
    |or_ln925_15_fu_6856_p2       |    or    |      0|  0|   8|           8|           8|
    |or_ln925_16_fu_7003_p2       |    or    |      0|  0|   8|           8|           8|
    |or_ln925_17_fu_7150_p2       |    or    |      0|  0|   8|           8|           8|
    |or_ln925_18_fu_7297_p2       |    or    |      0|  0|   8|           8|           8|
    |or_ln925_19_fu_7444_p2       |    or    |      0|  0|   8|           8|           8|
    |or_ln925_1_fu_4798_p2        |    or    |      0|  0|   8|           8|           8|
    |or_ln925_20_fu_7591_p2       |    or    |      0|  0|   8|           8|           8|
    |or_ln925_21_fu_7738_p2       |    or    |      0|  0|   8|           8|           8|
    |or_ln925_22_fu_7885_p2       |    or    |      0|  0|   8|           8|           8|
    |or_ln925_23_fu_8032_p2       |    or    |      0|  0|   8|           8|           8|
    |or_ln925_24_fu_8179_p2       |    or    |      0|  0|   8|           8|           8|
    |or_ln925_25_fu_8326_p2       |    or    |      0|  0|   8|           8|           8|
    |or_ln925_26_fu_8473_p2       |    or    |      0|  0|   8|           8|           8|
    |or_ln925_27_fu_8620_p2       |    or    |      0|  0|   8|           8|           8|
    |or_ln925_28_fu_8767_p2       |    or    |      0|  0|   8|           8|           8|
    |or_ln925_29_fu_8914_p2       |    or    |      0|  0|   8|           8|           8|
    |or_ln925_2_fu_4945_p2        |    or    |      0|  0|   8|           8|           8|
    |or_ln925_30_fu_9061_p2       |    or    |      0|  0|   8|           8|           8|
    |or_ln925_31_fu_9208_p2       |    or    |      0|  0|   8|           8|           8|
    |or_ln925_32_fu_9355_p2       |    or    |      0|  0|   8|           8|           8|
    |or_ln925_33_fu_9502_p2       |    or    |      0|  0|   8|           8|           8|
    |or_ln925_34_fu_9649_p2       |    or    |      0|  0|   8|           8|           8|
    |or_ln925_35_fu_9796_p2       |    or    |      0|  0|   8|           8|           8|
    |or_ln925_36_fu_9943_p2       |    or    |      0|  0|   8|           8|           8|
    |or_ln925_37_fu_10090_p2      |    or    |      0|  0|   8|           8|           8|
    |or_ln925_38_fu_10237_p2      |    or    |      0|  0|   8|           8|           8|
    |or_ln925_39_fu_10384_p2      |    or    |      0|  0|   8|           8|           8|
    |or_ln925_3_fu_5092_p2        |    or    |      0|  0|   8|           8|           8|
    |or_ln925_40_fu_10531_p2      |    or    |      0|  0|   8|           8|           8|
    |or_ln925_41_fu_10678_p2      |    or    |      0|  0|   8|           8|           8|
    |or_ln925_42_fu_10825_p2      |    or    |      0|  0|   8|           8|           8|
    |or_ln925_43_fu_10972_p2      |    or    |      0|  0|   8|           8|           8|
    |or_ln925_44_fu_11119_p2      |    or    |      0|  0|   8|           8|           8|
    |or_ln925_45_fu_11266_p2      |    or    |      0|  0|   8|           8|           8|
    |or_ln925_46_fu_11413_p2      |    or    |      0|  0|   8|           8|           8|
    |or_ln925_47_fu_11560_p2      |    or    |      0|  0|   8|           8|           8|
    |or_ln925_48_fu_11707_p2      |    or    |      0|  0|   8|           8|           8|
    |or_ln925_49_fu_11854_p2      |    or    |      0|  0|   8|           8|           8|
    |or_ln925_4_fu_5239_p2        |    or    |      0|  0|   8|           8|           8|
    |or_ln925_50_fu_12001_p2      |    or    |      0|  0|   8|           8|           8|
    |or_ln925_51_fu_12148_p2      |    or    |      0|  0|   8|           8|           8|
    |or_ln925_52_fu_12295_p2      |    or    |      0|  0|   8|           8|           8|
    |or_ln925_53_fu_12442_p2      |    or    |      0|  0|   8|           8|           8|
    |or_ln925_54_fu_12589_p2      |    or    |      0|  0|   8|           8|           8|
    |or_ln925_55_fu_12736_p2      |    or    |      0|  0|   8|           8|           8|
    |or_ln925_56_fu_12883_p2      |    or    |      0|  0|   8|           8|           8|
    |or_ln925_57_fu_13030_p2      |    or    |      0|  0|   8|           8|           8|
    |or_ln925_58_fu_13177_p2      |    or    |      0|  0|   8|           8|           8|
    |or_ln925_59_fu_13324_p2      |    or    |      0|  0|   8|           8|           8|
    |or_ln925_5_fu_5386_p2        |    or    |      0|  0|   8|           8|           8|
    |or_ln925_60_fu_13471_p2      |    or    |      0|  0|   8|           8|           8|
    |or_ln925_61_fu_13618_p2      |    or    |      0|  0|   8|           8|           8|
    |or_ln925_62_fu_13765_p2      |    or    |      0|  0|   8|           8|           8|
    |or_ln925_63_fu_13912_p2      |    or    |      0|  0|   8|           8|           8|
    |or_ln925_64_fu_4588_p2       |    or    |      0|  0|  11|          11|           1|
    |or_ln925_65_fu_4672_p2       |    or    |      0|  0|  11|          11|           3|
    |or_ln925_66_fu_4819_p2       |    or    |      0|  0|  11|          11|           4|
    |or_ln925_67_fu_4966_p2       |    or    |      0|  0|  11|          11|           4|
    |or_ln925_68_fu_5113_p2       |    or    |      0|  0|  11|          11|           5|
    |or_ln925_69_fu_5260_p2       |    or    |      0|  0|  11|          11|           5|
    |or_ln925_6_fu_5533_p2        |    or    |      0|  0|   8|           8|           8|
    |or_ln925_70_fu_5407_p2       |    or    |      0|  0|  11|          11|           5|
    |or_ln925_71_fu_5554_p2       |    or    |      0|  0|  11|          11|           5|
    |or_ln925_72_fu_5701_p2       |    or    |      0|  0|  11|          11|           6|
    |or_ln925_73_fu_5848_p2       |    or    |      0|  0|  11|          11|           6|
    |or_ln925_74_fu_5995_p2       |    or    |      0|  0|  11|          11|           6|
    |or_ln925_75_fu_6142_p2       |    or    |      0|  0|  11|          11|           6|
    |or_ln925_76_fu_6289_p2       |    or    |      0|  0|  11|          11|           6|
    |or_ln925_77_fu_6436_p2       |    or    |      0|  0|  11|          11|           6|
    |or_ln925_78_fu_6583_p2       |    or    |      0|  0|  11|          11|           6|
    |or_ln925_79_fu_6730_p2       |    or    |      0|  0|  11|          11|           6|
    |or_ln925_7_fu_5680_p2        |    or    |      0|  0|   8|           8|           8|
    |or_ln925_80_fu_6877_p2       |    or    |      0|  0|  11|          11|           7|
    |or_ln925_81_fu_7024_p2       |    or    |      0|  0|  11|          11|           7|
    |or_ln925_82_fu_7171_p2       |    or    |      0|  0|  11|          11|           7|
    |or_ln925_83_fu_7318_p2       |    or    |      0|  0|  11|          11|           7|
    |or_ln925_84_fu_7465_p2       |    or    |      0|  0|  11|          11|           7|
    |or_ln925_85_fu_7612_p2       |    or    |      0|  0|  11|          11|           7|
    |or_ln925_86_fu_7759_p2       |    or    |      0|  0|  11|          11|           7|
    |or_ln925_87_fu_7906_p2       |    or    |      0|  0|  11|          11|           7|
    |or_ln925_88_fu_8053_p2       |    or    |      0|  0|  11|          11|           7|
    |or_ln925_89_fu_8200_p2       |    or    |      0|  0|  11|          11|           7|
    |or_ln925_8_fu_5827_p2        |    or    |      0|  0|   8|           8|           8|
    |or_ln925_90_fu_8347_p2       |    or    |      0|  0|  11|          11|           7|
    |or_ln925_91_fu_8494_p2       |    or    |      0|  0|  11|          11|           7|
    |or_ln925_92_fu_8641_p2       |    or    |      0|  0|  11|          11|           7|
    |or_ln925_93_fu_8788_p2       |    or    |      0|  0|  11|          11|           7|
    |or_ln925_94_fu_8935_p2       |    or    |      0|  0|  11|          11|           7|
    |or_ln925_95_fu_9082_p2       |    or    |      0|  0|  11|          11|           7|
    |or_ln925_96_fu_9229_p2       |    or    |      0|  0|  11|          11|           8|
    |or_ln925_97_fu_9376_p2       |    or    |      0|  0|  11|          11|           8|
    |or_ln925_98_fu_9523_p2       |    or    |      0|  0|  11|          11|           8|
    |or_ln925_99_fu_9670_p2       |    or    |      0|  0|  11|          11|           8|
    |or_ln925_9_fu_5974_p2        |    or    |      0|  0|   8|           8|           8|
    |or_ln925_fu_4647_p2          |    or    |      0|  0|   8|           8|           8|
    |or_ln927_100_fu_9889_p2      |    or    |      0|  0|  11|          11|           8|
    |or_ln927_101_fu_10036_p2     |    or    |      0|  0|  11|          11|           8|
    |or_ln927_102_fu_10183_p2     |    or    |      0|  0|  11|          11|           8|
    |or_ln927_103_fu_10330_p2     |    or    |      0|  0|  11|          11|           8|
    |or_ln927_104_fu_10477_p2     |    or    |      0|  0|  11|          11|           8|
    |or_ln927_105_fu_10624_p2     |    or    |      0|  0|  11|          11|           8|
    |or_ln927_106_fu_10771_p2     |    or    |      0|  0|  11|          11|           8|
    |or_ln927_107_fu_10918_p2     |    or    |      0|  0|  11|          11|           8|
    |or_ln927_108_fu_11065_p2     |    or    |      0|  0|  11|          11|           8|
    |or_ln927_109_fu_11212_p2     |    or    |      0|  0|  11|          11|           8|
    |or_ln927_10_fu_6178_p2       |    or    |      0|  0|   8|           8|           8|
    |or_ln927_110_fu_11359_p2     |    or    |      0|  0|  11|          11|           8|
    |or_ln927_111_fu_11506_p2     |    or    |      0|  0|  11|          11|           8|
    |or_ln927_112_fu_11653_p2     |    or    |      0|  0|  11|          11|           8|
    |or_ln927_113_fu_11800_p2     |    or    |      0|  0|  11|          11|           8|
    |or_ln927_114_fu_11947_p2     |    or    |      0|  0|  11|          11|           8|
    |or_ln927_115_fu_12094_p2     |    or    |      0|  0|  11|          11|           8|
    |or_ln927_116_fu_12241_p2     |    or    |      0|  0|  11|          11|           8|
    |or_ln927_117_fu_12388_p2     |    or    |      0|  0|  11|          11|           8|
    |or_ln927_118_fu_12535_p2     |    or    |      0|  0|  11|          11|           8|
    |or_ln927_119_fu_12682_p2     |    or    |      0|  0|  11|          11|           8|
    |or_ln927_11_fu_6325_p2       |    or    |      0|  0|   8|           8|           8|
    |or_ln927_120_fu_12829_p2     |    or    |      0|  0|  11|          11|           8|
    |or_ln927_121_fu_12976_p2     |    or    |      0|  0|  11|          11|           8|
    |or_ln927_122_fu_13123_p2     |    or    |      0|  0|  11|          11|           8|
    |or_ln927_123_fu_13270_p2     |    or    |      0|  0|  11|          11|           8|
    |or_ln927_124_fu_13417_p2     |    or    |      0|  0|  11|          11|           8|
    |or_ln927_125_fu_13564_p2     |    or    |      0|  0|  11|          11|           8|
    |or_ln927_126_fu_13711_p2     |    or    |      0|  0|  11|          11|           8|
    |or_ln927_127_fu_13858_p2     |    or    |      0|  0|  11|          11|           8|
    |or_ln927_12_fu_6472_p2       |    or    |      0|  0|   8|           8|           8|
    |or_ln927_13_fu_6619_p2       |    or    |      0|  0|   8|           8|           8|
    |or_ln927_14_fu_6766_p2       |    or    |      0|  0|   8|           8|           8|
    |or_ln927_15_fu_6913_p2       |    or    |      0|  0|   8|           8|           8|
    |or_ln927_16_fu_7060_p2       |    or    |      0|  0|   8|           8|           8|
    |or_ln927_17_fu_7207_p2       |    or    |      0|  0|   8|           8|           8|
    |or_ln927_18_fu_7354_p2       |    or    |      0|  0|   8|           8|           8|
    |or_ln927_19_fu_7501_p2       |    or    |      0|  0|   8|           8|           8|
    |or_ln927_1_fu_4855_p2        |    or    |      0|  0|   8|           8|           8|
    |or_ln927_20_fu_7648_p2       |    or    |      0|  0|   8|           8|           8|
    |or_ln927_21_fu_7795_p2       |    or    |      0|  0|   8|           8|           8|
    |or_ln927_22_fu_7942_p2       |    or    |      0|  0|   8|           8|           8|
    |or_ln927_23_fu_8089_p2       |    or    |      0|  0|   8|           8|           8|
    |or_ln927_24_fu_8236_p2       |    or    |      0|  0|   8|           8|           8|
    |or_ln927_25_fu_8383_p2       |    or    |      0|  0|   8|           8|           8|
    |or_ln927_26_fu_8530_p2       |    or    |      0|  0|   8|           8|           8|
    |or_ln927_27_fu_8677_p2       |    or    |      0|  0|   8|           8|           8|
    |or_ln927_28_fu_8824_p2       |    or    |      0|  0|   8|           8|           8|
    |or_ln927_29_fu_8971_p2       |    or    |      0|  0|   8|           8|           8|
    |or_ln927_2_fu_5002_p2        |    or    |      0|  0|   8|           8|           8|
    |or_ln927_30_fu_9118_p2       |    or    |      0|  0|   8|           8|           8|
    |or_ln927_31_fu_9265_p2       |    or    |      0|  0|   8|           8|           8|
    |or_ln927_32_fu_9412_p2       |    or    |      0|  0|   8|           8|           8|
    |or_ln927_33_fu_9559_p2       |    or    |      0|  0|   8|           8|           8|
    |or_ln927_34_fu_9706_p2       |    or    |      0|  0|   8|           8|           8|
    |or_ln927_35_fu_9853_p2       |    or    |      0|  0|   8|           8|           8|
    |or_ln927_36_fu_10000_p2      |    or    |      0|  0|   8|           8|           8|
    |or_ln927_37_fu_10147_p2      |    or    |      0|  0|   8|           8|           8|
    |or_ln927_38_fu_10294_p2      |    or    |      0|  0|   8|           8|           8|
    |or_ln927_39_fu_10441_p2      |    or    |      0|  0|   8|           8|           8|
    |or_ln927_3_fu_5149_p2        |    or    |      0|  0|   8|           8|           8|
    |or_ln927_40_fu_10588_p2      |    or    |      0|  0|   8|           8|           8|
    |or_ln927_41_fu_10735_p2      |    or    |      0|  0|   8|           8|           8|
    |or_ln927_42_fu_10882_p2      |    or    |      0|  0|   8|           8|           8|
    |or_ln927_43_fu_11029_p2      |    or    |      0|  0|   8|           8|           8|
    |or_ln927_44_fu_11176_p2      |    or    |      0|  0|   8|           8|           8|
    |or_ln927_45_fu_11323_p2      |    or    |      0|  0|   8|           8|           8|
    |or_ln927_46_fu_11470_p2      |    or    |      0|  0|   8|           8|           8|
    |or_ln927_47_fu_11617_p2      |    or    |      0|  0|   8|           8|           8|
    |or_ln927_48_fu_11764_p2      |    or    |      0|  0|   8|           8|           8|
    |or_ln927_49_fu_11911_p2      |    or    |      0|  0|   8|           8|           8|
    |or_ln927_4_fu_5296_p2        |    or    |      0|  0|   8|           8|           8|
    |or_ln927_50_fu_12058_p2      |    or    |      0|  0|   8|           8|           8|
    |or_ln927_51_fu_12205_p2      |    or    |      0|  0|   8|           8|           8|
    |or_ln927_52_fu_12352_p2      |    or    |      0|  0|   8|           8|           8|
    |or_ln927_53_fu_12499_p2      |    or    |      0|  0|   8|           8|           8|
    |or_ln927_54_fu_12646_p2      |    or    |      0|  0|   8|           8|           8|
    |or_ln927_55_fu_12793_p2      |    or    |      0|  0|   8|           8|           8|
    |or_ln927_56_fu_12940_p2      |    or    |      0|  0|   8|           8|           8|
    |or_ln927_57_fu_13087_p2      |    or    |      0|  0|   8|           8|           8|
    |or_ln927_58_fu_13234_p2      |    or    |      0|  0|   8|           8|           8|
    |or_ln927_59_fu_13381_p2      |    or    |      0|  0|   8|           8|           8|
    |or_ln927_5_fu_5443_p2        |    or    |      0|  0|   8|           8|           8|
    |or_ln927_60_fu_13528_p2      |    or    |      0|  0|   8|           8|           8|
    |or_ln927_61_fu_13675_p2      |    or    |      0|  0|   8|           8|           8|
    |or_ln927_62_fu_13822_p2      |    or    |      0|  0|   8|           8|           8|
    |or_ln927_63_fu_13941_p2      |    or    |      0|  0|   8|           8|           8|
    |or_ln927_64_fu_4603_p2       |    or    |      0|  0|  11|          11|           2|
    |or_ln927_65_fu_4744_p2       |    or    |      0|  0|  11|          11|           3|
    |or_ln927_66_fu_4891_p2       |    or    |      0|  0|  11|          11|           4|
    |or_ln927_67_fu_5038_p2       |    or    |      0|  0|  11|          11|           4|
    |or_ln927_68_fu_5185_p2       |    or    |      0|  0|  11|          11|           5|
    |or_ln927_69_fu_5332_p2       |    or    |      0|  0|  11|          11|           5|
    |or_ln927_6_fu_5590_p2        |    or    |      0|  0|   8|           8|           8|
    |or_ln927_70_fu_5479_p2       |    or    |      0|  0|  11|          11|           5|
    |or_ln927_71_fu_5626_p2       |    or    |      0|  0|  11|          11|           5|
    |or_ln927_72_fu_5773_p2       |    or    |      0|  0|  11|          11|           6|
    |or_ln927_73_fu_5920_p2       |    or    |      0|  0|  11|          11|           6|
    |or_ln927_74_fu_6067_p2       |    or    |      0|  0|  11|          11|           6|
    |or_ln927_75_fu_6214_p2       |    or    |      0|  0|  11|          11|           6|
    |or_ln927_76_fu_6361_p2       |    or    |      0|  0|  11|          11|           6|
    |or_ln927_77_fu_6508_p2       |    or    |      0|  0|  11|          11|           6|
    |or_ln927_78_fu_6655_p2       |    or    |      0|  0|  11|          11|           6|
    |or_ln927_79_fu_6802_p2       |    or    |      0|  0|  11|          11|           6|
    |or_ln927_7_fu_5737_p2        |    or    |      0|  0|   8|           8|           8|
    |or_ln927_80_fu_6949_p2       |    or    |      0|  0|  11|          11|           7|
    |or_ln927_81_fu_7096_p2       |    or    |      0|  0|  11|          11|           7|
    |or_ln927_82_fu_7243_p2       |    or    |      0|  0|  11|          11|           7|
    |or_ln927_83_fu_7390_p2       |    or    |      0|  0|  11|          11|           7|
    |or_ln927_84_fu_7537_p2       |    or    |      0|  0|  11|          11|           7|
    |or_ln927_85_fu_7684_p2       |    or    |      0|  0|  11|          11|           7|
    |or_ln927_86_fu_7831_p2       |    or    |      0|  0|  11|          11|           7|
    |or_ln927_87_fu_7978_p2       |    or    |      0|  0|  11|          11|           7|
    |or_ln927_88_fu_8125_p2       |    or    |      0|  0|  11|          11|           7|
    |or_ln927_89_fu_8272_p2       |    or    |      0|  0|  11|          11|           7|
    |or_ln927_8_fu_5884_p2        |    or    |      0|  0|   8|           8|           8|
    |or_ln927_90_fu_8419_p2       |    or    |      0|  0|  11|          11|           7|
    |or_ln927_91_fu_8566_p2       |    or    |      0|  0|  11|          11|           7|
    |or_ln927_92_fu_8713_p2       |    or    |      0|  0|  11|          11|           7|
    |or_ln927_93_fu_8860_p2       |    or    |      0|  0|  11|          11|           7|
    |or_ln927_94_fu_9007_p2       |    or    |      0|  0|  11|          11|           7|
    |or_ln927_95_fu_9154_p2       |    or    |      0|  0|  11|          11|           7|
    |or_ln927_96_fu_9301_p2       |    or    |      0|  0|  11|          11|           8|
    |or_ln927_97_fu_9448_p2       |    or    |      0|  0|  11|          11|           8|
    |or_ln927_98_fu_9595_p2       |    or    |      0|  0|  11|          11|           8|
    |or_ln927_99_fu_9742_p2       |    or    |      0|  0|  11|          11|           8|
    |or_ln927_9_fu_6031_p2        |    or    |      0|  0|   8|           8|           8|
    |or_ln927_fu_4708_p2          |    or    |      0|  0|   8|           8|           8|
    |or_ln929_100_fu_9903_p2      |    or    |      0|  0|  11|          11|           8|
    |or_ln929_101_fu_10050_p2     |    or    |      0|  0|  11|          11|           8|
    |or_ln929_102_fu_10197_p2     |    or    |      0|  0|  11|          11|           8|
    |or_ln929_103_fu_10344_p2     |    or    |      0|  0|  11|          11|           8|
    |or_ln929_104_fu_10491_p2     |    or    |      0|  0|  11|          11|           8|
    |or_ln929_105_fu_10638_p2     |    or    |      0|  0|  11|          11|           8|
    |or_ln929_106_fu_10785_p2     |    or    |      0|  0|  11|          11|           8|
    |or_ln929_107_fu_10932_p2     |    or    |      0|  0|  11|          11|           8|
    |or_ln929_108_fu_11079_p2     |    or    |      0|  0|  11|          11|           8|
    |or_ln929_109_fu_11226_p2     |    or    |      0|  0|  11|          11|           8|
    |or_ln929_10_fu_6207_p2       |    or    |      0|  0|   8|           8|           8|
    |or_ln929_110_fu_11373_p2     |    or    |      0|  0|  11|          11|           8|
    |or_ln929_111_fu_11520_p2     |    or    |      0|  0|  11|          11|           8|
    |or_ln929_112_fu_11667_p2     |    or    |      0|  0|  11|          11|           8|
    |or_ln929_113_fu_11814_p2     |    or    |      0|  0|  11|          11|           8|
    |or_ln929_114_fu_11961_p2     |    or    |      0|  0|  11|          11|           8|
    |or_ln929_115_fu_12108_p2     |    or    |      0|  0|  11|          11|           8|
    |or_ln929_116_fu_12255_p2     |    or    |      0|  0|  11|          11|           8|
    |or_ln929_117_fu_12402_p2     |    or    |      0|  0|  11|          11|           8|
    |or_ln929_118_fu_12549_p2     |    or    |      0|  0|  11|          11|           8|
    |or_ln929_119_fu_12696_p2     |    or    |      0|  0|  11|          11|           8|
    |or_ln929_11_fu_6354_p2       |    or    |      0|  0|   8|           8|           8|
    |or_ln929_120_fu_12843_p2     |    or    |      0|  0|  11|          11|           8|
    |or_ln929_121_fu_12990_p2     |    or    |      0|  0|  11|          11|           8|
    |or_ln929_122_fu_13137_p2     |    or    |      0|  0|  11|          11|           8|
    |or_ln929_123_fu_13284_p2     |    or    |      0|  0|  11|          11|           8|
    |or_ln929_124_fu_13431_p2     |    or    |      0|  0|  11|          11|           8|
    |or_ln929_125_fu_13578_p2     |    or    |      0|  0|  11|          11|           8|
    |or_ln929_126_fu_13725_p2     |    or    |      0|  0|  11|          11|           8|
    |or_ln929_127_fu_13872_p2     |    or    |      0|  0|  11|          11|           8|
    |or_ln929_12_fu_6501_p2       |    or    |      0|  0|   8|           8|           8|
    |or_ln929_13_fu_6648_p2       |    or    |      0|  0|   8|           8|           8|
    |or_ln929_14_fu_6795_p2       |    or    |      0|  0|   8|           8|           8|
    |or_ln929_15_fu_6942_p2       |    or    |      0|  0|   8|           8|           8|
    |or_ln929_16_fu_7089_p2       |    or    |      0|  0|   8|           8|           8|
    |or_ln929_17_fu_7236_p2       |    or    |      0|  0|   8|           8|           8|
    |or_ln929_18_fu_7383_p2       |    or    |      0|  0|   8|           8|           8|
    |or_ln929_19_fu_7530_p2       |    or    |      0|  0|   8|           8|           8|
    |or_ln929_1_fu_4884_p2        |    or    |      0|  0|   8|           8|           8|
    |or_ln929_20_fu_7677_p2       |    or    |      0|  0|   8|           8|           8|
    |or_ln929_21_fu_7824_p2       |    or    |      0|  0|   8|           8|           8|
    |or_ln929_22_fu_7971_p2       |    or    |      0|  0|   8|           8|           8|
    |or_ln929_23_fu_8118_p2       |    or    |      0|  0|   8|           8|           8|
    |or_ln929_24_fu_8265_p2       |    or    |      0|  0|   8|           8|           8|
    |or_ln929_25_fu_8412_p2       |    or    |      0|  0|   8|           8|           8|
    |or_ln929_26_fu_8559_p2       |    or    |      0|  0|   8|           8|           8|
    |or_ln929_27_fu_8706_p2       |    or    |      0|  0|   8|           8|           8|
    |or_ln929_28_fu_8853_p2       |    or    |      0|  0|   8|           8|           8|
    |or_ln929_29_fu_9000_p2       |    or    |      0|  0|   8|           8|           8|
    |or_ln929_2_fu_5031_p2        |    or    |      0|  0|   8|           8|           8|
    |or_ln929_30_fu_9147_p2       |    or    |      0|  0|   8|           8|           8|
    |or_ln929_31_fu_9294_p2       |    or    |      0|  0|   8|           8|           8|
    |or_ln929_32_fu_9441_p2       |    or    |      0|  0|   8|           8|           8|
    |or_ln929_33_fu_9588_p2       |    or    |      0|  0|   8|           8|           8|
    |or_ln929_34_fu_9735_p2       |    or    |      0|  0|   8|           8|           8|
    |or_ln929_35_fu_9882_p2       |    or    |      0|  0|   8|           8|           8|
    |or_ln929_36_fu_10029_p2      |    or    |      0|  0|   8|           8|           8|
    |or_ln929_37_fu_10176_p2      |    or    |      0|  0|   8|           8|           8|
    |or_ln929_38_fu_10323_p2      |    or    |      0|  0|   8|           8|           8|
    |or_ln929_39_fu_10470_p2      |    or    |      0|  0|   8|           8|           8|
    |or_ln929_3_fu_5178_p2        |    or    |      0|  0|   8|           8|           8|
    |or_ln929_40_fu_10617_p2      |    or    |      0|  0|   8|           8|           8|
    |or_ln929_41_fu_10764_p2      |    or    |      0|  0|   8|           8|           8|
    |or_ln929_42_fu_10911_p2      |    or    |      0|  0|   8|           8|           8|
    |or_ln929_43_fu_11058_p2      |    or    |      0|  0|   8|           8|           8|
    |or_ln929_44_fu_11205_p2      |    or    |      0|  0|   8|           8|           8|
    |or_ln929_45_fu_11352_p2      |    or    |      0|  0|   8|           8|           8|
    |or_ln929_46_fu_11499_p2      |    or    |      0|  0|   8|           8|           8|
    |or_ln929_47_fu_11646_p2      |    or    |      0|  0|   8|           8|           8|
    |or_ln929_48_fu_11793_p2      |    or    |      0|  0|   8|           8|           8|
    |or_ln929_49_fu_11940_p2      |    or    |      0|  0|   8|           8|           8|
    |or_ln929_4_fu_5325_p2        |    or    |      0|  0|   8|           8|           8|
    |or_ln929_50_fu_12087_p2      |    or    |      0|  0|   8|           8|           8|
    |or_ln929_51_fu_12234_p2      |    or    |      0|  0|   8|           8|           8|
    |or_ln929_52_fu_12381_p2      |    or    |      0|  0|   8|           8|           8|
    |or_ln929_53_fu_12528_p2      |    or    |      0|  0|   8|           8|           8|
    |or_ln929_54_fu_12675_p2      |    or    |      0|  0|   8|           8|           8|
    |or_ln929_55_fu_12822_p2      |    or    |      0|  0|   8|           8|           8|
    |or_ln929_56_fu_12969_p2      |    or    |      0|  0|   8|           8|           8|
    |or_ln929_57_fu_13116_p2      |    or    |      0|  0|   8|           8|           8|
    |or_ln929_58_fu_13263_p2      |    or    |      0|  0|   8|           8|           8|
    |or_ln929_59_fu_13410_p2      |    or    |      0|  0|   8|           8|           8|
    |or_ln929_5_fu_5472_p2        |    or    |      0|  0|   8|           8|           8|
    |or_ln929_60_fu_13557_p2      |    or    |      0|  0|   8|           8|           8|
    |or_ln929_61_fu_13704_p2      |    or    |      0|  0|   8|           8|           8|
    |or_ln929_62_fu_13851_p2      |    or    |      0|  0|   8|           8|           8|
    |or_ln929_63_fu_13970_p2      |    or    |      0|  0|   8|           8|           8|
    |or_ln929_64_fu_4617_p2       |    or    |      0|  0|  11|          11|           2|
    |or_ln929_65_fu_4758_p2       |    or    |      0|  0|  11|          11|           3|
    |or_ln929_66_fu_4905_p2       |    or    |      0|  0|  11|          11|           4|
    |or_ln929_67_fu_5052_p2       |    or    |      0|  0|  11|          11|           4|
    |or_ln929_68_fu_5199_p2       |    or    |      0|  0|  11|          11|           5|
    |or_ln929_69_fu_5346_p2       |    or    |      0|  0|  11|          11|           5|
    |or_ln929_6_fu_5619_p2        |    or    |      0|  0|   8|           8|           8|
    |or_ln929_70_fu_5493_p2       |    or    |      0|  0|  11|          11|           5|
    |or_ln929_71_fu_5640_p2       |    or    |      0|  0|  11|          11|           5|
    |or_ln929_72_fu_5787_p2       |    or    |      0|  0|  11|          11|           6|
    |or_ln929_73_fu_5934_p2       |    or    |      0|  0|  11|          11|           6|
    |or_ln929_74_fu_6081_p2       |    or    |      0|  0|  11|          11|           6|
    |or_ln929_75_fu_6228_p2       |    or    |      0|  0|  11|          11|           6|
    |or_ln929_76_fu_6375_p2       |    or    |      0|  0|  11|          11|           6|
    |or_ln929_77_fu_6522_p2       |    or    |      0|  0|  11|          11|           6|
    |or_ln929_78_fu_6669_p2       |    or    |      0|  0|  11|          11|           6|
    |or_ln929_79_fu_6816_p2       |    or    |      0|  0|  11|          11|           6|
    |or_ln929_7_fu_5766_p2        |    or    |      0|  0|   8|           8|           8|
    |or_ln929_80_fu_6963_p2       |    or    |      0|  0|  11|          11|           7|
    |or_ln929_81_fu_7110_p2       |    or    |      0|  0|  11|          11|           7|
    |or_ln929_82_fu_7257_p2       |    or    |      0|  0|  11|          11|           7|
    |or_ln929_83_fu_7404_p2       |    or    |      0|  0|  11|          11|           7|
    |or_ln929_84_fu_7551_p2       |    or    |      0|  0|  11|          11|           7|
    |or_ln929_85_fu_7698_p2       |    or    |      0|  0|  11|          11|           7|
    |or_ln929_86_fu_7845_p2       |    or    |      0|  0|  11|          11|           7|
    |or_ln929_87_fu_7992_p2       |    or    |      0|  0|  11|          11|           7|
    |or_ln929_88_fu_8139_p2       |    or    |      0|  0|  11|          11|           7|
    |or_ln929_89_fu_8286_p2       |    or    |      0|  0|  11|          11|           7|
    |or_ln929_8_fu_5913_p2        |    or    |      0|  0|   8|           8|           8|
    |or_ln929_90_fu_8433_p2       |    or    |      0|  0|  11|          11|           7|
    |or_ln929_91_fu_8580_p2       |    or    |      0|  0|  11|          11|           7|
    |or_ln929_92_fu_8727_p2       |    or    |      0|  0|  11|          11|           7|
    |or_ln929_93_fu_8874_p2       |    or    |      0|  0|  11|          11|           7|
    |or_ln929_94_fu_9021_p2       |    or    |      0|  0|  11|          11|           7|
    |or_ln929_95_fu_9168_p2       |    or    |      0|  0|  11|          11|           7|
    |or_ln929_96_fu_9315_p2       |    or    |      0|  0|  11|          11|           8|
    |or_ln929_97_fu_9462_p2       |    or    |      0|  0|  11|          11|           8|
    |or_ln929_98_fu_9609_p2       |    or    |      0|  0|  11|          11|           8|
    |or_ln929_99_fu_9756_p2       |    or    |      0|  0|  11|          11|           8|
    |or_ln929_9_fu_6060_p2        |    or    |      0|  0|   8|           8|           8|
    |or_ln929_fu_4737_p2          |    or    |      0|  0|   8|           8|           8|
    |ap_enable_pp0                |    xor   |      0|  0|   2|           1|           2|
    +-----------------------------+----------+-------+---+----+------------+------------+
    |Total                        |          |      0|  0|8167|        5625|        5816|
    +-----------------------------+----------+-------+---+----+------------+------------+

    * Multiplexer: 
    +-------------------------+-----+-----------+-----+-----------+
    |           Name          | LUT | Input Size| Bits| Total Bits|
    +-------------------------+-----+-----------+-----+-----------+
    |a_coeffs_address0        |  581|        129|   10|       1290|
    |a_coeffs_address1        |  581|        129|   10|       1290|
    |ap_NS_fsm                |  581|        129|    1|        129|
    |ap_enable_reg_pp0_iter0  |    9|          2|    1|          2|
    |ap_enable_reg_pp0_iter1  |    9|          2|    1|          2|
    |r_address0               |  429|         97|   13|       1261|
    |r_address1               |  429|         97|   13|       1261|
    |r_d0                     |  429|         97|    8|        776|
    |r_d1                     |  429|         97|    8|        776|
    +-------------------------+-----+-----------+-----+-----------+
    |Total                    | 3477|        779|   65|       6787|
    +-------------------------+-----+-----------+-----+-----------+

    * Register: 
    +-----------------------------+-----+----+-----+-----------+
    |             Name            |  FF | LUT| Bits| Const Bits|
    +-----------------------------+-----+----+-----+-----------+
    |ap_CS_fsm                    |  128|   0|  128|          0|
    |ap_enable_reg_pp0_iter0_reg  |    1|   0|    1|          0|
    |ap_enable_reg_pp0_iter1      |    1|   0|    1|          0|
    |ap_port_reg_r_offset         |   64|   0|   64|          0|
    |reg_4571                     |    8|   0|    8|          0|
    |tmp_reg_13977                |    3|   0|   11|          8|
    |trunc_ln926_reg_14255        |   13|   0|   13|          0|
    +-----------------------------+-----+----+-----+-----------+
    |Total                        |  218|   0|  226|          8|
    +-----------------------------+-----+----+-----+-----------+



================================================================
== Interface
================================================================
* Summary: 
+-------------------+-----+-----+------------+-----------------+--------------+
|     RTL Ports     | Dir | Bits|  Protocol  |  Source Object  |    C Type    |
+-------------------+-----+-----+------------+-----------------+--------------+
|ap_clk             |  in |    1| ap_ctrl_hs |   polyw1_pack   | return value |
|ap_rst             |  in |    1| ap_ctrl_hs |   polyw1_pack   | return value |
|ap_start           |  in |    1| ap_ctrl_hs |   polyw1_pack   | return value |
|ap_done            | out |    1| ap_ctrl_hs |   polyw1_pack   | return value |
|ap_idle            | out |    1| ap_ctrl_hs |   polyw1_pack   | return value |
|ap_ready           | out |    1| ap_ctrl_hs |   polyw1_pack   | return value |
|ap_ce              |  in |    1| ap_ctrl_hs |   polyw1_pack   | return value |
|r_address0         | out |   13|  ap_memory |        r        |     array    |
|r_ce0              | out |    1|  ap_memory |        r        |     array    |
|r_we0              | out |    1|  ap_memory |        r        |     array    |
|r_d0               | out |    8|  ap_memory |        r        |     array    |
|r_address1         | out |   13|  ap_memory |        r        |     array    |
|r_ce1              | out |    1|  ap_memory |        r        |     array    |
|r_we1              | out |    1|  ap_memory |        r        |     array    |
|r_d1               | out |    8|  ap_memory |        r        |     array    |
|r_offset           |  in |   64|   ap_none  |     r_offset    |    scalar    |
|a_coeffs_address0  | out |   10|  ap_memory |     a_coeffs    |     array    |
|a_coeffs_ce0       | out |    1|  ap_memory |     a_coeffs    |     array    |
|a_coeffs_q0        |  in |   32|  ap_memory |     a_coeffs    |     array    |
|a_coeffs_address1  | out |   10|  ap_memory |     a_coeffs    |     array    |
|a_coeffs_ce1       | out |    1|  ap_memory |     a_coeffs    |     array    |
|a_coeffs_q1        |  in |   32|  ap_memory |     a_coeffs    |     array    |
|a_coeffs_offset    |  in |    3|   ap_none  | a_coeffs_offset |    scalar    |
+-------------------+-----+-----+------------+-----------------+--------------+

