

================================================================
== Vivado HLS Report for 'pqcrystals_dilithium_17'
================================================================
* Date:           Sat Apr  8 18:40:29 2023

* Version:        2019.2 (Build 2704478 on Wed Nov 06 22:10:23 MST 2019)
* Project:        crypto_sign
* Solution:       solution1
* Product family: artix7
* Target device:  xc7a200t-fbg676-2


================================================================
== Performance Estimates
================================================================
+ Timing: 
    * Summary: 
    +--------+----------+-----------+------------+
    |  Clock |  Target  | Estimated | Uncertainty|
    +--------+----------+-----------+------------+
    |ap_clk  | 10.00 us | 83.112 ns |   1.25 us  |
    +--------+----------+-----------+------------+

+ Latency: 
    * Summary: 
    +---------+---------+----------+----------+-----+-----+---------+
    |  Latency (cycles) |  Latency (absolute) |  Interval | Pipeline|
    |   min   |   max   |    min   |    max   | min | max |   Type  |
    +---------+---------+----------+----------+-----+-----+---------+
    |        ?|        ?|         ?|         ?|    ?|    ?|   none  |
    +---------+---------+----------+----------+-----+-----+---------+

    + Detail: 
        * Instance: 
        +----------------------------------+----------------------+---------+---------+----------+----------+-----+-----+---------+
        |                                  |                      |  Latency (cycles) |  Latency (absolute) |  Interval | Pipeline|
        |             Instance             |        Module        |   min   |   max   |    min   |    max   | min | max |   Type  |
        +----------------------------------+----------------------+---------+---------+----------+----------+-----+-----+---------+
        |grp_keccak_absorb_2_fu_4574       |keccak_absorb_2       |        ?|        ?|         ?|         ?|    ?|    ?|   none  |
        |grp_keccak_squeezeblocks_fu_4587  |keccak_squeezeblocks  |      216|      216| 2.160 ms | 2.160 ms |  216|  216|   none  |
        +----------------------------------+----------------------+---------+---------+----------+----------+-----+-----+---------+

        * Loop: 
        +-----------+---------+---------+----------+-----------+-----------+------+----------+
        |           |  Latency (cycles) | Iteration|  Initiation Interval  | Trip |          |
        | Loop Name |   min   |   max   |  Latency |  achieved |   target  | Count| Pipelined|
        +-----------+---------+---------+----------+-----------+-----------+------+----------+
        |- Loop 1   |       25|       25|         1|          -|          -|    25|    no    |
        |- Loop 2   |       16|       16|         2|          -|          -|     8|    no    |
        |- Loop 3   |        ?|        ?|  4 ~ 220 |          -|          -|     ?|    no    |
        |- Loop 4   |        ?|        ?|  4 ~ 220 |          -|          -|     ?|    no    |
        |- Loop 5   |        ?|        ?|  4 ~ 220 |          -|          -|     ?|    no    |
        |- Loop 6   |        ?|        ?|  4 ~ 220 |          -|          -|     ?|    no    |
        |- Loop 7   |        ?|        ?|  4 ~ 220 |          -|          -|     ?|    no    |
        |- Loop 8   |        ?|        ?|  4 ~ 220 |          -|          -|     ?|    no    |
        |- Loop 9   |        ?|        ?|  4 ~ 220 |          -|          -|     ?|    no    |
        |- Loop 10  |        ?|        ?|  4 ~ 220 |          -|          -|     ?|    no    |
        |- Loop 11  |        ?|        ?|  4 ~ 220 |          -|          -|     ?|    no    |
        |- Loop 12  |        ?|        ?|  4 ~ 220 |          -|          -|     ?|    no    |
        |- Loop 13  |        ?|        ?|  4 ~ 220 |          -|          -|     ?|    no    |
        |- Loop 14  |        ?|        ?|  4 ~ 220 |          -|          -|     ?|    no    |
        |- Loop 15  |        ?|        ?|  4 ~ 220 |          -|          -|     ?|    no    |
        |- Loop 16  |        ?|        ?|  4 ~ 220 |          -|          -|     ?|    no    |
        |- Loop 17  |        ?|        ?|  4 ~ 220 |          -|          -|     ?|    no    |
        |- Loop 18  |        ?|        ?|  4 ~ 220 |          -|          -|     ?|    no    |
        |- Loop 19  |        ?|        ?|  4 ~ 220 |          -|          -|     ?|    no    |
        |- Loop 20  |        ?|        ?|  4 ~ 220 |          -|          -|     ?|    no    |
        |- Loop 21  |        ?|        ?|  4 ~ 220 |          -|          -|     ?|    no    |
        |- Loop 22  |        ?|        ?|  4 ~ 220 |          -|          -|     ?|    no    |
        |- Loop 23  |        ?|        ?|  4 ~ 220 |          -|          -|     ?|    no    |
        |- Loop 24  |        ?|        ?|  4 ~ 220 |          -|          -|     ?|    no    |
        |- Loop 25  |        ?|        ?|  4 ~ 220 |          -|          -|     ?|    no    |
        |- Loop 26  |        ?|        ?|  4 ~ 220 |          -|          -|     ?|    no    |
        |- Loop 27  |        ?|        ?|  4 ~ 220 |          -|          -|     ?|    no    |
        |- Loop 28  |        ?|        ?|  4 ~ 220 |          -|          -|     ?|    no    |
        |- Loop 29  |        ?|        ?|  4 ~ 220 |          -|          -|     ?|    no    |
        |- Loop 30  |        ?|        ?|  4 ~ 220 |          -|          -|     ?|    no    |
        |- Loop 31  |        ?|        ?|  4 ~ 220 |          -|          -|     ?|    no    |
        |- Loop 32  |        ?|        ?|  4 ~ 220 |          -|          -|     ?|    no    |
        |- Loop 33  |        ?|        ?|  4 ~ 220 |          -|          -|     ?|    no    |
        |- Loop 34  |        ?|        ?|  4 ~ 220 |          -|          -|     ?|    no    |
        |- Loop 35  |        ?|        ?|  4 ~ 220 |          -|          -|     ?|    no    |
        |- Loop 36  |        ?|        ?|  4 ~ 220 |          -|          -|     ?|    no    |
        |- Loop 37  |        ?|        ?|  4 ~ 220 |          -|          -|     ?|    no    |
        |- Loop 38  |        ?|        ?|  4 ~ 220 |          -|          -|     ?|    no    |
        |- Loop 39  |        ?|        ?|  4 ~ 220 |          -|          -|     ?|    no    |
        |- Loop 40  |        ?|        ?|  4 ~ 220 |          -|          -|     ?|    no    |
        +-----------+---------+---------+----------+-----------+-----------+------+----------+



================================================================
== Utilization Estimates
================================================================
* Summary: 
+-----------------+---------+-------+--------+--------+-----+
|       Name      | BRAM_18K| DSP48E|   FF   |   LUT  | URAM|
+-----------------+---------+-------+--------+--------+-----+
|DSP              |        -|      -|       -|       -|    -|
|Expression       |        -|      -|       0|    3677|    -|
|FIFO             |        -|      -|       -|       -|    -|
|Instance         |        1|      -|    9527|  391518|    0|
|Memory           |        5|      -|       0|       0|    0|
|Multiplexer      |        -|      -|       -|    4579|    -|
|Register         |        -|      -|    4519|       -|    -|
+-----------------+---------+-------+--------+--------+-----+
|Total            |        6|      0|   14046|  399774|    0|
+-----------------+---------+-------+--------+--------+-----+
|Available        |      730|    740|  269200|  134600|    0|
+-----------------+---------+-------+--------+--------+-----+
|Utilization (%)  |    ~0   |      0|       5|     297|    0|
+-----------------+---------+-------+--------+--------+-----+

+ Detail: 
    * Instance: 
    +----------------------------------+----------------------+---------+-------+------+--------+-----+
    |             Instance             |        Module        | BRAM_18K| DSP48E|  FF  |   LUT  | URAM|
    +----------------------------------+----------------------+---------+-------+------+--------+-----+
    |grp_keccak_absorb_2_fu_4574       |keccak_absorb_2       |        1|      0|  5562|  197115|    0|
    |grp_keccak_squeezeblocks_fu_4587  |keccak_squeezeblocks  |        0|      0|  3965|  194403|    0|
    +----------------------------------+----------------------+---------+-------+------+--------+-----+
    |Total                             |                      |        1|      0|  9527|  391518|    0|
    +----------------------------------+----------------------+---------+-------+------+--------+-----+

    * DSP48E: 
    N/A

    * Memory: 
    +-----------+----------------------+---------+---+----+-----+------+-----+------+-------------+
    |   Memory  |        Module        | BRAM_18K| FF| LUT| URAM| Words| Bits| Banks| W*Bits*Banks|
    +-----------+----------------------+---------+---+----+-----+------+-----+------+-------------+
    |state_s_U  |pqcrystals_dilithcud  |        4|  0|   0|    0|    25|   64|     1|         1600|
    |buf_U      |pqcrystals_dilithkbM  |        1|  0|   0|    0|   136|    8|     1|         1088|
    +-----------+----------------------+---------+---+----+-----+------+-----+------+-------------+
    |Total      |                      |        5|  0|   0|    0|   161|   72|     2|         2688|
    +-----------+----------------------+---------+---+----+-----+------+-----+------+-------------+

    * FIFO: 
    N/A

    * Expression: 
    +-----------------------------------+----------+-------+---+-----+------------+------------+
    |           Variable Name           | Operation| DSP48E| FF| LUT | Bitwidth P0| Bitwidth P1|
    +-----------------------------------+----------+-------+---+-----+------------+------------+
    |add_ln544_10_fu_5266_p2            |     +    |      0|  0|   39|          32|           1|
    |add_ln544_11_fu_5321_p2            |     +    |      0|  0|   39|          32|           1|
    |add_ln544_12_fu_5376_p2            |     +    |      0|  0|   39|          32|           1|
    |add_ln544_13_fu_5431_p2            |     +    |      0|  0|   39|          32|           1|
    |add_ln544_14_fu_5486_p2            |     +    |      0|  0|   39|          32|           1|
    |add_ln544_15_fu_5541_p2            |     +    |      0|  0|   39|          32|           1|
    |add_ln544_16_fu_5596_p2            |     +    |      0|  0|   39|          32|           1|
    |add_ln544_17_fu_5651_p2            |     +    |      0|  0|   39|          32|           1|
    |add_ln544_18_fu_5701_p2            |     +    |      0|  0|   39|          32|           1|
    |add_ln544_19_fu_5761_p2            |     +    |      0|  0|   39|          32|           1|
    |add_ln544_1_fu_4766_p2             |     +    |      0|  0|   39|          32|           1|
    |add_ln544_20_fu_5816_p2            |     +    |      0|  0|   39|          32|           1|
    |add_ln544_21_fu_5866_p2            |     +    |      0|  0|   39|          32|           1|
    |add_ln544_22_fu_5921_p2            |     +    |      0|  0|   39|          32|           1|
    |add_ln544_23_fu_5981_p2            |     +    |      0|  0|   39|          32|           1|
    |add_ln544_24_fu_6036_p2            |     +    |      0|  0|   39|          32|           1|
    |add_ln544_25_fu_6086_p2            |     +    |      0|  0|   39|          32|           1|
    |add_ln544_26_fu_6146_p2            |     +    |      0|  0|   39|          32|           1|
    |add_ln544_27_fu_6201_p2            |     +    |      0|  0|   39|          32|           1|
    |add_ln544_28_fu_6256_p2            |     +    |      0|  0|   39|          32|           1|
    |add_ln544_29_fu_6311_p2            |     +    |      0|  0|   39|          32|           1|
    |add_ln544_2_fu_4826_p2             |     +    |      0|  0|   39|          32|           1|
    |add_ln544_30_fu_6366_p2            |     +    |      0|  0|   39|          32|           1|
    |add_ln544_31_fu_6421_p2            |     +    |      0|  0|   39|          32|           1|
    |add_ln544_32_fu_6476_p2            |     +    |      0|  0|   39|          32|           1|
    |add_ln544_33_fu_6531_p2            |     +    |      0|  0|   39|          32|           1|
    |add_ln544_34_fu_6586_p2            |     +    |      0|  0|   39|          32|           1|
    |add_ln544_35_fu_6641_p2            |     +    |      0|  0|   39|          32|           1|
    |add_ln544_36_fu_6696_p2            |     +    |      0|  0|   39|          32|           1|
    |add_ln544_37_fu_6746_p2            |     +    |      0|  0|   39|          32|           1|
    |add_ln544_3_fu_4881_p2             |     +    |      0|  0|   39|          32|           1|
    |add_ln544_4_fu_4936_p2             |     +    |      0|  0|   39|          32|           1|
    |add_ln544_5_fu_4991_p2             |     +    |      0|  0|   39|          32|           1|
    |add_ln544_6_fu_5046_p2             |     +    |      0|  0|   39|          32|           1|
    |add_ln544_7_fu_5101_p2             |     +    |      0|  0|   39|          32|           1|
    |add_ln544_8_fu_5156_p2             |     +    |      0|  0|   39|          32|           1|
    |add_ln544_9_fu_5211_p2             |     +    |      0|  0|   39|          32|           1|
    |add_ln544_fu_4715_p2               |     +    |      0|  0|   39|          32|           1|
    |i_3_fu_4599_p2                     |     +    |      0|  0|   15|           5|           1|
    |i_fu_4666_p2                       |     +    |      0|  0|   13|           4|           1|
    |sub_ln548_10_fu_5299_p2            |     -    |      0|  0|   10|           1|           2|
    |sub_ln548_11_fu_5354_p2            |     -    |      0|  0|   10|           1|           2|
    |sub_ln548_12_fu_5409_p2            |     -    |      0|  0|   10|           1|           2|
    |sub_ln548_13_fu_5464_p2            |     -    |      0|  0|   10|           1|           2|
    |sub_ln548_14_fu_5519_p2            |     -    |      0|  0|   10|           1|           2|
    |sub_ln548_15_fu_5574_p2            |     -    |      0|  0|   10|           1|           2|
    |sub_ln548_16_fu_5629_p2            |     -    |      0|  0|   10|           1|           2|
    |sub_ln548_17_fu_5684_p2            |     -    |      0|  0|   10|           1|           2|
    |sub_ln548_18_fu_5739_p2            |     -    |      0|  0|   10|           1|           2|
    |sub_ln548_19_fu_5794_p2            |     -    |      0|  0|   10|           1|           2|
    |sub_ln548_1_fu_4804_p2             |     -    |      0|  0|   10|           1|           2|
    |sub_ln548_20_fu_5849_p2            |     -    |      0|  0|   10|           1|           2|
    |sub_ln548_21_fu_5904_p2            |     -    |      0|  0|   10|           1|           2|
    |sub_ln548_22_fu_5959_p2            |     -    |      0|  0|   10|           1|           2|
    |sub_ln548_23_fu_6014_p2            |     -    |      0|  0|   10|           1|           2|
    |sub_ln548_24_fu_6069_p2            |     -    |      0|  0|   10|           1|           2|
    |sub_ln548_25_fu_6124_p2            |     -    |      0|  0|   10|           1|           2|
    |sub_ln548_26_fu_6179_p2            |     -    |      0|  0|   10|           1|           2|
    |sub_ln548_27_fu_6234_p2            |     -    |      0|  0|   10|           1|           2|
    |sub_ln548_28_fu_6289_p2            |     -    |      0|  0|   10|           1|           2|
    |sub_ln548_29_fu_6344_p2            |     -    |      0|  0|   10|           1|           2|
    |sub_ln548_2_fu_4859_p2             |     -    |      0|  0|   10|           1|           2|
    |sub_ln548_30_fu_6399_p2            |     -    |      0|  0|   10|           1|           2|
    |sub_ln548_31_fu_6454_p2            |     -    |      0|  0|   10|           1|           2|
    |sub_ln548_32_fu_6509_p2            |     -    |      0|  0|   10|           1|           2|
    |sub_ln548_33_fu_6564_p2            |     -    |      0|  0|   10|           1|           2|
    |sub_ln548_34_fu_6619_p2            |     -    |      0|  0|   10|           1|           2|
    |sub_ln548_35_fu_6674_p2            |     -    |      0|  0|   10|           1|           2|
    |sub_ln548_36_fu_6729_p2            |     -    |      0|  0|   10|           1|           2|
    |sub_ln548_37_fu_6784_p2            |     -    |      0|  0|   10|           1|           2|
    |sub_ln548_38_fu_6825_p2            |     -    |      0|  0|   10|           1|           2|
    |sub_ln548_3_fu_4914_p2             |     -    |      0|  0|   10|           1|           2|
    |sub_ln548_4_fu_4969_p2             |     -    |      0|  0|   10|           1|           2|
    |sub_ln548_5_fu_5024_p2             |     -    |      0|  0|   10|           1|           2|
    |sub_ln548_6_fu_5079_p2             |     -    |      0|  0|   10|           1|           2|
    |sub_ln548_7_fu_5134_p2             |     -    |      0|  0|   10|           1|           2|
    |sub_ln548_8_fu_5189_p2             |     -    |      0|  0|   10|           1|           2|
    |sub_ln548_9_fu_5244_p2             |     -    |      0|  0|   10|           1|           2|
    |sub_ln548_fu_4749_p2               |     -    |      0|  0|   10|           1|           2|
    |ap_block_state140_on_subcall_done  |    and   |      0|  0|    2|           1|           1|
    |ap_block_state146_on_subcall_done  |    and   |      0|  0|    2|           1|           1|
    |ap_block_state152_on_subcall_done  |    and   |      0|  0|    2|           1|           1|
    |ap_block_state158_on_subcall_done  |    and   |      0|  0|    2|           1|           1|
    |ap_block_state164_on_subcall_done  |    and   |      0|  0|    2|           1|           1|
    |ap_block_state170_on_subcall_done  |    and   |      0|  0|    2|           1|           1|
    |ap_block_state176_on_subcall_done  |    and   |      0|  0|    2|           1|           1|
    |ap_block_state182_on_subcall_done  |    and   |      0|  0|    2|           1|           1|
    |ap_block_state188_on_subcall_done  |    and   |      0|  0|    2|           1|           1|
    |ap_block_state194_on_subcall_done  |    and   |      0|  0|    2|           1|           1|
    |ap_block_state200_on_subcall_done  |    and   |      0|  0|    2|           1|           1|
    |ap_block_state206_on_subcall_done  |    and   |      0|  0|    2|           1|           1|
    |ap_block_state212_on_subcall_done  |    and   |      0|  0|    2|           1|           1|
    |ap_block_state218_on_subcall_done  |    and   |      0|  0|    2|           1|           1|
    |ap_block_state224_on_subcall_done  |    and   |      0|  0|    2|           1|           1|
    |ap_block_state230_on_subcall_done  |    and   |      0|  0|    2|           1|           1|
    |ap_block_state236_on_subcall_done  |    and   |      0|  0|    2|           1|           1|
    |ap_block_state242_on_subcall_done  |    and   |      0|  0|    2|           1|           1|
    |ap_block_state248_on_subcall_done  |    and   |      0|  0|    2|           1|           1|
    |ap_block_state254_on_subcall_done  |    and   |      0|  0|    2|           1|           1|
    |ap_block_state260_on_subcall_done  |    and   |      0|  0|    2|           1|           1|
    |ap_block_state266_on_subcall_done  |    and   |      0|  0|    2|           1|           1|
    |ap_block_state272_on_subcall_done  |    and   |      0|  0|    2|           1|           1|
    |ap_block_state278_on_subcall_done  |    and   |      0|  0|    2|           1|           1|
    |ap_block_state284_on_subcall_done  |    and   |      0|  0|    2|           1|           1|
    |ap_block_state290_on_subcall_done  |    and   |      0|  0|    2|           1|           1|
    |ap_block_state296_on_subcall_done  |    and   |      0|  0|    2|           1|           1|
    |ap_block_state302_on_subcall_done  |    and   |      0|  0|    2|           1|           1|
    |ap_block_state308_on_subcall_done  |    and   |      0|  0|    2|           1|           1|
    |ap_block_state314_on_subcall_done  |    and   |      0|  0|    2|           1|           1|
    |ap_block_state320_on_subcall_done  |    and   |      0|  0|    2|           1|           1|
    |ap_block_state326_on_subcall_done  |    and   |      0|  0|    2|           1|           1|
    |ap_block_state332_on_subcall_done  |    and   |      0|  0|    2|           1|           1|
    |ap_block_state338_on_subcall_done  |    and   |      0|  0|    2|           1|           1|
    |ap_block_state344_on_subcall_done  |    and   |      0|  0|    2|           1|           1|
    |ap_block_state350_on_subcall_done  |    and   |      0|  0|    2|           1|           1|
    |ap_block_state356_on_subcall_done  |    and   |      0|  0|    2|           1|           1|
    |ap_block_state362_on_subcall_done  |    and   |      0|  0|    2|           1|           1|
    |ap_block_state367_on_subcall_done  |    and   |      0|  0|    2|           1|           1|
    |icmp_ln364_fu_4593_p2              |   icmp   |      0|  0|   11|           5|           4|
    |icmp_ln528_fu_4660_p2              |   icmp   |      0|  0|   11|           4|           5|
    |icmp_ln539_10_fu_5255_p2           |   icmp   |      0|  0|   18|          32|           8|
    |icmp_ln539_11_fu_5310_p2           |   icmp   |      0|  0|   18|          32|           8|
    |icmp_ln539_12_fu_5365_p2           |   icmp   |      0|  0|   18|          32|           8|
    |icmp_ln539_13_fu_5420_p2           |   icmp   |      0|  0|   18|          32|           8|
    |icmp_ln539_14_fu_5475_p2           |   icmp   |      0|  0|   18|          32|           8|
    |icmp_ln539_15_fu_5530_p2           |   icmp   |      0|  0|   18|          32|           8|
    |icmp_ln539_16_fu_5585_p2           |   icmp   |      0|  0|   18|          32|           8|
    |icmp_ln539_17_fu_5640_p2           |   icmp   |      0|  0|   18|          32|           8|
    |icmp_ln539_18_fu_5695_p2           |   icmp   |      0|  0|   18|          32|           8|
    |icmp_ln539_19_fu_5750_p2           |   icmp   |      0|  0|   18|          32|           8|
    |icmp_ln539_1_fu_4760_p2            |   icmp   |      0|  0|   18|          32|           8|
    |icmp_ln539_20_fu_5805_p2           |   icmp   |      0|  0|   18|          32|           8|
    |icmp_ln539_21_fu_5860_p2           |   icmp   |      0|  0|   18|          32|           8|
    |icmp_ln539_22_fu_5915_p2           |   icmp   |      0|  0|   18|          32|           8|
    |icmp_ln539_23_fu_5970_p2           |   icmp   |      0|  0|   18|          32|           8|
    |icmp_ln539_24_fu_6025_p2           |   icmp   |      0|  0|   18|          32|           8|
    |icmp_ln539_25_fu_6080_p2           |   icmp   |      0|  0|   18|          32|           8|
    |icmp_ln539_26_fu_6135_p2           |   icmp   |      0|  0|   18|          32|           8|
    |icmp_ln539_27_fu_6190_p2           |   icmp   |      0|  0|   18|          32|           8|
    |icmp_ln539_28_fu_6245_p2           |   icmp   |      0|  0|   18|          32|           8|
    |icmp_ln539_29_fu_6300_p2           |   icmp   |      0|  0|   18|          32|           8|
    |icmp_ln539_2_fu_4815_p2            |   icmp   |      0|  0|   18|          32|           8|
    |icmp_ln539_30_fu_6355_p2           |   icmp   |      0|  0|   18|          32|           8|
    |icmp_ln539_31_fu_6410_p2           |   icmp   |      0|  0|   18|          32|           8|
    |icmp_ln539_32_fu_6465_p2           |   icmp   |      0|  0|   18|          32|           8|
    |icmp_ln539_33_fu_6520_p2           |   icmp   |      0|  0|   18|          32|           8|
    |icmp_ln539_34_fu_6575_p2           |   icmp   |      0|  0|   18|          32|           8|
    |icmp_ln539_35_fu_6630_p2           |   icmp   |      0|  0|   18|          32|           8|
    |icmp_ln539_36_fu_6685_p2           |   icmp   |      0|  0|   18|          32|           8|
    |icmp_ln539_37_fu_6740_p2           |   icmp   |      0|  0|   18|          32|           8|
    |icmp_ln539_38_fu_6795_p2           |   icmp   |      0|  0|   18|          32|           8|
    |icmp_ln539_3_fu_4870_p2            |   icmp   |      0|  0|   18|          32|           8|
    |icmp_ln539_4_fu_4925_p2            |   icmp   |      0|  0|   18|          32|           8|
    |icmp_ln539_5_fu_4980_p2            |   icmp   |      0|  0|   18|          32|           8|
    |icmp_ln539_6_fu_5035_p2            |   icmp   |      0|  0|   18|          32|           8|
    |icmp_ln539_7_fu_5090_p2            |   icmp   |      0|  0|   18|          32|           8|
    |icmp_ln539_8_fu_5145_p2            |   icmp   |      0|  0|   18|          32|           8|
    |icmp_ln539_9_fu_5200_p2            |   icmp   |      0|  0|   18|          32|           8|
    |icmp_ln539_fu_4709_p2              |   icmp   |      0|  0|   18|          32|           8|
    |icmp_ln545_10_fu_5272_p2           |   icmp   |      0|  0|   11|           8|           6|
    |icmp_ln545_11_fu_5327_p2           |   icmp   |      0|  0|   11|           8|           6|
    |icmp_ln545_12_fu_5382_p2           |   icmp   |      0|  0|   11|           8|           6|
    |icmp_ln545_13_fu_5437_p2           |   icmp   |      0|  0|   11|           8|           6|
    |icmp_ln545_14_fu_5492_p2           |   icmp   |      0|  0|   11|           8|           6|
    |icmp_ln545_15_fu_5547_p2           |   icmp   |      0|  0|   11|           8|           6|
    |icmp_ln545_16_fu_5602_p2           |   icmp   |      0|  0|   11|           8|           6|
    |icmp_ln545_17_fu_5657_p2           |   icmp   |      0|  0|   11|           8|           6|
    |icmp_ln545_18_fu_5712_p2           |   icmp   |      0|  0|   11|           8|           6|
    |icmp_ln545_19_fu_5767_p2           |   icmp   |      0|  0|   11|           8|           6|
    |icmp_ln545_1_fu_4777_p2            |   icmp   |      0|  0|   11|           8|           7|
    |icmp_ln545_20_fu_5822_p2           |   icmp   |      0|  0|   11|           8|           6|
    |icmp_ln545_21_fu_5877_p2           |   icmp   |      0|  0|   11|           8|           6|
    |icmp_ln545_22_fu_5932_p2           |   icmp   |      0|  0|   11|           8|           6|
    |icmp_ln545_23_fu_5987_p2           |   icmp   |      0|  0|   11|           8|           6|
    |icmp_ln545_24_fu_6042_p2           |   icmp   |      0|  0|   11|           8|           5|
    |icmp_ln545_25_fu_6097_p2           |   icmp   |      0|  0|   11|           8|           5|
    |icmp_ln545_26_fu_6152_p2           |   icmp   |      0|  0|   11|           8|           5|
    |icmp_ln545_27_fu_6207_p2           |   icmp   |      0|  0|   11|           8|           5|
    |icmp_ln545_28_fu_6262_p2           |   icmp   |      0|  0|   11|           8|           5|
    |icmp_ln545_29_fu_6317_p2           |   icmp   |      0|  0|   11|           8|           5|
    |icmp_ln545_2_fu_4832_p2            |   icmp   |      0|  0|   11|           8|           7|
    |icmp_ln545_30_fu_6372_p2           |   icmp   |      0|  0|   11|           8|           5|
    |icmp_ln545_31_fu_6427_p2           |   icmp   |      0|  0|   11|           8|           5|
    |icmp_ln545_32_fu_6482_p2           |   icmp   |      0|  0|   11|           8|           4|
    |icmp_ln545_33_fu_6537_p2           |   icmp   |      0|  0|   11|           8|           4|
    |icmp_ln545_34_fu_6592_p2           |   icmp   |      0|  0|   11|           8|           4|
    |icmp_ln545_35_fu_6647_p2           |   icmp   |      0|  0|   11|           8|           4|
    |icmp_ln545_36_fu_6702_p2           |   icmp   |      0|  0|   11|           8|           3|
    |icmp_ln545_37_fu_6757_p2           |   icmp   |      0|  0|   11|           8|           2|
    |icmp_ln545_3_fu_4887_p2            |   icmp   |      0|  0|   11|           8|           7|
    |icmp_ln545_4_fu_4942_p2            |   icmp   |      0|  0|   11|           8|           7|
    |icmp_ln545_5_fu_4997_p2            |   icmp   |      0|  0|   11|           8|           7|
    |icmp_ln545_6_fu_5052_p2            |   icmp   |      0|  0|   11|           8|           7|
    |icmp_ln545_7_fu_5107_p2            |   icmp   |      0|  0|   11|           8|           7|
    |icmp_ln545_8_fu_5162_p2            |   icmp   |      0|  0|   11|           8|           6|
    |icmp_ln545_9_fu_5217_p2            |   icmp   |      0|  0|   11|           8|           6|
    |icmp_ln545_fu_4726_p2              |   icmp   |      0|  0|   11|           8|           7|
    |signs_fu_4703_p2                   |    or    |      0|  0|   64|          64|          64|
    |shl_ln454_fu_4640_p2               |    shl   |      0|  0|  182|           5|          64|
    |shl_ln529_fu_4697_p2               |    shl   |      0|  0|  182|          64|          64|
    |xor_ln454_fu_4646_p2               |    xor   |      0|  0|   64|          64|          64|
    |xor_ln455_fu_4653_p2               |    xor   |      0|  0|   65|          64|          65|
    +-----------------------------------+----------+-------+---+-----+------------+------------+
    |Total                              |          |      0|  0| 3677|        3125|        1012|
    +-----------------------------------+----------+-------+---+-----+------------+------------+

    * Multiplexer: 
    +-------------------+------+-----------+-----+-----------+
    |        Name       |  LUT | Input Size| Bits| Total Bits|
    +-------------------+------+-----------+-----+-----------+
    |ap_NS_fsm          |  1633|        372|    1|        372|
    |buf_address0       |   185|         42|    8|        336|
    |buf_ce0            |    15|          3|    1|          3|
    |buf_we0            |     9|          2|    1|          2|
    |c_coeffs_address0  |   817|        188|    8|       1504|
    |c_coeffs_address1  |   813|        187|    8|       1496|
    |c_coeffs_d0        |   109|         23|   32|        736|
    |c_coeffs_d1        |   105|         22|   32|        704|
    |i_0_i_i_reg_3659   |     9|          2|    5|         10|
    |i_0_reg_3670       |     9|          2|    4|          8|
    |pos_1_0_reg_3694   |     9|          2|   32|         64|
    |pos_1_10_reg_3924  |     9|          2|   32|         64|
    |pos_1_11_reg_3947  |     9|          2|   32|         64|
    |pos_1_12_reg_3970  |     9|          2|   32|         64|
    |pos_1_13_reg_3993  |     9|          2|   32|         64|
    |pos_1_14_reg_4016  |     9|          2|   32|         64|
    |pos_1_15_reg_4039  |     9|          2|   32|         64|
    |pos_1_16_reg_4062  |     9|          2|   32|         64|
    |pos_1_17_reg_4085  |     9|          2|   32|         64|
    |pos_1_18_reg_4108  |     9|          2|   32|         64|
    |pos_1_19_reg_4130  |     9|          2|   32|         64|
    |pos_1_1_reg_3718   |     9|          2|   32|         64|
    |pos_1_20_reg_4153  |     9|          2|   32|         64|
    |pos_1_21_reg_4176  |     9|          2|   32|         64|
    |pos_1_22_reg_4198  |     9|          2|   32|         64|
    |pos_1_23_reg_4220  |     9|          2|   32|         64|
    |pos_1_24_reg_4243  |     9|          2|   32|         64|
    |pos_1_25_reg_4266  |     9|          2|   32|         64|
    |pos_1_26_reg_4288  |     9|          2|   32|         64|
    |pos_1_27_reg_4311  |     9|          2|   32|         64|
    |pos_1_28_reg_4334  |     9|          2|   32|         64|
    |pos_1_29_reg_4357  |     9|          2|   32|         64|
    |pos_1_2_reg_3740   |     9|          2|   32|         64|
    |pos_1_30_reg_4380  |     9|          2|   32|         64|
    |pos_1_31_reg_4403  |     9|          2|   32|         64|
    |pos_1_32_reg_4426  |     9|          2|   32|         64|
    |pos_1_33_reg_4449  |     9|          2|   32|         64|
    |pos_1_34_reg_4472  |     9|          2|   32|         64|
    |pos_1_35_reg_4495  |     9|          2|   32|         64|
    |pos_1_36_reg_4518  |     9|          2|   32|         64|
    |pos_1_37_reg_4541  |     9|          2|   32|         64|
    |pos_1_3_reg_3763   |     9|          2|   32|         64|
    |pos_1_4_reg_3786   |     9|          2|   32|         64|
    |pos_1_5_reg_3809   |     9|          2|   32|         64|
    |pos_1_6_reg_3832   |     9|          2|   32|         64|
    |pos_1_7_reg_3855   |     9|          2|   32|         64|
    |pos_1_8_reg_3878   |     9|          2|   32|         64|
    |pos_1_9_reg_3901   |     9|          2|   32|         64|
    |pos_2_0_reg_3706   |     9|          2|   32|         64|
    |pos_2_10_reg_3934  |     9|          2|   32|         64|
    |pos_2_11_reg_3957  |     9|          2|   32|         64|
    |pos_2_12_reg_3980  |     9|          2|   32|         64|
    |pos_2_13_reg_4003  |     9|          2|   32|         64|
    |pos_2_14_reg_4026  |     9|          2|   32|         64|
    |pos_2_15_reg_4049  |     9|          2|   32|         64|
    |pos_2_16_reg_4072  |     9|          2|   32|         64|
    |pos_2_17_reg_4095  |     9|          2|   32|         64|
    |pos_2_18_reg_4118  |     9|          2|   32|         64|
    |pos_2_19_reg_4140  |     9|          2|   32|         64|
    |pos_2_1_reg_3728   |     9|          2|   32|         64|
    |pos_2_20_reg_4163  |     9|          2|   32|         64|
    |pos_2_21_reg_4186  |     9|          2|   32|         64|
    |pos_2_22_reg_4208  |     9|          2|   32|         64|
    |pos_2_23_reg_4230  |     9|          2|   32|         64|
    |pos_2_24_reg_4253  |     9|          2|   32|         64|
    |pos_2_25_reg_4276  |     9|          2|   32|         64|
    |pos_2_26_reg_4298  |     9|          2|   32|         64|
    |pos_2_27_reg_4321  |     9|          2|   32|         64|
    |pos_2_28_reg_4344  |     9|          2|   32|         64|
    |pos_2_29_reg_4367  |     9|          2|   32|         64|
    |pos_2_2_reg_3750   |     9|          2|   32|         64|
    |pos_2_30_reg_4390  |     9|          2|   32|         64|
    |pos_2_31_reg_4413  |     9|          2|   32|         64|
    |pos_2_32_reg_4436  |     9|          2|   32|         64|
    |pos_2_33_reg_4459  |     9|          2|   32|         64|
    |pos_2_34_reg_4482  |     9|          2|   32|         64|
    |pos_2_35_reg_4505  |     9|          2|   32|         64|
    |pos_2_36_reg_4528  |     9|          2|   32|         64|
    |pos_2_37_reg_4551  |     9|          2|   32|         64|
    |pos_2_38_reg_4563  |     9|          2|   32|         64|
    |pos_2_3_reg_3773   |     9|          2|   32|         64|
    |pos_2_4_reg_3796   |     9|          2|   32|         64|
    |pos_2_5_reg_3819   |     9|          2|   32|         64|
    |pos_2_6_reg_3842   |     9|          2|   32|         64|
    |pos_2_7_reg_3865   |     9|          2|   32|         64|
    |pos_2_8_reg_3888   |     9|          2|   32|         64|
    |pos_2_9_reg_3911   |     9|          2|   32|         64|
    |signs_0_reg_3682   |     9|          2|   64|        128|
    |state_s_address0   |    38|          7|    5|         35|
    |state_s_address1   |    15|          3|    5|         15|
    |state_s_ce0        |    21|          4|    1|          4|
    |state_s_ce1        |    15|          3|    1|          3|
    |state_s_d0         |    33|          6|   64|        384|
    |state_s_d1         |    15|          3|   64|        192|
    |state_s_we0        |    21|          4|    1|          4|
    |state_s_we1        |    15|          3|    1|          3|
    +-------------------+------+-----------+-----+-----------+
    |Total              |  4579|       1032| 2770|      10867|
    +-------------------+------+-----------+-----+-----------+

    * Register: 
    +-----------------------------------------------+-----+----+-----+-----------+
    |                      Name                     |  FF | LUT| Bits| Const Bits|
    +-----------------------------------------------+-----+----+-----+-----------+
    |add_ln544_10_reg_7311                          |   32|   0|   32|          0|
    |add_ln544_11_reg_7334                          |   32|   0|   32|          0|
    |add_ln544_12_reg_7357                          |   32|   0|   32|          0|
    |add_ln544_13_reg_7380                          |   32|   0|   32|          0|
    |add_ln544_14_reg_7403                          |   32|   0|   32|          0|
    |add_ln544_15_reg_7426                          |   32|   0|   32|          0|
    |add_ln544_16_reg_7449                          |   32|   0|   32|          0|
    |add_ln544_17_reg_7472                          |   32|   0|   32|          0|
    |add_ln544_18_reg_7490                          |   32|   0|   32|          0|
    |add_ln544_19_reg_7518                          |   32|   0|   32|          0|
    |add_ln544_1_reg_7099                           |   32|   0|   32|          0|
    |add_ln544_20_reg_7541                          |   32|   0|   32|          0|
    |add_ln544_21_reg_7559                          |   32|   0|   32|          0|
    |add_ln544_22_reg_7582                          |   32|   0|   32|          0|
    |add_ln544_23_reg_7610                          |   32|   0|   32|          0|
    |add_ln544_24_reg_7633                          |   32|   0|   32|          0|
    |add_ln544_25_reg_7651                          |   32|   0|   32|          0|
    |add_ln544_26_reg_7679                          |   32|   0|   32|          0|
    |add_ln544_27_reg_7702                          |   32|   0|   32|          0|
    |add_ln544_28_reg_7725                          |   32|   0|   32|          0|
    |add_ln544_29_reg_7748                          |   32|   0|   32|          0|
    |add_ln544_2_reg_7127                           |   32|   0|   32|          0|
    |add_ln544_30_reg_7771                          |   32|   0|   32|          0|
    |add_ln544_31_reg_7794                          |   32|   0|   32|          0|
    |add_ln544_32_reg_7817                          |   32|   0|   32|          0|
    |add_ln544_33_reg_7840                          |   32|   0|   32|          0|
    |add_ln544_34_reg_7863                          |   32|   0|   32|          0|
    |add_ln544_35_reg_7886                          |   32|   0|   32|          0|
    |add_ln544_36_reg_7909                          |   32|   0|   32|          0|
    |add_ln544_37_reg_7927                          |   32|   0|   32|          0|
    |add_ln544_3_reg_7150                           |   32|   0|   32|          0|
    |add_ln544_4_reg_7173                           |   32|   0|   32|          0|
    |add_ln544_5_reg_7196                           |   32|   0|   32|          0|
    |add_ln544_6_reg_7219                           |   32|   0|   32|          0|
    |add_ln544_7_reg_7242                           |   32|   0|   32|          0|
    |add_ln544_8_reg_7265                           |   32|   0|   32|          0|
    |add_ln544_9_reg_7288                           |   32|   0|   32|          0|
    |add_ln544_reg_7076                             |   32|   0|   32|          0|
    |ap_CS_fsm                                      |  371|   0|  371|          0|
    |c_coeffs_addr_256_reg_7090                     |    8|   0|    8|          0|
    |c_coeffs_addr_257_reg_7113                     |    8|   0|    8|          0|
    |c_coeffs_addr_258_reg_7136                     |    8|   0|    8|          0|
    |c_coeffs_addr_259_reg_7159                     |    8|   0|    8|          0|
    |c_coeffs_addr_260_reg_7182                     |    8|   0|    8|          0|
    |c_coeffs_addr_261_reg_7205                     |    8|   0|    8|          0|
    |c_coeffs_addr_262_reg_7228                     |    8|   0|    8|          0|
    |c_coeffs_addr_263_reg_7251                     |    8|   0|    8|          0|
    |c_coeffs_addr_264_reg_7274                     |    8|   0|    8|          0|
    |c_coeffs_addr_265_reg_7297                     |    8|   0|    8|          0|
    |c_coeffs_addr_266_reg_7320                     |    8|   0|    8|          0|
    |c_coeffs_addr_267_reg_7343                     |    8|   0|    8|          0|
    |c_coeffs_addr_268_reg_7366                     |    8|   0|    8|          0|
    |c_coeffs_addr_269_reg_7389                     |    8|   0|    8|          0|
    |c_coeffs_addr_270_reg_7412                     |    8|   0|    8|          0|
    |c_coeffs_addr_271_reg_7435                     |    8|   0|    8|          0|
    |c_coeffs_addr_272_reg_7458                     |    8|   0|    8|          0|
    |c_coeffs_addr_273_reg_7481                     |    8|   0|    8|          0|
    |c_coeffs_addr_274_reg_7504                     |    8|   0|    8|          0|
    |c_coeffs_addr_275_reg_7527                     |    8|   0|    8|          0|
    |c_coeffs_addr_276_reg_7550                     |    8|   0|    8|          0|
    |c_coeffs_addr_277_reg_7573                     |    8|   0|    8|          0|
    |c_coeffs_addr_278_reg_7596                     |    8|   0|    8|          0|
    |c_coeffs_addr_279_reg_7619                     |    8|   0|    8|          0|
    |c_coeffs_addr_280_reg_7642                     |    8|   0|    8|          0|
    |c_coeffs_addr_281_reg_7665                     |    8|   0|    8|          0|
    |c_coeffs_addr_282_reg_7688                     |    8|   0|    8|          0|
    |c_coeffs_addr_283_reg_7711                     |    8|   0|    8|          0|
    |c_coeffs_addr_284_reg_7734                     |    8|   0|    8|          0|
    |c_coeffs_addr_285_reg_7757                     |    8|   0|    8|          0|
    |c_coeffs_addr_286_reg_7780                     |    8|   0|    8|          0|
    |c_coeffs_addr_287_reg_7803                     |    8|   0|    8|          0|
    |c_coeffs_addr_288_reg_7826                     |    8|   0|    8|          0|
    |c_coeffs_addr_289_reg_7849                     |    8|   0|    8|          0|
    |c_coeffs_addr_290_reg_7872                     |    8|   0|    8|          0|
    |c_coeffs_addr_291_reg_7895                     |    8|   0|    8|          0|
    |c_coeffs_addr_292_reg_7918                     |    8|   0|    8|          0|
    |c_coeffs_addr_293_reg_7942                     |    8|   0|    8|          0|
    |c_coeffs_addr_294_reg_7961                     |    8|   0|    8|          0|
    |grp_keccak_absorb_2_fu_4574_ap_start_reg       |    1|   0|    1|          0|
    |grp_keccak_squeezeblocks_fu_4587_ap_start_reg  |    1|   0|    1|          0|
    |i_0_i_i_reg_3659                               |    5|   0|    5|          0|
    |i_0_reg_3670                                   |    4|   0|    4|          0|
    |i_reg_6862                                     |    4|   0|    4|          0|
    |icmp_ln539_10_reg_7302                         |    1|   0|    1|          0|
    |icmp_ln539_11_reg_7325                         |    1|   0|    1|          0|
    |icmp_ln539_12_reg_7348                         |    1|   0|    1|          0|
    |icmp_ln539_13_reg_7371                         |    1|   0|    1|          0|
    |icmp_ln539_14_reg_7394                         |    1|   0|    1|          0|
    |icmp_ln539_15_reg_7417                         |    1|   0|    1|          0|
    |icmp_ln539_16_reg_7440                         |    1|   0|    1|          0|
    |icmp_ln539_17_reg_7463                         |    1|   0|    1|          0|
    |icmp_ln539_18_reg_7486                         |    1|   0|    1|          0|
    |icmp_ln539_19_reg_7509                         |    1|   0|    1|          0|
    |icmp_ln539_1_reg_7095                          |    1|   0|    1|          0|
    |icmp_ln539_20_reg_7532                         |    1|   0|    1|          0|
    |icmp_ln539_21_reg_7555                         |    1|   0|    1|          0|
    |icmp_ln539_22_reg_7578                         |    1|   0|    1|          0|
    |icmp_ln539_23_reg_7601                         |    1|   0|    1|          0|
    |icmp_ln539_24_reg_7624                         |    1|   0|    1|          0|
    |icmp_ln539_25_reg_7647                         |    1|   0|    1|          0|
    |icmp_ln539_26_reg_7670                         |    1|   0|    1|          0|
    |icmp_ln539_27_reg_7693                         |    1|   0|    1|          0|
    |icmp_ln539_28_reg_7716                         |    1|   0|    1|          0|
    |icmp_ln539_29_reg_7739                         |    1|   0|    1|          0|
    |icmp_ln539_2_reg_7118                          |    1|   0|    1|          0|
    |icmp_ln539_30_reg_7762                         |    1|   0|    1|          0|
    |icmp_ln539_31_reg_7785                         |    1|   0|    1|          0|
    |icmp_ln539_32_reg_7808                         |    1|   0|    1|          0|
    |icmp_ln539_33_reg_7831                         |    1|   0|    1|          0|
    |icmp_ln539_34_reg_7854                         |    1|   0|    1|          0|
    |icmp_ln539_35_reg_7877                         |    1|   0|    1|          0|
    |icmp_ln539_36_reg_7900                         |    1|   0|    1|          0|
    |icmp_ln539_37_reg_7923                         |    1|   0|    1|          0|
    |icmp_ln539_38_reg_7947                         |    1|   0|    1|          0|
    |icmp_ln539_3_reg_7141                          |    1|   0|    1|          0|
    |icmp_ln539_4_reg_7164                          |    1|   0|    1|          0|
    |icmp_ln539_5_reg_7187                          |    1|   0|    1|          0|
    |icmp_ln539_6_reg_7210                          |    1|   0|    1|          0|
    |icmp_ln539_7_reg_7233                          |    1|   0|    1|          0|
    |icmp_ln539_8_reg_7256                          |    1|   0|    1|          0|
    |icmp_ln539_9_reg_7279                          |    1|   0|    1|          0|
    |icmp_ln539_reg_7072                            |    1|   0|    1|          0|
    |pos_1_0_reg_3694                               |   32|   0|   32|          0|
    |pos_1_10_reg_3924                              |   32|   0|   32|          0|
    |pos_1_11_reg_3947                              |   32|   0|   32|          0|
    |pos_1_12_reg_3970                              |   32|   0|   32|          0|
    |pos_1_13_reg_3993                              |   32|   0|   32|          0|
    |pos_1_14_reg_4016                              |   32|   0|   32|          0|
    |pos_1_15_reg_4039                              |   32|   0|   32|          0|
    |pos_1_16_reg_4062                              |   32|   0|   32|          0|
    |pos_1_17_reg_4085                              |   32|   0|   32|          0|
    |pos_1_18_reg_4108                              |   32|   0|   32|          0|
    |pos_1_19_reg_4130                              |   32|   0|   32|          0|
    |pos_1_1_reg_3718                               |   32|   0|   32|          0|
    |pos_1_20_reg_4153                              |   32|   0|   32|          0|
    |pos_1_21_reg_4176                              |   32|   0|   32|          0|
    |pos_1_22_reg_4198                              |   32|   0|   32|          0|
    |pos_1_23_reg_4220                              |   32|   0|   32|          0|
    |pos_1_24_reg_4243                              |   32|   0|   32|          0|
    |pos_1_25_reg_4266                              |   32|   0|   32|          0|
    |pos_1_26_reg_4288                              |   32|   0|   32|          0|
    |pos_1_27_reg_4311                              |   32|   0|   32|          0|
    |pos_1_28_reg_4334                              |   32|   0|   32|          0|
    |pos_1_29_reg_4357                              |   32|   0|   32|          0|
    |pos_1_2_reg_3740                               |   32|   0|   32|          0|
    |pos_1_30_reg_4380                              |   32|   0|   32|          0|
    |pos_1_31_reg_4403                              |   32|   0|   32|          0|
    |pos_1_32_reg_4426                              |   32|   0|   32|          0|
    |pos_1_33_reg_4449                              |   32|   0|   32|          0|
    |pos_1_34_reg_4472                              |   32|   0|   32|          0|
    |pos_1_35_reg_4495                              |   32|   0|   32|          0|
    |pos_1_36_reg_4518                              |   32|   0|   32|          0|
    |pos_1_37_reg_4541                              |   32|   0|   32|          0|
    |pos_1_3_reg_3763                               |   32|   0|   32|          0|
    |pos_1_4_reg_3786                               |   32|   0|   32|          0|
    |pos_1_5_reg_3809                               |   32|   0|   32|          0|
    |pos_1_6_reg_3832                               |   32|   0|   32|          0|
    |pos_1_7_reg_3855                               |   32|   0|   32|          0|
    |pos_1_8_reg_3878                               |   32|   0|   32|          0|
    |pos_1_9_reg_3901                               |   32|   0|   32|          0|
    |pos_2_0_reg_3706                               |   32|   0|   32|          0|
    |pos_2_10_reg_3934                              |   32|   0|   32|          0|
    |pos_2_11_reg_3957                              |   32|   0|   32|          0|
    |pos_2_12_reg_3980                              |   32|   0|   32|          0|
    |pos_2_13_reg_4003                              |   32|   0|   32|          0|
    |pos_2_14_reg_4026                              |   32|   0|   32|          0|
    |pos_2_15_reg_4049                              |   32|   0|   32|          0|
    |pos_2_16_reg_4072                              |   32|   0|   32|          0|
    |pos_2_17_reg_4095                              |   32|   0|   32|          0|
    |pos_2_18_reg_4118                              |   32|   0|   32|          0|
    |pos_2_19_reg_4140                              |   32|   0|   32|          0|
    |pos_2_1_reg_3728                               |   32|   0|   32|          0|
    |pos_2_20_reg_4163                              |   32|   0|   32|          0|
    |pos_2_21_reg_4186                              |   32|   0|   32|          0|
    |pos_2_22_reg_4208                              |   32|   0|   32|          0|
    |pos_2_23_reg_4230                              |   32|   0|   32|          0|
    |pos_2_24_reg_4253                              |   32|   0|   32|          0|
    |pos_2_25_reg_4276                              |   32|   0|   32|          0|
    |pos_2_26_reg_4298                              |   32|   0|   32|          0|
    |pos_2_27_reg_4321                              |   32|   0|   32|          0|
    |pos_2_28_reg_4344                              |   32|   0|   32|          0|
    |pos_2_29_reg_4367                              |   32|   0|   32|          0|
    |pos_2_2_reg_3750                               |   32|   0|   32|          0|
    |pos_2_30_reg_4390                              |   32|   0|   32|          0|
    |pos_2_31_reg_4413                              |   32|   0|   32|          0|
    |pos_2_32_reg_4436                              |   32|   0|   32|          0|
    |pos_2_33_reg_4459                              |   32|   0|   32|          0|
    |pos_2_34_reg_4482                              |   32|   0|   32|          0|
    |pos_2_35_reg_4505                              |   32|   0|   32|          0|
    |pos_2_36_reg_4528                              |   32|   0|   32|          0|
    |pos_2_37_reg_4551                              |   32|   0|   32|          0|
    |pos_2_38_reg_4563                              |   32|   0|   32|          0|
    |pos_2_3_reg_3773                               |   32|   0|   32|          0|
    |pos_2_4_reg_3796                               |   32|   0|   32|          0|
    |pos_2_5_reg_3819                               |   32|   0|   32|          0|
    |pos_2_6_reg_3842                               |   32|   0|   32|          0|
    |pos_2_7_reg_3865                               |   32|   0|   32|          0|
    |pos_2_8_reg_3888                               |   32|   0|   32|          0|
    |pos_2_9_reg_3911                               |   32|   0|   32|          0|
    |signs_0_reg_3682                               |   64|   0|   64|          0|
    |state_pos_reg_6844                             |   32|   0|   32|          0|
    |state_s_addr_reg_6849                          |    5|   0|    5|          0|
    |tmp_490_reg_7951                               |    1|   0|    1|          0|
    +-----------------------------------------------+-----+----+-----+-----------+
    |Total                                          | 4519|   0| 4519|          0|
    +-----------------------------------------------+-----+----+-----+-----------+



================================================================
== Interface
================================================================
* Summary: 
+-------------------+-----+-----+------------+-------------------------+--------------+
|     RTL Ports     | Dir | Bits|  Protocol  |      Source Object      |    C Type    |
+-------------------+-----+-----+------------+-------------------------+--------------+
|ap_clk             |  in |    1| ap_ctrl_hs | pqcrystals_dilithium.17 | return value |
|ap_rst             |  in |    1| ap_ctrl_hs | pqcrystals_dilithium.17 | return value |
|ap_start           |  in |    1| ap_ctrl_hs | pqcrystals_dilithium.17 | return value |
|ap_done            | out |    1| ap_ctrl_hs | pqcrystals_dilithium.17 | return value |
|ap_idle            | out |    1| ap_ctrl_hs | pqcrystals_dilithium.17 | return value |
|ap_ready           | out |    1| ap_ctrl_hs | pqcrystals_dilithium.17 | return value |
|c_coeffs_address0  | out |    8|  ap_memory |         c_coeffs        |     array    |
|c_coeffs_ce0       | out |    1|  ap_memory |         c_coeffs        |     array    |
|c_coeffs_we0       | out |    1|  ap_memory |         c_coeffs        |     array    |
|c_coeffs_d0        | out |   32|  ap_memory |         c_coeffs        |     array    |
|c_coeffs_q0        |  in |   32|  ap_memory |         c_coeffs        |     array    |
|c_coeffs_address1  | out |    8|  ap_memory |         c_coeffs        |     array    |
|c_coeffs_ce1       | out |    1|  ap_memory |         c_coeffs        |     array    |
|c_coeffs_we1       | out |    1|  ap_memory |         c_coeffs        |     array    |
|c_coeffs_d1        | out |   32|  ap_memory |         c_coeffs        |     array    |
|c_coeffs_q1        |  in |   32|  ap_memory |         c_coeffs        |     array    |
|seed_address0      | out |   13|  ap_memory |           seed          |     array    |
|seed_ce0           | out |    1|  ap_memory |           seed          |     array    |
|seed_q0            |  in |    8|  ap_memory |           seed          |     array    |
|seed_address1      | out |   13|  ap_memory |           seed          |     array    |
|seed_ce1           | out |    1|  ap_memory |           seed          |     array    |
|seed_q1            |  in |    8|  ap_memory |           seed          |     array    |
+-------------------+-----+-----+------------+-------------------------+--------------+

