

================================================================
== Vivado HLS Report for 'pqcrystals_dilithium_3'
================================================================
* Date:           Sun Apr  9 23:06:20 2023

* Version:        2019.2 (Build 2704478 on Wed Nov 06 22:10:23 MST 2019)
* Project:        crypto_sign
* Solution:       solution1
* Product family: artix7
* Target device:  xc7a200t-fbg676-2


================================================================
== Performance Estimates
================================================================
+ Timing: 
    * Summary: 
    +--------+----------+----------+------------+
    |  Clock |  Target  | Estimated| Uncertainty|
    +--------+----------+----------+------------+
    |ap_clk  | 10.00 us | 7.448 ns |   1.25 us  |
    +--------+----------+----------+------------+

+ Latency: 
    * Summary: 
    +---------+---------+----------+----------+-----+-----+---------+
    |  Latency (cycles) |  Latency (absolute) |  Interval | Pipeline|
    |   min   |   max   |    min   |    max   | min | max |   Type  |
    +---------+---------+----------+----------+-----+-----+---------+
    |      288|      288| 2.880 ms | 2.880 ms |  288|  288|   none  |
    +---------+---------+----------+----------+-----+-----+---------+

    + Detail: 
        * Instance: 
        N/A

        * Loop: 
        N/A



================================================================
== Utilization Estimates
================================================================
* Summary: 
+-----------------+---------+-------+--------+--------+-----+
|       Name      | BRAM_18K| DSP48E|   FF   |   LUT  | URAM|
+-----------------+---------+-------+--------+--------+-----+
|DSP              |        -|      -|       -|       -|    -|
|Expression       |        -|      -|       0|   11510|    -|
|FIFO             |        -|      -|       -|       -|    -|
|Instance         |        -|      -|       -|       -|    -|
|Memory           |        -|      -|       -|       -|    -|
|Multiplexer      |        -|      -|       -|    6262|    -|
|Register         |        -|      -|     307|       -|    -|
+-----------------+---------+-------+--------+--------+-----+
|Total            |        0|      0|     307|   17772|    0|
+-----------------+---------+-------+--------+--------+-----+
|Available        |      730|    740|  269200|  134600|    0|
+-----------------+---------+-------+--------+--------+-----+
|Utilization (%)  |        0|      0|   ~0   |      13|    0|
+-----------------+---------+-------+--------+--------+-----+

+ Detail: 
    * Instance: 
    N/A

    * DSP48E: 
    N/A

    * Memory: 
    N/A

    * FIFO: 
    N/A

    * Expression: 
    +--------------------------+----------+-------+---+-----+------------+------------+
    |       Variable Name      | Operation| DSP48E| FF| LUT | Bitwidth P0| Bitwidth P1|
    +--------------------------+----------+-------+---+-----+------------+------------+
    |sub_ln906_10_fu_11710_p2  |     -    |      0|  0|   26|          18|          19|
    |sub_ln906_11_fu_11980_p2  |     -    |      0|  0|   26|          18|          19|
    |sub_ln906_12_fu_12250_p2  |     -    |      0|  0|   26|          18|          19|
    |sub_ln906_13_fu_12520_p2  |     -    |      0|  0|   26|          18|          19|
    |sub_ln906_14_fu_12790_p2  |     -    |      0|  0|   26|          18|          19|
    |sub_ln906_15_fu_13060_p2  |     -    |      0|  0|   26|          18|          19|
    |sub_ln906_16_fu_13330_p2  |     -    |      0|  0|   26|          18|          19|
    |sub_ln906_17_fu_13600_p2  |     -    |      0|  0|   26|          18|          19|
    |sub_ln906_18_fu_13870_p2  |     -    |      0|  0|   26|          18|          19|
    |sub_ln906_19_fu_14140_p2  |     -    |      0|  0|   26|          18|          19|
    |sub_ln906_1_fu_9280_p2    |     -    |      0|  0|   26|          18|          19|
    |sub_ln906_20_fu_14410_p2  |     -    |      0|  0|   26|          18|          19|
    |sub_ln906_21_fu_14680_p2  |     -    |      0|  0|   26|          18|          19|
    |sub_ln906_22_fu_14950_p2  |     -    |      0|  0|   26|          18|          19|
    |sub_ln906_23_fu_15220_p2  |     -    |      0|  0|   26|          18|          19|
    |sub_ln906_24_fu_15490_p2  |     -    |      0|  0|   26|          18|          19|
    |sub_ln906_25_fu_15760_p2  |     -    |      0|  0|   26|          18|          19|
    |sub_ln906_26_fu_16030_p2  |     -    |      0|  0|   26|          18|          19|
    |sub_ln906_27_fu_16300_p2  |     -    |      0|  0|   26|          18|          19|
    |sub_ln906_28_fu_16570_p2  |     -    |      0|  0|   26|          18|          19|
    |sub_ln906_29_fu_16840_p2  |     -    |      0|  0|   26|          18|          19|
    |sub_ln906_2_fu_9550_p2    |     -    |      0|  0|   26|          18|          19|
    |sub_ln906_30_fu_17110_p2  |     -    |      0|  0|   26|          18|          19|
    |sub_ln906_31_fu_17380_p2  |     -    |      0|  0|   26|          18|          19|
    |sub_ln906_32_fu_17650_p2  |     -    |      0|  0|   26|          18|          19|
    |sub_ln906_33_fu_17920_p2  |     -    |      0|  0|   26|          18|          19|
    |sub_ln906_34_fu_18190_p2  |     -    |      0|  0|   26|          18|          19|
    |sub_ln906_35_fu_18460_p2  |     -    |      0|  0|   26|          18|          19|
    |sub_ln906_36_fu_18730_p2  |     -    |      0|  0|   26|          18|          19|
    |sub_ln906_37_fu_19000_p2  |     -    |      0|  0|   26|          18|          19|
    |sub_ln906_38_fu_19270_p2  |     -    |      0|  0|   26|          18|          19|
    |sub_ln906_39_fu_19540_p2  |     -    |      0|  0|   26|          18|          19|
    |sub_ln906_3_fu_9820_p2    |     -    |      0|  0|   26|          18|          19|
    |sub_ln906_40_fu_19810_p2  |     -    |      0|  0|   26|          18|          19|
    |sub_ln906_41_fu_20080_p2  |     -    |      0|  0|   26|          18|          19|
    |sub_ln906_42_fu_20350_p2  |     -    |      0|  0|   26|          18|          19|
    |sub_ln906_43_fu_20620_p2  |     -    |      0|  0|   26|          18|          19|
    |sub_ln906_44_fu_20890_p2  |     -    |      0|  0|   26|          18|          19|
    |sub_ln906_45_fu_21160_p2  |     -    |      0|  0|   26|          18|          19|
    |sub_ln906_46_fu_21430_p2  |     -    |      0|  0|   26|          18|          19|
    |sub_ln906_47_fu_21700_p2  |     -    |      0|  0|   26|          18|          19|
    |sub_ln906_48_fu_21970_p2  |     -    |      0|  0|   26|          18|          19|
    |sub_ln906_49_fu_22240_p2  |     -    |      0|  0|   26|          18|          19|
    |sub_ln906_4_fu_10090_p2   |     -    |      0|  0|   26|          18|          19|
    |sub_ln906_50_fu_22510_p2  |     -    |      0|  0|   26|          18|          19|
    |sub_ln906_51_fu_22780_p2  |     -    |      0|  0|   26|          18|          19|
    |sub_ln906_52_fu_23050_p2  |     -    |      0|  0|   26|          18|          19|
    |sub_ln906_53_fu_23320_p2  |     -    |      0|  0|   26|          18|          19|
    |sub_ln906_54_fu_23590_p2  |     -    |      0|  0|   26|          18|          19|
    |sub_ln906_55_fu_23860_p2  |     -    |      0|  0|   26|          18|          19|
    |sub_ln906_56_fu_24130_p2  |     -    |      0|  0|   26|          18|          19|
    |sub_ln906_57_fu_24400_p2  |     -    |      0|  0|   26|          18|          19|
    |sub_ln906_58_fu_24670_p2  |     -    |      0|  0|   26|          18|          19|
    |sub_ln906_59_fu_24940_p2  |     -    |      0|  0|   26|          18|          19|
    |sub_ln906_5_fu_10360_p2   |     -    |      0|  0|   26|          18|          19|
    |sub_ln906_60_fu_25210_p2  |     -    |      0|  0|   26|          18|          19|
    |sub_ln906_61_fu_25480_p2  |     -    |      0|  0|   26|          18|          19|
    |sub_ln906_62_fu_25750_p2  |     -    |      0|  0|   26|          18|          19|
    |sub_ln906_63_fu_26020_p2  |     -    |      0|  0|   26|          18|          19|
    |sub_ln906_6_fu_10630_p2   |     -    |      0|  0|   26|          18|          19|
    |sub_ln906_7_fu_10900_p2   |     -    |      0|  0|   26|          18|          19|
    |sub_ln906_8_fu_11170_p2   |     -    |      0|  0|   26|          18|          19|
    |sub_ln906_9_fu_11440_p2   |     -    |      0|  0|   26|          18|          19|
    |sub_ln906_fu_9010_p2      |     -    |      0|  0|   26|          18|          19|
    |sub_ln907_10_fu_11787_p2  |     -    |      0|  0|   26|          18|          19|
    |sub_ln907_11_fu_12057_p2  |     -    |      0|  0|   26|          18|          19|
    |sub_ln907_12_fu_12327_p2  |     -    |      0|  0|   26|          18|          19|
    |sub_ln907_13_fu_12597_p2  |     -    |      0|  0|   26|          18|          19|
    |sub_ln907_14_fu_12867_p2  |     -    |      0|  0|   26|          18|          19|
    |sub_ln907_15_fu_13137_p2  |     -    |      0|  0|   26|          18|          19|
    |sub_ln907_16_fu_13407_p2  |     -    |      0|  0|   26|          18|          19|
    |sub_ln907_17_fu_13677_p2  |     -    |      0|  0|   26|          18|          19|
    |sub_ln907_18_fu_13947_p2  |     -    |      0|  0|   26|          18|          19|
    |sub_ln907_19_fu_14217_p2  |     -    |      0|  0|   26|          18|          19|
    |sub_ln907_1_fu_9357_p2    |     -    |      0|  0|   26|          18|          19|
    |sub_ln907_20_fu_14487_p2  |     -    |      0|  0|   26|          18|          19|
    |sub_ln907_21_fu_14757_p2  |     -    |      0|  0|   26|          18|          19|
    |sub_ln907_22_fu_15027_p2  |     -    |      0|  0|   26|          18|          19|
    |sub_ln907_23_fu_15297_p2  |     -    |      0|  0|   26|          18|          19|
    |sub_ln907_24_fu_15567_p2  |     -    |      0|  0|   26|          18|          19|
    |sub_ln907_25_fu_15837_p2  |     -    |      0|  0|   26|          18|          19|
    |sub_ln907_26_fu_16107_p2  |     -    |      0|  0|   26|          18|          19|
    |sub_ln907_27_fu_16377_p2  |     -    |      0|  0|   26|          18|          19|
    |sub_ln907_28_fu_16647_p2  |     -    |      0|  0|   26|          18|          19|
    |sub_ln907_29_fu_16917_p2  |     -    |      0|  0|   26|          18|          19|
    |sub_ln907_2_fu_9627_p2    |     -    |      0|  0|   26|          18|          19|
    |sub_ln907_30_fu_17187_p2  |     -    |      0|  0|   26|          18|          19|
    |sub_ln907_31_fu_17457_p2  |     -    |      0|  0|   26|          18|          19|
    |sub_ln907_32_fu_17727_p2  |     -    |      0|  0|   26|          18|          19|
    |sub_ln907_33_fu_17997_p2  |     -    |      0|  0|   26|          18|          19|
    |sub_ln907_34_fu_18267_p2  |     -    |      0|  0|   26|          18|          19|
    |sub_ln907_35_fu_18537_p2  |     -    |      0|  0|   26|          18|          19|
    |sub_ln907_36_fu_18807_p2  |     -    |      0|  0|   26|          18|          19|
    |sub_ln907_37_fu_19077_p2  |     -    |      0|  0|   26|          18|          19|
    |sub_ln907_38_fu_19347_p2  |     -    |      0|  0|   26|          18|          19|
    |sub_ln907_39_fu_19617_p2  |     -    |      0|  0|   26|          18|          19|
    |sub_ln907_3_fu_9897_p2    |     -    |      0|  0|   26|          18|          19|
    |sub_ln907_40_fu_19887_p2  |     -    |      0|  0|   26|          18|          19|
    |sub_ln907_41_fu_20157_p2  |     -    |      0|  0|   26|          18|          19|
    |sub_ln907_42_fu_20427_p2  |     -    |      0|  0|   26|          18|          19|
    |sub_ln907_43_fu_20697_p2  |     -    |      0|  0|   26|          18|          19|
    |sub_ln907_44_fu_20967_p2  |     -    |      0|  0|   26|          18|          19|
    |sub_ln907_45_fu_21237_p2  |     -    |      0|  0|   26|          18|          19|
    |sub_ln907_46_fu_21507_p2  |     -    |      0|  0|   26|          18|          19|
    |sub_ln907_47_fu_21777_p2  |     -    |      0|  0|   26|          18|          19|
    |sub_ln907_48_fu_22047_p2  |     -    |      0|  0|   26|          18|          19|
    |sub_ln907_49_fu_22317_p2  |     -    |      0|  0|   26|          18|          19|
    |sub_ln907_4_fu_10167_p2   |     -    |      0|  0|   26|          18|          19|
    |sub_ln907_50_fu_22587_p2  |     -    |      0|  0|   26|          18|          19|
    |sub_ln907_51_fu_22857_p2  |     -    |      0|  0|   26|          18|          19|
    |sub_ln907_52_fu_23127_p2  |     -    |      0|  0|   26|          18|          19|
    |sub_ln907_53_fu_23397_p2  |     -    |      0|  0|   26|          18|          19|
    |sub_ln907_54_fu_23667_p2  |     -    |      0|  0|   26|          18|          19|
    |sub_ln907_55_fu_23937_p2  |     -    |      0|  0|   26|          18|          19|
    |sub_ln907_56_fu_24207_p2  |     -    |      0|  0|   26|          18|          19|
    |sub_ln907_57_fu_24477_p2  |     -    |      0|  0|   26|          18|          19|
    |sub_ln907_58_fu_24747_p2  |     -    |      0|  0|   26|          18|          19|
    |sub_ln907_59_fu_25017_p2  |     -    |      0|  0|   26|          18|          19|
    |sub_ln907_5_fu_10437_p2   |     -    |      0|  0|   26|          18|          19|
    |sub_ln907_60_fu_25287_p2  |     -    |      0|  0|   26|          18|          19|
    |sub_ln907_61_fu_25557_p2  |     -    |      0|  0|   26|          18|          19|
    |sub_ln907_62_fu_25827_p2  |     -    |      0|  0|   26|          18|          19|
    |sub_ln907_63_fu_26097_p2  |     -    |      0|  0|   26|          18|          19|
    |sub_ln907_6_fu_10707_p2   |     -    |      0|  0|   26|          18|          19|
    |sub_ln907_7_fu_10977_p2   |     -    |      0|  0|   26|          18|          19|
    |sub_ln907_8_fu_11247_p2   |     -    |      0|  0|   26|          18|          19|
    |sub_ln907_9_fu_11517_p2   |     -    |      0|  0|   26|          18|          19|
    |sub_ln907_fu_9087_p2      |     -    |      0|  0|   26|          18|          19|
    |sub_ln908_10_fu_11864_p2  |     -    |      0|  0|   26|          18|          19|
    |sub_ln908_11_fu_12134_p2  |     -    |      0|  0|   26|          18|          19|
    |sub_ln908_12_fu_12404_p2  |     -    |      0|  0|   26|          18|          19|
    |sub_ln908_13_fu_12674_p2  |     -    |      0|  0|   26|          18|          19|
    |sub_ln908_14_fu_12944_p2  |     -    |      0|  0|   26|          18|          19|
    |sub_ln908_15_fu_13214_p2  |     -    |      0|  0|   26|          18|          19|
    |sub_ln908_16_fu_13484_p2  |     -    |      0|  0|   26|          18|          19|
    |sub_ln908_17_fu_13754_p2  |     -    |      0|  0|   26|          18|          19|
    |sub_ln908_18_fu_14024_p2  |     -    |      0|  0|   26|          18|          19|
    |sub_ln908_19_fu_14294_p2  |     -    |      0|  0|   26|          18|          19|
    |sub_ln908_1_fu_9434_p2    |     -    |      0|  0|   26|          18|          19|
    |sub_ln908_20_fu_14564_p2  |     -    |      0|  0|   26|          18|          19|
    |sub_ln908_21_fu_14834_p2  |     -    |      0|  0|   26|          18|          19|
    |sub_ln908_22_fu_15104_p2  |     -    |      0|  0|   26|          18|          19|
    |sub_ln908_23_fu_15374_p2  |     -    |      0|  0|   26|          18|          19|
    |sub_ln908_24_fu_15644_p2  |     -    |      0|  0|   26|          18|          19|
    |sub_ln908_25_fu_15914_p2  |     -    |      0|  0|   26|          18|          19|
    |sub_ln908_26_fu_16184_p2  |     -    |      0|  0|   26|          18|          19|
    |sub_ln908_27_fu_16454_p2  |     -    |      0|  0|   26|          18|          19|
    |sub_ln908_28_fu_16724_p2  |     -    |      0|  0|   26|          18|          19|
    |sub_ln908_29_fu_16994_p2  |     -    |      0|  0|   26|          18|          19|
    |sub_ln908_2_fu_9704_p2    |     -    |      0|  0|   26|          18|          19|
    |sub_ln908_30_fu_17264_p2  |     -    |      0|  0|   26|          18|          19|
    |sub_ln908_31_fu_17534_p2  |     -    |      0|  0|   26|          18|          19|
    |sub_ln908_32_fu_17804_p2  |     -    |      0|  0|   26|          18|          19|
    |sub_ln908_33_fu_18074_p2  |     -    |      0|  0|   26|          18|          19|
    |sub_ln908_34_fu_18344_p2  |     -    |      0|  0|   26|          18|          19|
    |sub_ln908_35_fu_18614_p2  |     -    |      0|  0|   26|          18|          19|
    |sub_ln908_36_fu_18884_p2  |     -    |      0|  0|   26|          18|          19|
    |sub_ln908_37_fu_19154_p2  |     -    |      0|  0|   26|          18|          19|
    |sub_ln908_38_fu_19424_p2  |     -    |      0|  0|   26|          18|          19|
    |sub_ln908_39_fu_19694_p2  |     -    |      0|  0|   26|          18|          19|
    |sub_ln908_3_fu_9974_p2    |     -    |      0|  0|   26|          18|          19|
    |sub_ln908_40_fu_19964_p2  |     -    |      0|  0|   26|          18|          19|
    |sub_ln908_41_fu_20234_p2  |     -    |      0|  0|   26|          18|          19|
    |sub_ln908_42_fu_20504_p2  |     -    |      0|  0|   26|          18|          19|
    |sub_ln908_43_fu_20774_p2  |     -    |      0|  0|   26|          18|          19|
    |sub_ln908_44_fu_21044_p2  |     -    |      0|  0|   26|          18|          19|
    |sub_ln908_45_fu_21314_p2  |     -    |      0|  0|   26|          18|          19|
    |sub_ln908_46_fu_21584_p2  |     -    |      0|  0|   26|          18|          19|
    |sub_ln908_47_fu_21854_p2  |     -    |      0|  0|   26|          18|          19|
    |sub_ln908_48_fu_22124_p2  |     -    |      0|  0|   26|          18|          19|
    |sub_ln908_49_fu_22394_p2  |     -    |      0|  0|   26|          18|          19|
    |sub_ln908_4_fu_10244_p2   |     -    |      0|  0|   26|          18|          19|
    |sub_ln908_50_fu_22664_p2  |     -    |      0|  0|   26|          18|          19|
    |sub_ln908_51_fu_22934_p2  |     -    |      0|  0|   26|          18|          19|
    |sub_ln908_52_fu_23204_p2  |     -    |      0|  0|   26|          18|          19|
    |sub_ln908_53_fu_23474_p2  |     -    |      0|  0|   26|          18|          19|
    |sub_ln908_54_fu_23744_p2  |     -    |      0|  0|   26|          18|          19|
    |sub_ln908_55_fu_24014_p2  |     -    |      0|  0|   26|          18|          19|
    |sub_ln908_56_fu_24284_p2  |     -    |      0|  0|   26|          18|          19|
    |sub_ln908_57_fu_24554_p2  |     -    |      0|  0|   26|          18|          19|
    |sub_ln908_58_fu_24824_p2  |     -    |      0|  0|   26|          18|          19|
    |sub_ln908_59_fu_25094_p2  |     -    |      0|  0|   26|          18|          19|
    |sub_ln908_5_fu_10514_p2   |     -    |      0|  0|   26|          18|          19|
    |sub_ln908_60_fu_25364_p2  |     -    |      0|  0|   26|          18|          19|
    |sub_ln908_61_fu_25634_p2  |     -    |      0|  0|   26|          18|          19|
    |sub_ln908_62_fu_25904_p2  |     -    |      0|  0|   26|          18|          19|
    |sub_ln908_63_fu_26174_p2  |     -    |      0|  0|   26|          18|          19|
    |sub_ln908_6_fu_10784_p2   |     -    |      0|  0|   26|          18|          19|
    |sub_ln908_7_fu_11054_p2   |     -    |      0|  0|   26|          18|          19|
    |sub_ln908_8_fu_11324_p2   |     -    |      0|  0|   26|          18|          19|
    |sub_ln908_9_fu_11594_p2   |     -    |      0|  0|   26|          18|          19|
    |sub_ln908_fu_9164_p2      |     -    |      0|  0|   26|          18|          19|
    |sub_ln909_10_fu_11937_p2  |     -    |      0|  0|   26|          18|          19|
    |sub_ln909_11_fu_12207_p2  |     -    |      0|  0|   26|          18|          19|
    |sub_ln909_12_fu_12477_p2  |     -    |      0|  0|   26|          18|          19|
    |sub_ln909_13_fu_12747_p2  |     -    |      0|  0|   26|          18|          19|
    |sub_ln909_14_fu_13017_p2  |     -    |      0|  0|   26|          18|          19|
    |sub_ln909_15_fu_13287_p2  |     -    |      0|  0|   26|          18|          19|
    |sub_ln909_16_fu_13557_p2  |     -    |      0|  0|   26|          18|          19|
    |sub_ln909_17_fu_13827_p2  |     -    |      0|  0|   26|          18|          19|
    |sub_ln909_18_fu_14097_p2  |     -    |      0|  0|   26|          18|          19|
    |sub_ln909_19_fu_14367_p2  |     -    |      0|  0|   26|          18|          19|
    |sub_ln909_1_fu_9507_p2    |     -    |      0|  0|   26|          18|          19|
    |sub_ln909_20_fu_14637_p2  |     -    |      0|  0|   26|          18|          19|
    |sub_ln909_21_fu_14907_p2  |     -    |      0|  0|   26|          18|          19|
    |sub_ln909_22_fu_15177_p2  |     -    |      0|  0|   26|          18|          19|
    |sub_ln909_23_fu_15447_p2  |     -    |      0|  0|   26|          18|          19|
    |sub_ln909_24_fu_15717_p2  |     -    |      0|  0|   26|          18|          19|
    |sub_ln909_25_fu_15987_p2  |     -    |      0|  0|   26|          18|          19|
    |sub_ln909_26_fu_16257_p2  |     -    |      0|  0|   26|          18|          19|
    |sub_ln909_27_fu_16527_p2  |     -    |      0|  0|   26|          18|          19|
    |sub_ln909_28_fu_16797_p2  |     -    |      0|  0|   26|          18|          19|
    |sub_ln909_29_fu_17067_p2  |     -    |      0|  0|   26|          18|          19|
    |sub_ln909_2_fu_9777_p2    |     -    |      0|  0|   26|          18|          19|
    |sub_ln909_30_fu_17337_p2  |     -    |      0|  0|   26|          18|          19|
    |sub_ln909_31_fu_17607_p2  |     -    |      0|  0|   26|          18|          19|
    |sub_ln909_32_fu_17877_p2  |     -    |      0|  0|   26|          18|          19|
    |sub_ln909_33_fu_18147_p2  |     -    |      0|  0|   26|          18|          19|
    |sub_ln909_34_fu_18417_p2  |     -    |      0|  0|   26|          18|          19|
    |sub_ln909_35_fu_18687_p2  |     -    |      0|  0|   26|          18|          19|
    |sub_ln909_36_fu_18957_p2  |     -    |      0|  0|   26|          18|          19|
    |sub_ln909_37_fu_19227_p2  |     -    |      0|  0|   26|          18|          19|
    |sub_ln909_38_fu_19497_p2  |     -    |      0|  0|   26|          18|          19|
    |sub_ln909_39_fu_19767_p2  |     -    |      0|  0|   26|          18|          19|
    |sub_ln909_3_fu_10047_p2   |     -    |      0|  0|   26|          18|          19|
    |sub_ln909_40_fu_20037_p2  |     -    |      0|  0|   26|          18|          19|
    |sub_ln909_41_fu_20307_p2  |     -    |      0|  0|   26|          18|          19|
    |sub_ln909_42_fu_20577_p2  |     -    |      0|  0|   26|          18|          19|
    |sub_ln909_43_fu_20847_p2  |     -    |      0|  0|   26|          18|          19|
    |sub_ln909_44_fu_21117_p2  |     -    |      0|  0|   26|          18|          19|
    |sub_ln909_45_fu_21387_p2  |     -    |      0|  0|   26|          18|          19|
    |sub_ln909_46_fu_21657_p2  |     -    |      0|  0|   26|          18|          19|
    |sub_ln909_47_fu_21927_p2  |     -    |      0|  0|   26|          18|          19|
    |sub_ln909_48_fu_22197_p2  |     -    |      0|  0|   26|          18|          19|
    |sub_ln909_49_fu_22467_p2  |     -    |      0|  0|   26|          18|          19|
    |sub_ln909_4_fu_10317_p2   |     -    |      0|  0|   26|          18|          19|
    |sub_ln909_50_fu_22737_p2  |     -    |      0|  0|   26|          18|          19|
    |sub_ln909_51_fu_23007_p2  |     -    |      0|  0|   26|          18|          19|
    |sub_ln909_52_fu_23277_p2  |     -    |      0|  0|   26|          18|          19|
    |sub_ln909_53_fu_23547_p2  |     -    |      0|  0|   26|          18|          19|
    |sub_ln909_54_fu_23817_p2  |     -    |      0|  0|   26|          18|          19|
    |sub_ln909_55_fu_24087_p2  |     -    |      0|  0|   26|          18|          19|
    |sub_ln909_56_fu_24357_p2  |     -    |      0|  0|   26|          18|          19|
    |sub_ln909_57_fu_24627_p2  |     -    |      0|  0|   26|          18|          19|
    |sub_ln909_58_fu_24897_p2  |     -    |      0|  0|   26|          18|          19|
    |sub_ln909_59_fu_25167_p2  |     -    |      0|  0|   26|          18|          19|
    |sub_ln909_5_fu_10587_p2   |     -    |      0|  0|   26|          18|          19|
    |sub_ln909_60_fu_25437_p2  |     -    |      0|  0|   26|          18|          19|
    |sub_ln909_61_fu_25707_p2  |     -    |      0|  0|   26|          18|          19|
    |sub_ln909_62_fu_25977_p2  |     -    |      0|  0|   26|          18|          19|
    |sub_ln909_63_fu_26247_p2  |     -    |      0|  0|   26|          18|          19|
    |sub_ln909_6_fu_10857_p2   |     -    |      0|  0|   26|          18|          19|
    |sub_ln909_7_fu_11127_p2   |     -    |      0|  0|   26|          18|          19|
    |sub_ln909_8_fu_11397_p2   |     -    |      0|  0|   26|          18|          19|
    |sub_ln909_9_fu_11667_p2   |     -    |      0|  0|   26|          18|          19|
    |sub_ln909_fu_9237_p2      |     -    |      0|  0|   26|          18|          19|
    |or_ln886_10_fu_11948_p2   |    or    |      0|  0|   10|          10|           6|
    |or_ln886_11_fu_12218_p2   |    or    |      0|  0|   10|          10|           6|
    |or_ln886_12_fu_12488_p2   |    or    |      0|  0|   10|          10|           6|
    |or_ln886_13_fu_12758_p2   |    or    |      0|  0|   10|          10|           6|
    |or_ln886_14_fu_13028_p2   |    or    |      0|  0|   10|          10|           6|
    |or_ln886_15_fu_13298_p2   |    or    |      0|  0|   10|          10|           7|
    |or_ln886_16_fu_13568_p2   |    or    |      0|  0|   10|          10|           7|
    |or_ln886_17_fu_13838_p2   |    or    |      0|  0|   10|          10|           7|
    |or_ln886_18_fu_14108_p2   |    or    |      0|  0|   10|          10|           7|
    |or_ln886_19_fu_14378_p2   |    or    |      0|  0|   10|          10|           7|
    |or_ln886_1_fu_9518_p2     |    or    |      0|  0|   10|          10|           4|
    |or_ln886_20_fu_14648_p2   |    or    |      0|  0|   10|          10|           7|
    |or_ln886_21_fu_14918_p2   |    or    |      0|  0|   10|          10|           7|
    |or_ln886_22_fu_15188_p2   |    or    |      0|  0|   10|          10|           7|
    |or_ln886_23_fu_15458_p2   |    or    |      0|  0|   10|          10|           7|
    |or_ln886_24_fu_15728_p2   |    or    |      0|  0|   10|          10|           7|
    |or_ln886_25_fu_15998_p2   |    or    |      0|  0|   10|          10|           7|
    |or_ln886_26_fu_16268_p2   |    or    |      0|  0|   10|          10|           7|
    |or_ln886_27_fu_16538_p2   |    or    |      0|  0|   10|          10|           7|
    |or_ln886_28_fu_16808_p2   |    or    |      0|  0|   10|          10|           7|
    |or_ln886_29_fu_17078_p2   |    or    |      0|  0|   10|          10|           7|
    |or_ln886_2_fu_9788_p2     |    or    |      0|  0|   10|          10|           4|
    |or_ln886_30_fu_17348_p2   |    or    |      0|  0|   10|          10|           7|
    |or_ln886_31_fu_17618_p2   |    or    |      0|  0|   10|          10|           8|
    |or_ln886_32_fu_17888_p2   |    or    |      0|  0|   10|          10|           8|
    |or_ln886_33_fu_18158_p2   |    or    |      0|  0|   10|          10|           8|
    |or_ln886_34_fu_18428_p2   |    or    |      0|  0|   10|          10|           8|
    |or_ln886_35_fu_18698_p2   |    or    |      0|  0|   10|          10|           8|
    |or_ln886_36_fu_18968_p2   |    or    |      0|  0|   10|          10|           8|
    |or_ln886_37_fu_19238_p2   |    or    |      0|  0|   10|          10|           8|
    |or_ln886_38_fu_19508_p2   |    or    |      0|  0|   10|          10|           8|
    |or_ln886_39_fu_19778_p2   |    or    |      0|  0|   10|          10|           8|
    |or_ln886_3_fu_10058_p2    |    or    |      0|  0|   10|          10|           5|
    |or_ln886_40_fu_20048_p2   |    or    |      0|  0|   10|          10|           8|
    |or_ln886_41_fu_20318_p2   |    or    |      0|  0|   10|          10|           8|
    |or_ln886_42_fu_20588_p2   |    or    |      0|  0|   10|          10|           8|
    |or_ln886_43_fu_20858_p2   |    or    |      0|  0|   10|          10|           8|
    |or_ln886_44_fu_21128_p2   |    or    |      0|  0|   10|          10|           8|
    |or_ln886_45_fu_21398_p2   |    or    |      0|  0|   10|          10|           8|
    |or_ln886_46_fu_21668_p2   |    or    |      0|  0|   10|          10|           8|
    |or_ln886_47_fu_21938_p2   |    or    |      0|  0|   10|          10|           8|
    |or_ln886_48_fu_22208_p2   |    or    |      0|  0|   10|          10|           8|
    |or_ln886_49_fu_22478_p2   |    or    |      0|  0|   10|          10|           8|
    |or_ln886_4_fu_10328_p2    |    or    |      0|  0|   10|          10|           5|
    |or_ln886_50_fu_22748_p2   |    or    |      0|  0|   10|          10|           8|
    |or_ln886_51_fu_23018_p2   |    or    |      0|  0|   10|          10|           8|
    |or_ln886_52_fu_23288_p2   |    or    |      0|  0|   10|          10|           8|
    |or_ln886_53_fu_23558_p2   |    or    |      0|  0|   10|          10|           8|
    |or_ln886_54_fu_23828_p2   |    or    |      0|  0|   10|          10|           8|
    |or_ln886_55_fu_24098_p2   |    or    |      0|  0|   10|          10|           8|
    |or_ln886_56_fu_24368_p2   |    or    |      0|  0|   10|          10|           8|
    |or_ln886_57_fu_24638_p2   |    or    |      0|  0|   10|          10|           8|
    |or_ln886_58_fu_24908_p2   |    or    |      0|  0|   10|          10|           8|
    |or_ln886_59_fu_25178_p2   |    or    |      0|  0|   10|          10|           8|
    |or_ln886_5_fu_10598_p2    |    or    |      0|  0|   10|          10|           5|
    |or_ln886_60_fu_25448_p2   |    or    |      0|  0|   10|          10|           8|
    |or_ln886_61_fu_25718_p2   |    or    |      0|  0|   10|          10|           8|
    |or_ln886_62_fu_25988_p2   |    or    |      0|  0|   10|          10|           8|
    |or_ln886_6_fu_10868_p2    |    or    |      0|  0|   10|          10|           5|
    |or_ln886_7_fu_11138_p2    |    or    |      0|  0|   10|          10|           6|
    |or_ln886_8_fu_11408_p2    |    or    |      0|  0|   10|          10|           6|
    |or_ln886_9_fu_11678_p2    |    or    |      0|  0|   10|          10|           6|
    |or_ln886_fu_9248_p2       |    or    |      0|  0|   10|          10|           3|
    |or_ln891_10_fu_11721_p2   |    or    |      0|  0|   10|          10|           6|
    |or_ln891_11_fu_11991_p2   |    or    |      0|  0|   10|          10|           6|
    |or_ln891_12_fu_12261_p2   |    or    |      0|  0|   10|          10|           6|
    |or_ln891_13_fu_12531_p2   |    or    |      0|  0|   10|          10|           6|
    |or_ln891_14_fu_12801_p2   |    or    |      0|  0|   10|          10|           6|
    |or_ln891_15_fu_13071_p2   |    or    |      0|  0|   10|          10|           6|
    |or_ln891_16_fu_13341_p2   |    or    |      0|  0|   10|          10|           7|
    |or_ln891_17_fu_13611_p2   |    or    |      0|  0|   10|          10|           7|
    |or_ln891_18_fu_13881_p2   |    or    |      0|  0|   10|          10|           7|
    |or_ln891_19_fu_14151_p2   |    or    |      0|  0|   10|          10|           7|
    |or_ln891_1_fu_9291_p2     |    or    |      0|  0|   10|          10|           3|
    |or_ln891_20_fu_14421_p2   |    or    |      0|  0|   10|          10|           7|
    |or_ln891_21_fu_14691_p2   |    or    |      0|  0|   10|          10|           7|
    |or_ln891_22_fu_14961_p2   |    or    |      0|  0|   10|          10|           7|
    |or_ln891_23_fu_15231_p2   |    or    |      0|  0|   10|          10|           7|
    |or_ln891_24_fu_15501_p2   |    or    |      0|  0|   10|          10|           7|
    |or_ln891_25_fu_15771_p2   |    or    |      0|  0|   10|          10|           7|
    |or_ln891_26_fu_16041_p2   |    or    |      0|  0|   10|          10|           7|
    |or_ln891_27_fu_16311_p2   |    or    |      0|  0|   10|          10|           7|
    |or_ln891_28_fu_16581_p2   |    or    |      0|  0|   10|          10|           7|
    |or_ln891_29_fu_16851_p2   |    or    |      0|  0|   10|          10|           7|
    |or_ln891_2_fu_9561_p2     |    or    |      0|  0|   10|          10|           4|
    |or_ln891_30_fu_17121_p2   |    or    |      0|  0|   10|          10|           7|
    |or_ln891_31_fu_17391_p2   |    or    |      0|  0|   10|          10|           7|
    |or_ln891_32_fu_17661_p2   |    or    |      0|  0|   10|          10|           8|
    |or_ln891_33_fu_17931_p2   |    or    |      0|  0|   10|          10|           8|
    |or_ln891_34_fu_18201_p2   |    or    |      0|  0|   10|          10|           8|
    |or_ln891_35_fu_18471_p2   |    or    |      0|  0|   10|          10|           8|
    |or_ln891_36_fu_18741_p2   |    or    |      0|  0|   10|          10|           8|
    |or_ln891_37_fu_19011_p2   |    or    |      0|  0|   10|          10|           8|
    |or_ln891_38_fu_19281_p2   |    or    |      0|  0|   10|          10|           8|
    |or_ln891_39_fu_19551_p2   |    or    |      0|  0|   10|          10|           8|
    |or_ln891_3_fu_9831_p2     |    or    |      0|  0|   10|          10|           4|
    |or_ln891_40_fu_19821_p2   |    or    |      0|  0|   10|          10|           8|
    |or_ln891_41_fu_20091_p2   |    or    |      0|  0|   10|          10|           8|
    |or_ln891_42_fu_20361_p2   |    or    |      0|  0|   10|          10|           8|
    |or_ln891_43_fu_20631_p2   |    or    |      0|  0|   10|          10|           8|
    |or_ln891_44_fu_20901_p2   |    or    |      0|  0|   10|          10|           8|
    |or_ln891_45_fu_21171_p2   |    or    |      0|  0|   10|          10|           8|
    |or_ln891_46_fu_21441_p2   |    or    |      0|  0|   10|          10|           8|
    |or_ln891_47_fu_21711_p2   |    or    |      0|  0|   10|          10|           8|
    |or_ln891_48_fu_21981_p2   |    or    |      0|  0|   10|          10|           8|
    |or_ln891_49_fu_22251_p2   |    or    |      0|  0|   10|          10|           8|
    |or_ln891_4_fu_10101_p2    |    or    |      0|  0|   10|          10|           5|
    |or_ln891_50_fu_22521_p2   |    or    |      0|  0|   10|          10|           8|
    |or_ln891_51_fu_22791_p2   |    or    |      0|  0|   10|          10|           8|
    |or_ln891_52_fu_23061_p2   |    or    |      0|  0|   10|          10|           8|
    |or_ln891_53_fu_23331_p2   |    or    |      0|  0|   10|          10|           8|
    |or_ln891_54_fu_23601_p2   |    or    |      0|  0|   10|          10|           8|
    |or_ln891_55_fu_23871_p2   |    or    |      0|  0|   10|          10|           8|
    |or_ln891_56_fu_24141_p2   |    or    |      0|  0|   10|          10|           8|
    |or_ln891_57_fu_24411_p2   |    or    |      0|  0|   10|          10|           8|
    |or_ln891_58_fu_24681_p2   |    or    |      0|  0|   10|          10|           8|
    |or_ln891_59_fu_24951_p2   |    or    |      0|  0|   10|          10|           8|
    |or_ln891_5_fu_10371_p2    |    or    |      0|  0|   10|          10|           5|
    |or_ln891_60_fu_25221_p2   |    or    |      0|  0|   10|          10|           8|
    |or_ln891_61_fu_25491_p2   |    or    |      0|  0|   10|          10|           8|
    |or_ln891_62_fu_25761_p2   |    or    |      0|  0|   10|          10|           8|
    |or_ln891_63_fu_26031_p2   |    or    |      0|  0|   10|          10|           8|
    |or_ln891_6_fu_10641_p2    |    or    |      0|  0|   10|          10|           5|
    |or_ln891_7_fu_10911_p2    |    or    |      0|  0|   10|          10|           5|
    |or_ln891_8_fu_11181_p2    |    or    |      0|  0|   10|          10|           6|
    |or_ln891_9_fu_11451_p2    |    or    |      0|  0|   10|          10|           6|
    |or_ln891_fu_9021_p2       |    or    |      0|  0|   10|          10|           1|
    |or_ln894_100_fu_19329_p2  |    or    |      0|  0|   14|          14|          14|
    |or_ln894_101_fu_19599_p2  |    or    |      0|  0|   14|          14|          14|
    |or_ln894_102_fu_19869_p2  |    or    |      0|  0|   14|          14|          14|
    |or_ln894_103_fu_20139_p2  |    or    |      0|  0|   14|          14|          14|
    |or_ln894_104_fu_20409_p2  |    or    |      0|  0|   14|          14|          14|
    |or_ln894_105_fu_20679_p2  |    or    |      0|  0|   14|          14|          14|
    |or_ln894_106_fu_20949_p2  |    or    |      0|  0|   14|          14|          14|
    |or_ln894_107_fu_21219_p2  |    or    |      0|  0|   14|          14|          14|
    |or_ln894_108_fu_21489_p2  |    or    |      0|  0|   14|          14|          14|
    |or_ln894_109_fu_21759_p2  |    or    |      0|  0|   14|          14|          14|
    |or_ln894_110_fu_22029_p2  |    or    |      0|  0|   14|          14|          14|
    |or_ln894_111_fu_22299_p2  |    or    |      0|  0|   14|          14|          14|
    |or_ln894_112_fu_22569_p2  |    or    |      0|  0|   14|          14|          14|
    |or_ln894_113_fu_22839_p2  |    or    |      0|  0|   14|          14|          14|
    |or_ln894_114_fu_23109_p2  |    or    |      0|  0|   14|          14|          14|
    |or_ln894_115_fu_23379_p2  |    or    |      0|  0|   14|          14|          14|
    |or_ln894_116_fu_23649_p2  |    or    |      0|  0|   14|          14|          14|
    |or_ln894_117_fu_23919_p2  |    or    |      0|  0|   14|          14|          14|
    |or_ln894_118_fu_24189_p2  |    or    |      0|  0|   14|          14|          14|
    |or_ln894_119_fu_24459_p2  |    or    |      0|  0|   14|          14|          14|
    |or_ln894_120_fu_24729_p2  |    or    |      0|  0|   14|          14|          14|
    |or_ln894_121_fu_24999_p2  |    or    |      0|  0|   14|          14|          14|
    |or_ln894_122_fu_25269_p2  |    or    |      0|  0|   14|          14|          14|
    |or_ln894_123_fu_25539_p2  |    or    |      0|  0|   14|          14|          14|
    |or_ln894_124_fu_25809_p2  |    or    |      0|  0|   14|          14|          14|
    |or_ln894_125_fu_26079_p2  |    or    |      0|  0|   14|          14|          14|
    |or_ln894_63_fu_9069_p2    |    or    |      0|  0|   14|          14|          14|
    |or_ln894_64_fu_9609_p2    |    or    |      0|  0|   14|          14|          14|
    |or_ln894_65_fu_9879_p2    |    or    |      0|  0|   14|          14|          14|
    |or_ln894_66_fu_10149_p2   |    or    |      0|  0|   14|          14|          14|
    |or_ln894_67_fu_10419_p2   |    or    |      0|  0|   14|          14|          14|
    |or_ln894_68_fu_10689_p2   |    or    |      0|  0|   14|          14|          14|
    |or_ln894_69_fu_10959_p2   |    or    |      0|  0|   14|          14|          14|
    |or_ln894_70_fu_11229_p2   |    or    |      0|  0|   14|          14|          14|
    |or_ln894_71_fu_11499_p2   |    or    |      0|  0|   14|          14|          14|
    |or_ln894_72_fu_11769_p2   |    or    |      0|  0|   14|          14|          14|
    |or_ln894_73_fu_12039_p2   |    or    |      0|  0|   14|          14|          14|
    |or_ln894_74_fu_12309_p2   |    or    |      0|  0|   14|          14|          14|
    |or_ln894_75_fu_12579_p2   |    or    |      0|  0|   14|          14|          14|
    |or_ln894_76_fu_12849_p2   |    or    |      0|  0|   14|          14|          14|
    |or_ln894_77_fu_13119_p2   |    or    |      0|  0|   14|          14|          14|
    |or_ln894_78_fu_13389_p2   |    or    |      0|  0|   14|          14|          14|
    |or_ln894_79_fu_13659_p2   |    or    |      0|  0|   14|          14|          14|
    |or_ln894_80_fu_13929_p2   |    or    |      0|  0|   14|          14|          14|
    |or_ln894_81_fu_14199_p2   |    or    |      0|  0|   14|          14|          14|
    |or_ln894_82_fu_14469_p2   |    or    |      0|  0|   14|          14|          14|
    |or_ln894_83_fu_14739_p2   |    or    |      0|  0|   14|          14|          14|
    |or_ln894_84_fu_15009_p2   |    or    |      0|  0|   14|          14|          14|
    |or_ln894_85_fu_15279_p2   |    or    |      0|  0|   14|          14|          14|
    |or_ln894_86_fu_15549_p2   |    or    |      0|  0|   14|          14|          14|
    |or_ln894_87_fu_15819_p2   |    or    |      0|  0|   14|          14|          14|
    |or_ln894_88_fu_16089_p2   |    or    |      0|  0|   14|          14|          14|
    |or_ln894_89_fu_16359_p2   |    or    |      0|  0|   14|          14|          14|
    |or_ln894_90_fu_16629_p2   |    or    |      0|  0|   14|          14|          14|
    |or_ln894_91_fu_16899_p2   |    or    |      0|  0|   14|          14|          14|
    |or_ln894_92_fu_17169_p2   |    or    |      0|  0|   14|          14|          14|
    |or_ln894_93_fu_17439_p2   |    or    |      0|  0|   14|          14|          14|
    |or_ln894_94_fu_17709_p2   |    or    |      0|  0|   14|          14|          14|
    |or_ln894_95_fu_17979_p2   |    or    |      0|  0|   14|          14|          14|
    |or_ln894_96_fu_18249_p2   |    or    |      0|  0|   14|          14|          14|
    |or_ln894_97_fu_18519_p2   |    or    |      0|  0|   14|          14|          14|
    |or_ln894_98_fu_18789_p2   |    or    |      0|  0|   14|          14|          14|
    |or_ln894_99_fu_19059_p2   |    or    |      0|  0|   14|          14|          14|
    |or_ln894_fu_9339_p2       |    or    |      0|  0|   14|          14|          14|
    |or_ln896_10_fu_11798_p2   |    or    |      0|  0|   10|          10|           6|
    |or_ln896_11_fu_12068_p2   |    or    |      0|  0|   10|          10|           6|
    |or_ln896_12_fu_12338_p2   |    or    |      0|  0|   10|          10|           6|
    |or_ln896_13_fu_12608_p2   |    or    |      0|  0|   10|          10|           6|
    |or_ln896_14_fu_12878_p2   |    or    |      0|  0|   10|          10|           6|
    |or_ln896_15_fu_13148_p2   |    or    |      0|  0|   10|          10|           6|
    |or_ln896_16_fu_13418_p2   |    or    |      0|  0|   10|          10|           7|
    |or_ln896_17_fu_13688_p2   |    or    |      0|  0|   10|          10|           7|
    |or_ln896_18_fu_13958_p2   |    or    |      0|  0|   10|          10|           7|
    |or_ln896_19_fu_14228_p2   |    or    |      0|  0|   10|          10|           7|
    |or_ln896_1_fu_9368_p2     |    or    |      0|  0|   10|          10|           3|
    |or_ln896_20_fu_14498_p2   |    or    |      0|  0|   10|          10|           7|
    |or_ln896_21_fu_14768_p2   |    or    |      0|  0|   10|          10|           7|
    |or_ln896_22_fu_15038_p2   |    or    |      0|  0|   10|          10|           7|
    |or_ln896_23_fu_15308_p2   |    or    |      0|  0|   10|          10|           7|
    |or_ln896_24_fu_15578_p2   |    or    |      0|  0|   10|          10|           7|
    |or_ln896_25_fu_15848_p2   |    or    |      0|  0|   10|          10|           7|
    |or_ln896_26_fu_16118_p2   |    or    |      0|  0|   10|          10|           7|
    |or_ln896_27_fu_16388_p2   |    or    |      0|  0|   10|          10|           7|
    |or_ln896_28_fu_16658_p2   |    or    |      0|  0|   10|          10|           7|
    |or_ln896_29_fu_16928_p2   |    or    |      0|  0|   10|          10|           7|
    |or_ln896_2_fu_9638_p2     |    or    |      0|  0|   10|          10|           4|
    |or_ln896_30_fu_17198_p2   |    or    |      0|  0|   10|          10|           7|
    |or_ln896_31_fu_17468_p2   |    or    |      0|  0|   10|          10|           7|
    |or_ln896_32_fu_17738_p2   |    or    |      0|  0|   10|          10|           8|
    |or_ln896_33_fu_18008_p2   |    or    |      0|  0|   10|          10|           8|
    |or_ln896_34_fu_18278_p2   |    or    |      0|  0|   10|          10|           8|
    |or_ln896_35_fu_18548_p2   |    or    |      0|  0|   10|          10|           8|
    |or_ln896_36_fu_18818_p2   |    or    |      0|  0|   10|          10|           8|
    |or_ln896_37_fu_19088_p2   |    or    |      0|  0|   10|          10|           8|
    |or_ln896_38_fu_19358_p2   |    or    |      0|  0|   10|          10|           8|
    |or_ln896_39_fu_19628_p2   |    or    |      0|  0|   10|          10|           8|
    |or_ln896_3_fu_9908_p2     |    or    |      0|  0|   10|          10|           4|
    |or_ln896_40_fu_19898_p2   |    or    |      0|  0|   10|          10|           8|
    |or_ln896_41_fu_20168_p2   |    or    |      0|  0|   10|          10|           8|
    |or_ln896_42_fu_20438_p2   |    or    |      0|  0|   10|          10|           8|
    |or_ln896_43_fu_20708_p2   |    or    |      0|  0|   10|          10|           8|
    |or_ln896_44_fu_20978_p2   |    or    |      0|  0|   10|          10|           8|
    |or_ln896_45_fu_21248_p2   |    or    |      0|  0|   10|          10|           8|
    |or_ln896_46_fu_21518_p2   |    or    |      0|  0|   10|          10|           8|
    |or_ln896_47_fu_21788_p2   |    or    |      0|  0|   10|          10|           8|
    |or_ln896_48_fu_22058_p2   |    or    |      0|  0|   10|          10|           8|
    |or_ln896_49_fu_22328_p2   |    or    |      0|  0|   10|          10|           8|
    |or_ln896_4_fu_10178_p2    |    or    |      0|  0|   10|          10|           5|
    |or_ln896_50_fu_22598_p2   |    or    |      0|  0|   10|          10|           8|
    |or_ln896_51_fu_22868_p2   |    or    |      0|  0|   10|          10|           8|
    |or_ln896_52_fu_23138_p2   |    or    |      0|  0|   10|          10|           8|
    |or_ln896_53_fu_23408_p2   |    or    |      0|  0|   10|          10|           8|
    |or_ln896_54_fu_23678_p2   |    or    |      0|  0|   10|          10|           8|
    |or_ln896_55_fu_23948_p2   |    or    |      0|  0|   10|          10|           8|
    |or_ln896_56_fu_24218_p2   |    or    |      0|  0|   10|          10|           8|
    |or_ln896_57_fu_24488_p2   |    or    |      0|  0|   10|          10|           8|
    |or_ln896_58_fu_24758_p2   |    or    |      0|  0|   10|          10|           8|
    |or_ln896_59_fu_25028_p2   |    or    |      0|  0|   10|          10|           8|
    |or_ln896_5_fu_10448_p2    |    or    |      0|  0|   10|          10|           5|
    |or_ln896_60_fu_25298_p2   |    or    |      0|  0|   10|          10|           8|
    |or_ln896_61_fu_25568_p2   |    or    |      0|  0|   10|          10|           8|
    |or_ln896_62_fu_25838_p2   |    or    |      0|  0|   10|          10|           8|
    |or_ln896_63_fu_26108_p2   |    or    |      0|  0|   10|          10|           8|
    |or_ln896_6_fu_10718_p2    |    or    |      0|  0|   10|          10|           5|
    |or_ln896_7_fu_10988_p2    |    or    |      0|  0|   10|          10|           5|
    |or_ln896_8_fu_11258_p2    |    or    |      0|  0|   10|          10|           6|
    |or_ln896_9_fu_11528_p2    |    or    |      0|  0|   10|          10|           6|
    |or_ln896_fu_9098_p2       |    or    |      0|  0|   10|          10|           2|
    |or_ln899_100_fu_19406_p2  |    or    |      0|  0|   12|          12|          12|
    |or_ln899_101_fu_19676_p2  |    or    |      0|  0|   12|          12|          12|
    |or_ln899_102_fu_19946_p2  |    or    |      0|  0|   12|          12|          12|
    |or_ln899_103_fu_20216_p2  |    or    |      0|  0|   12|          12|          12|
    |or_ln899_104_fu_20486_p2  |    or    |      0|  0|   12|          12|          12|
    |or_ln899_105_fu_20756_p2  |    or    |      0|  0|   12|          12|          12|
    |or_ln899_106_fu_21026_p2  |    or    |      0|  0|   12|          12|          12|
    |or_ln899_107_fu_21296_p2  |    or    |      0|  0|   12|          12|          12|
    |or_ln899_108_fu_21566_p2  |    or    |      0|  0|   12|          12|          12|
    |or_ln899_109_fu_21836_p2  |    or    |      0|  0|   12|          12|          12|
    |or_ln899_110_fu_22106_p2  |    or    |      0|  0|   12|          12|          12|
    |or_ln899_111_fu_22376_p2  |    or    |      0|  0|   12|          12|          12|
    |or_ln899_112_fu_22646_p2  |    or    |      0|  0|   12|          12|          12|
    |or_ln899_113_fu_22916_p2  |    or    |      0|  0|   12|          12|          12|
    |or_ln899_114_fu_23186_p2  |    or    |      0|  0|   12|          12|          12|
    |or_ln899_115_fu_23456_p2  |    or    |      0|  0|   12|          12|          12|
    |or_ln899_116_fu_23726_p2  |    or    |      0|  0|   12|          12|          12|
    |or_ln899_117_fu_23996_p2  |    or    |      0|  0|   12|          12|          12|
    |or_ln899_118_fu_24266_p2  |    or    |      0|  0|   12|          12|          12|
    |or_ln899_119_fu_24536_p2  |    or    |      0|  0|   12|          12|          12|
    |or_ln899_120_fu_24806_p2  |    or    |      0|  0|   12|          12|          12|
    |or_ln899_121_fu_25076_p2  |    or    |      0|  0|   12|          12|          12|
    |or_ln899_122_fu_25346_p2  |    or    |      0|  0|   12|          12|          12|
    |or_ln899_123_fu_25616_p2  |    or    |      0|  0|   12|          12|          12|
    |or_ln899_124_fu_25886_p2  |    or    |      0|  0|   12|          12|          12|
    |or_ln899_125_fu_26156_p2  |    or    |      0|  0|   12|          12|          12|
    |or_ln899_63_fu_9146_p2    |    or    |      0|  0|   12|          12|          12|
    |or_ln899_64_fu_9686_p2    |    or    |      0|  0|   12|          12|          12|
    |or_ln899_65_fu_9956_p2    |    or    |      0|  0|   12|          12|          12|
    |or_ln899_66_fu_10226_p2   |    or    |      0|  0|   12|          12|          12|
    |or_ln899_67_fu_10496_p2   |    or    |      0|  0|   12|          12|          12|
    |or_ln899_68_fu_10766_p2   |    or    |      0|  0|   12|          12|          12|
    |or_ln899_69_fu_11036_p2   |    or    |      0|  0|   12|          12|          12|
    |or_ln899_70_fu_11306_p2   |    or    |      0|  0|   12|          12|          12|
    |or_ln899_71_fu_11576_p2   |    or    |      0|  0|   12|          12|          12|
    |or_ln899_72_fu_11846_p2   |    or    |      0|  0|   12|          12|          12|
    |or_ln899_73_fu_12116_p2   |    or    |      0|  0|   12|          12|          12|
    |or_ln899_74_fu_12386_p2   |    or    |      0|  0|   12|          12|          12|
    |or_ln899_75_fu_12656_p2   |    or    |      0|  0|   12|          12|          12|
    |or_ln899_76_fu_12926_p2   |    or    |      0|  0|   12|          12|          12|
    |or_ln899_77_fu_13196_p2   |    or    |      0|  0|   12|          12|          12|
    |or_ln899_78_fu_13466_p2   |    or    |      0|  0|   12|          12|          12|
    |or_ln899_79_fu_13736_p2   |    or    |      0|  0|   12|          12|          12|
    |or_ln899_80_fu_14006_p2   |    or    |      0|  0|   12|          12|          12|
    |or_ln899_81_fu_14276_p2   |    or    |      0|  0|   12|          12|          12|
    |or_ln899_82_fu_14546_p2   |    or    |      0|  0|   12|          12|          12|
    |or_ln899_83_fu_14816_p2   |    or    |      0|  0|   12|          12|          12|
    |or_ln899_84_fu_15086_p2   |    or    |      0|  0|   12|          12|          12|
    |or_ln899_85_fu_15356_p2   |    or    |      0|  0|   12|          12|          12|
    |or_ln899_86_fu_15626_p2   |    or    |      0|  0|   12|          12|          12|
    |or_ln899_87_fu_15896_p2   |    or    |      0|  0|   12|          12|          12|
    |or_ln899_88_fu_16166_p2   |    or    |      0|  0|   12|          12|          12|
    |or_ln899_89_fu_16436_p2   |    or    |      0|  0|   12|          12|          12|
    |or_ln899_90_fu_16706_p2   |    or    |      0|  0|   12|          12|          12|
    |or_ln899_91_fu_16976_p2   |    or    |      0|  0|   12|          12|          12|
    |or_ln899_92_fu_17246_p2   |    or    |      0|  0|   12|          12|          12|
    |or_ln899_93_fu_17516_p2   |    or    |      0|  0|   12|          12|          12|
    |or_ln899_94_fu_17786_p2   |    or    |      0|  0|   12|          12|          12|
    |or_ln899_95_fu_18056_p2   |    or    |      0|  0|   12|          12|          12|
    |or_ln899_96_fu_18326_p2   |    or    |      0|  0|   12|          12|          12|
    |or_ln899_97_fu_18596_p2   |    or    |      0|  0|   12|          12|          12|
    |or_ln899_98_fu_18866_p2   |    or    |      0|  0|   12|          12|          12|
    |or_ln899_99_fu_19136_p2   |    or    |      0|  0|   12|          12|          12|
    |or_ln899_fu_9416_p2       |    or    |      0|  0|   12|          12|          12|
    |or_ln901_10_fu_11875_p2   |    or    |      0|  0|   10|          10|           6|
    |or_ln901_11_fu_12145_p2   |    or    |      0|  0|   10|          10|           6|
    |or_ln901_12_fu_12415_p2   |    or    |      0|  0|   10|          10|           6|
    |or_ln901_13_fu_12685_p2   |    or    |      0|  0|   10|          10|           6|
    |or_ln901_14_fu_12955_p2   |    or    |      0|  0|   10|          10|           6|
    |or_ln901_15_fu_13225_p2   |    or    |      0|  0|   10|          10|           6|
    |or_ln901_16_fu_13495_p2   |    or    |      0|  0|   10|          10|           7|
    |or_ln901_17_fu_13765_p2   |    or    |      0|  0|   10|          10|           7|
    |or_ln901_18_fu_14035_p2   |    or    |      0|  0|   10|          10|           7|
    |or_ln901_19_fu_14305_p2   |    or    |      0|  0|   10|          10|           7|
    |or_ln901_1_fu_9445_p2     |    or    |      0|  0|   10|          10|           3|
    |or_ln901_20_fu_14575_p2   |    or    |      0|  0|   10|          10|           7|
    |or_ln901_21_fu_14845_p2   |    or    |      0|  0|   10|          10|           7|
    |or_ln901_22_fu_15115_p2   |    or    |      0|  0|   10|          10|           7|
    |or_ln901_23_fu_15385_p2   |    or    |      0|  0|   10|          10|           7|
    |or_ln901_24_fu_15655_p2   |    or    |      0|  0|   10|          10|           7|
    |or_ln901_25_fu_15925_p2   |    or    |      0|  0|   10|          10|           7|
    |or_ln901_26_fu_16195_p2   |    or    |      0|  0|   10|          10|           7|
    |or_ln901_27_fu_16465_p2   |    or    |      0|  0|   10|          10|           7|
    |or_ln901_28_fu_16735_p2   |    or    |      0|  0|   10|          10|           7|
    |or_ln901_29_fu_17005_p2   |    or    |      0|  0|   10|          10|           7|
    |or_ln901_2_fu_9715_p2     |    or    |      0|  0|   10|          10|           4|
    |or_ln901_30_fu_17275_p2   |    or    |      0|  0|   10|          10|           7|
    |or_ln901_31_fu_17545_p2   |    or    |      0|  0|   10|          10|           7|
    |or_ln901_32_fu_17815_p2   |    or    |      0|  0|   10|          10|           8|
    |or_ln901_33_fu_18085_p2   |    or    |      0|  0|   10|          10|           8|
    |or_ln901_34_fu_18355_p2   |    or    |      0|  0|   10|          10|           8|
    |or_ln901_35_fu_18625_p2   |    or    |      0|  0|   10|          10|           8|
    |or_ln901_36_fu_18895_p2   |    or    |      0|  0|   10|          10|           8|
    |or_ln901_37_fu_19165_p2   |    or    |      0|  0|   10|          10|           8|
    |or_ln901_38_fu_19435_p2   |    or    |      0|  0|   10|          10|           8|
    |or_ln901_39_fu_19705_p2   |    or    |      0|  0|   10|          10|           8|
    |or_ln901_3_fu_9985_p2     |    or    |      0|  0|   10|          10|           4|
    |or_ln901_40_fu_19975_p2   |    or    |      0|  0|   10|          10|           8|
    |or_ln901_41_fu_20245_p2   |    or    |      0|  0|   10|          10|           8|
    |or_ln901_42_fu_20515_p2   |    or    |      0|  0|   10|          10|           8|
    |or_ln901_43_fu_20785_p2   |    or    |      0|  0|   10|          10|           8|
    |or_ln901_44_fu_21055_p2   |    or    |      0|  0|   10|          10|           8|
    |or_ln901_45_fu_21325_p2   |    or    |      0|  0|   10|          10|           8|
    |or_ln901_46_fu_21595_p2   |    or    |      0|  0|   10|          10|           8|
    |or_ln901_47_fu_21865_p2   |    or    |      0|  0|   10|          10|           8|
    |or_ln901_48_fu_22135_p2   |    or    |      0|  0|   10|          10|           8|
    |or_ln901_49_fu_22405_p2   |    or    |      0|  0|   10|          10|           8|
    |or_ln901_4_fu_10255_p2    |    or    |      0|  0|   10|          10|           5|
    |or_ln901_50_fu_22675_p2   |    or    |      0|  0|   10|          10|           8|
    |or_ln901_51_fu_22945_p2   |    or    |      0|  0|   10|          10|           8|
    |or_ln901_52_fu_23215_p2   |    or    |      0|  0|   10|          10|           8|
    |or_ln901_53_fu_23485_p2   |    or    |      0|  0|   10|          10|           8|
    |or_ln901_54_fu_23755_p2   |    or    |      0|  0|   10|          10|           8|
    |or_ln901_55_fu_24025_p2   |    or    |      0|  0|   10|          10|           8|
    |or_ln901_56_fu_24295_p2   |    or    |      0|  0|   10|          10|           8|
    |or_ln901_57_fu_24565_p2   |    or    |      0|  0|   10|          10|           8|
    |or_ln901_58_fu_24835_p2   |    or    |      0|  0|   10|          10|           8|
    |or_ln901_59_fu_25105_p2   |    or    |      0|  0|   10|          10|           8|
    |or_ln901_5_fu_10525_p2    |    or    |      0|  0|   10|          10|           5|
    |or_ln901_60_fu_25375_p2   |    or    |      0|  0|   10|          10|           8|
    |or_ln901_61_fu_25645_p2   |    or    |      0|  0|   10|          10|           8|
    |or_ln901_62_fu_25915_p2   |    or    |      0|  0|   10|          10|           8|
    |or_ln901_63_fu_26185_p2   |    or    |      0|  0|   10|          10|           8|
    |or_ln901_6_fu_10795_p2    |    or    |      0|  0|   10|          10|           5|
    |or_ln901_7_fu_11065_p2    |    or    |      0|  0|   10|          10|           5|
    |or_ln901_8_fu_11335_p2    |    or    |      0|  0|   10|          10|           6|
    |or_ln901_9_fu_11605_p2    |    or    |      0|  0|   10|          10|           6|
    |or_ln901_fu_9175_p2       |    or    |      0|  0|   10|          10|           2|
    |or_ln903_100_fu_19479_p2  |    or    |      0|  0|   10|          10|          10|
    |or_ln903_101_fu_19749_p2  |    or    |      0|  0|   10|          10|          10|
    |or_ln903_102_fu_20019_p2  |    or    |      0|  0|   10|          10|          10|
    |or_ln903_103_fu_20289_p2  |    or    |      0|  0|   10|          10|          10|
    |or_ln903_104_fu_20559_p2  |    or    |      0|  0|   10|          10|          10|
    |or_ln903_105_fu_20829_p2  |    or    |      0|  0|   10|          10|          10|
    |or_ln903_106_fu_21099_p2  |    or    |      0|  0|   10|          10|          10|
    |or_ln903_107_fu_21369_p2  |    or    |      0|  0|   10|          10|          10|
    |or_ln903_108_fu_21639_p2  |    or    |      0|  0|   10|          10|          10|
    |or_ln903_109_fu_21909_p2  |    or    |      0|  0|   10|          10|          10|
    |or_ln903_110_fu_22179_p2  |    or    |      0|  0|   10|          10|          10|
    |or_ln903_111_fu_22449_p2  |    or    |      0|  0|   10|          10|          10|
    |or_ln903_112_fu_22719_p2  |    or    |      0|  0|   10|          10|          10|
    |or_ln903_113_fu_22989_p2  |    or    |      0|  0|   10|          10|          10|
    |or_ln903_114_fu_23259_p2  |    or    |      0|  0|   10|          10|          10|
    |or_ln903_115_fu_23529_p2  |    or    |      0|  0|   10|          10|          10|
    |or_ln903_116_fu_23799_p2  |    or    |      0|  0|   10|          10|          10|
    |or_ln903_117_fu_24069_p2  |    or    |      0|  0|   10|          10|          10|
    |or_ln903_118_fu_24339_p2  |    or    |      0|  0|   10|          10|          10|
    |or_ln903_119_fu_24609_p2  |    or    |      0|  0|   10|          10|          10|
    |or_ln903_120_fu_24879_p2  |    or    |      0|  0|   10|          10|          10|
    |or_ln903_121_fu_25149_p2  |    or    |      0|  0|   10|          10|          10|
    |or_ln903_122_fu_25419_p2  |    or    |      0|  0|   10|          10|          10|
    |or_ln903_123_fu_25689_p2  |    or    |      0|  0|   10|          10|          10|
    |or_ln903_124_fu_25959_p2  |    or    |      0|  0|   10|          10|          10|
    |or_ln903_125_fu_26229_p2  |    or    |      0|  0|   10|          10|          10|
    |or_ln903_63_fu_9219_p2    |    or    |      0|  0|   10|          10|          10|
    |or_ln903_64_fu_9759_p2    |    or    |      0|  0|   10|          10|          10|
    |or_ln903_65_fu_10029_p2   |    or    |      0|  0|   10|          10|          10|
    |or_ln903_66_fu_10299_p2   |    or    |      0|  0|   10|          10|          10|
    |or_ln903_67_fu_10569_p2   |    or    |      0|  0|   10|          10|          10|
    |or_ln903_68_fu_10839_p2   |    or    |      0|  0|   10|          10|          10|
    |or_ln903_69_fu_11109_p2   |    or    |      0|  0|   10|          10|          10|
    |or_ln903_70_fu_11379_p2   |    or    |      0|  0|   10|          10|          10|
    |or_ln903_71_fu_11649_p2   |    or    |      0|  0|   10|          10|          10|
    |or_ln903_72_fu_11919_p2   |    or    |      0|  0|   10|          10|          10|
    |or_ln903_73_fu_12189_p2   |    or    |      0|  0|   10|          10|          10|
    |or_ln903_74_fu_12459_p2   |    or    |      0|  0|   10|          10|          10|
    |or_ln903_75_fu_12729_p2   |    or    |      0|  0|   10|          10|          10|
    |or_ln903_76_fu_12999_p2   |    or    |      0|  0|   10|          10|          10|
    |or_ln903_77_fu_13269_p2   |    or    |      0|  0|   10|          10|          10|
    |or_ln903_78_fu_13539_p2   |    or    |      0|  0|   10|          10|          10|
    |or_ln903_79_fu_13809_p2   |    or    |      0|  0|   10|          10|          10|
    |or_ln903_80_fu_14079_p2   |    or    |      0|  0|   10|          10|          10|
    |or_ln903_81_fu_14349_p2   |    or    |      0|  0|   10|          10|          10|
    |or_ln903_82_fu_14619_p2   |    or    |      0|  0|   10|          10|          10|
    |or_ln903_83_fu_14889_p2   |    or    |      0|  0|   10|          10|          10|
    |or_ln903_84_fu_15159_p2   |    or    |      0|  0|   10|          10|          10|
    |or_ln903_85_fu_15429_p2   |    or    |      0|  0|   10|          10|          10|
    |or_ln903_86_fu_15699_p2   |    or    |      0|  0|   10|          10|          10|
    |or_ln903_87_fu_15969_p2   |    or    |      0|  0|   10|          10|          10|
    |or_ln903_88_fu_16239_p2   |    or    |      0|  0|   10|          10|          10|
    |or_ln903_89_fu_16509_p2   |    or    |      0|  0|   10|          10|          10|
    |or_ln903_90_fu_16779_p2   |    or    |      0|  0|   10|          10|          10|
    |or_ln903_91_fu_17049_p2   |    or    |      0|  0|   10|          10|          10|
    |or_ln903_92_fu_17319_p2   |    or    |      0|  0|   10|          10|          10|
    |or_ln903_93_fu_17589_p2   |    or    |      0|  0|   10|          10|          10|
    |or_ln903_94_fu_17859_p2   |    or    |      0|  0|   10|          10|          10|
    |or_ln903_95_fu_18129_p2   |    or    |      0|  0|   10|          10|          10|
    |or_ln903_96_fu_18399_p2   |    or    |      0|  0|   10|          10|          10|
    |or_ln903_97_fu_18669_p2   |    or    |      0|  0|   10|          10|          10|
    |or_ln903_98_fu_18939_p2   |    or    |      0|  0|   10|          10|          10|
    |or_ln903_99_fu_19209_p2   |    or    |      0|  0|   10|          10|          10|
    |or_ln903_fu_9489_p2       |    or    |      0|  0|   10|          10|          10|
    +--------------------------+----------+-------+---+-----+------------+------------+
    |Total                     |          |      0|  0|11510|        9462|        8961|
    +--------------------------+----------+-------+---+-----+------------+------------+

    * Multiplexer: 
    +-------------------+------+-----------+-----+-----------+
    |        Name       |  LUT | Input Size| Bits| Total Bits|
    +-------------------+------+-----------+-----+-----------+
    |a_address0         |  1301|        289|   10|       2890|
    |a_address1         |  1301|        289|   10|       2890|
    |ap_NS_fsm          |  1305|        290|    1|        290|
    |r_coeffs_address0  |  1173|        257|   10|       2570|
    |r_coeffs_d0        |  1173|        257|   32|       8224|
    |reg_8970           |     9|          2|    8|         16|
    +-------------------+------+-----------+-----+-----------+
    |Total              |  6262|       1384|   71|      16880|
    +-------------------+------+-----------+-----+-----------+

    * Register: 
    +-----------------+-----+----+-----+-----------+
    |       Name      |  FF | LUT| Bits| Const Bits|
    +-----------------+-----+----+-----+-----------+
    |ap_CS_fsm        |  289|   0|  289|          0|
    |reg_8970         |    8|   0|    8|          0|
    |reg_8975         |    8|   0|    8|          0|
    |tmp_s_reg_26278  |    2|   0|   10|          8|
    +-----------------+-----+----+-----+-----------+
    |Total            |  307|   0|  315|          8|
    +-----------------+-----+----+-----+-----------+



================================================================
== Interface
================================================================
* Summary: 
+-------------------+-----+-----+------------+------------------------+--------------+
|     RTL Ports     | Dir | Bits|  Protocol  |      Source Object     |    C Type    |
+-------------------+-----+-----+------------+------------------------+--------------+
|ap_clk             |  in |    1| ap_ctrl_hs | pqcrystals_dilithium.3 | return value |
|ap_rst             |  in |    1| ap_ctrl_hs | pqcrystals_dilithium.3 | return value |
|ap_start           |  in |    1| ap_ctrl_hs | pqcrystals_dilithium.3 | return value |
|ap_done            | out |    1| ap_ctrl_hs | pqcrystals_dilithium.3 | return value |
|ap_idle            | out |    1| ap_ctrl_hs | pqcrystals_dilithium.3 | return value |
|ap_ready           | out |    1| ap_ctrl_hs | pqcrystals_dilithium.3 | return value |
|r_coeffs_address0  | out |   10|  ap_memory |        r_coeffs        |     array    |
|r_coeffs_ce0       | out |    1|  ap_memory |        r_coeffs        |     array    |
|r_coeffs_we0       | out |    1|  ap_memory |        r_coeffs        |     array    |
|r_coeffs_d0        | out |   32|  ap_memory |        r_coeffs        |     array    |
|r_coeffs_offset    |  in |    2|   ap_none  |     r_coeffs_offset    |    scalar    |
|a_address0         | out |   10|  ap_memory |            a           |     array    |
|a_ce0              | out |    1|  ap_memory |            a           |     array    |
|a_q0               |  in |    8|  ap_memory |            a           |     array    |
|a_address1         | out |   10|  ap_memory |            a           |     array    |
|a_ce1              | out |    1|  ap_memory |            a           |     array    |
|a_q1               |  in |    8|  ap_memory |            a           |     array    |
+-------------------+-----+-----+------------+------------------------+--------------+

