

================================================================
== Vivado HLS Report for 'pqcrystals_dilithium_1'
================================================================
* Date:           Sun Apr  9 23:19:02 2023

* Version:        2019.2 (Build 2704478 on Wed Nov 06 22:10:23 MST 2019)
* Project:        crypto_sign
* Solution:       solution1
* Product family: artix7
* Target device:  xc7a200t-fbg676-2


================================================================
== Performance Estimates
================================================================
+ Timing: 
    * Summary: 
    +--------+----------+-----------+------------+
    |  Clock |  Target  | Estimated | Uncertainty|
    +--------+----------+-----------+------------+
    |ap_clk  | 10.00 us | 83.112 ns |   1.25 us  |
    +--------+----------+-----------+------------+

+ Latency: 
    * Summary: 
    +---------+---------+----------+----------+-----+-----+---------+
    |  Latency (cycles) |  Latency (absolute) |  Interval | Pipeline|
    |   min   |   max   |    min   |    max   | min | max |   Type  |
    +---------+---------+----------+----------+-----+-----+---------+
    |        ?|        ?|         ?|         ?|    ?|    ?|   none  |
    +---------+---------+----------+----------+-----+-----+---------+

    + Detail: 
        * Instance: 
        +-------------------------------------+-------------------------+---------+---------+-----------+-----------+------+------+---------+
        |                                     |                         |  Latency (cycles) |   Latency (absolute)  |   Interval  | Pipeline|
        |               Instance              |          Module         |   min   |   max   |    min    |    max    |  min |  max |   Type  |
        +-------------------------------------+-------------------------+---------+---------+-----------+-----------+------+------+---------+
        |grp_pqcrystals_dilithium_9_fu_1287   |pqcrystals_dilithium_9   |        ?|        ?|          ?|          ?|     ?|     ?|   none  |
        |grp_pqcrystals_dilithium_19_fu_1299  |pqcrystals_dilithium_19  |        ?|        ?|          ?|          ?|     ?|     ?|   none  |
        |grp_pqcrystals_dilithium_10_fu_1306  |pqcrystals_dilithium_10  |        ?|        ?|          ?|          ?|     ?|     ?|   none  |
        |grp_keccak_absorb_2_fu_1339          |keccak_absorb_2          |        ?|        ?|          ?|          ?|     ?|     ?|   none  |
        |grp_KeccakF1600_StatePer_1_fu_1354   |KeccakF1600_StatePer_1   |       25|       25|  0.250 ms |  0.250 ms |    25|    25|   none  |
        |grp_KeccakF1600_StatePer_fu_1359     |KeccakF1600_StatePer     |       25|       25|  0.250 ms |  0.250 ms |    25|    25|   none  |
        |grp_pqcrystals_dilithium_23_fu_1364  |pqcrystals_dilithium_23  |     2227|     2227| 22.270 ms | 22.270 ms |  2227|  2227|   none  |
        |grp_pqcrystals_dilithium_25_fu_1372  |pqcrystals_dilithium_25  |        ?|        ?|          ?|          ?|     ?|     ?|   none  |
        |grp_pqcrystals_dilithium_25_fu_1381  |pqcrystals_dilithium_25  |        ?|        ?|          ?|          ?|     ?|     ?|   none  |
        |grp_pqcrystals_dilithium_25_fu_1390  |pqcrystals_dilithium_25  |        ?|        ?|          ?|          ?|     ?|     ?|   none  |
        |grp_pqcrystals_dilithium_24_fu_1408  |pqcrystals_dilithium_24  |        ?|        ?|          ?|          ?|     ?|     ?|   none  |
        |grp_pqcrystals_dilithium_fu_1415     |pqcrystals_dilithium     |     1936|     1936| 19.360 ms | 19.360 ms |  1936|  1936|   none  |
        |grp_pqcrystals_dilithium_17_fu_1425  |pqcrystals_dilithium_17  |      255|      255|  2.550 ms |  2.550 ms |   255|   255|   none  |
        |grp_pqcrystals_dilithium_22_fu_1433  |pqcrystals_dilithium_22  |      255|      255|  2.550 ms |  2.550 ms |   255|   255|   none  |
        |grp_pqcrystals_dilithium_11_fu_1454  |pqcrystals_dilithium_11  |      255|      255|  2.550 ms |  2.550 ms |   255|   255|   none  |
        |grp_pqcrystals_dilithium_18_fu_1475  |pqcrystals_dilithium_18  |      128|      128|  1.280 ms |  1.280 ms |   128|   128|   none  |
        |grp_pqcrystals_dilithium_21_fu_1487  |pqcrystals_dilithium_21  |      255|      255|  2.550 ms |  2.550 ms |   255|   255|   none  |
        |grp_pqcrystals_dilithium_6_fu_1498   |pqcrystals_dilithium_6   |      131|      519|  1.310 ms |  5.190 ms |   131|   519|   none  |
        |grp_pqcrystals_dilithium_28_fu_1506  |pqcrystals_dilithium_28  |        ?|        ?|          ?|          ?|     ?|     ?|   none  |
        |grp_pqcrystals_dilithium_14_fu_1518  |pqcrystals_dilithium_14  |      128|      128|  1.280 ms |  1.280 ms |   128|   128|   none  |
        |grp_pqcrystals_dilithium_15_fu_1535  |pqcrystals_dilithium_15  |      128|      128|  1.280 ms |  1.280 ms |   128|   128|   none  |
        |grp_pqcrystals_dilithium_13_fu_1555  |pqcrystals_dilithium_13  |      128|      128|  1.280 ms |  1.280 ms |   128|   128|   none  |
        |grp_pqcrystals_dilithium_16_fu_1572  |pqcrystals_dilithium_16  |      128|      128|  1.280 ms |  1.280 ms |   128|   128|   none  |
        |grp_pqcrystals_dilithium_20_fu_1594  |pqcrystals_dilithium_20  |      255|      255|  2.550 ms |  2.550 ms |   255|   255|   none  |
        |grp_pqcrystals_dilithium_12_fu_1604  |pqcrystals_dilithium_12  |      255|      255|  2.550 ms |  2.550 ms |   255|   255|   none  |
        |grp_pqcrystals_dilithium_5_fu_1614   |pqcrystals_dilithium_5   |      128|      128|  1.280 ms |  1.280 ms |   128|   128|   none  |
        |grp_keccak_absorb_3199_fu_1631       |keccak_absorb_3199       |       26|       26|  0.260 ms |  0.260 ms |    26|    26|   none  |
        +-------------------------------------+-------------------------+---------+---------+-----------+-----------+------+------+---------+

        * Loop: 
        +-------------+---------+---------+----------+-----------+-----------+------+----------+
        |             |  Latency (cycles) | Iteration|  Initiation Interval  | Trip |          |
        |  Loop Name  |   min   |   max   |  Latency |  achieved |   target  | Count| Pipelined|
        +-------------+---------+---------+----------+-----------+-----------+------+----------+
        |- Loop 1     |       30|       30|         5|          -|          -|     6|    no    |
        |- Loop 2     |       40|       40|         5|          4|          1|    10|    yes   |
        |- Loop 3     |       30|       30|         5|          -|          -|     6|    no    |
        |- Loop 4     |        ?|        ?|         ?|          -|          -|     ?|    no    |
        | + Loop 4.1  |      511|      511|         2|          -|          -|   256|    no    |
        | + Loop 4.2  |      511|      511|         2|          -|          -|   256|    no    |
        | + Loop 4.3  |      511|      511|         2|          -|          -|   256|    no    |
        | + Loop 4.4  |      511|      511|         2|          -|          -|   256|    no    |
        | + Loop 4.5  |     1028|     1028|       257|          -|          -|     4|    no    |
        | + Loop 4.6  |       20|       20|         5|          -|          -|     4|    no    |
        +-------------+---------+---------+----------+-----------+-----------+------+----------+



================================================================
== Utilization Estimates
================================================================
* Summary: 
+-----------------+---------+-------+--------+---------+-----+
|       Name      | BRAM_18K| DSP48E|   FF   |   LUT   | URAM|
+-----------------+---------+-------+--------+---------+-----+
|DSP              |        -|      -|       -|        -|    -|
|Expression       |        -|      -|       0|     1589|    -|
|FIFO             |        -|      -|       -|        -|    -|
|Instance         |       24|   9884|  188616|  2403690|    0|
|Memory           |       41|      -|       0|        0|    0|
|Multiplexer      |        -|      -|       -|     6576|    -|
|Register         |        -|      -|     887|        -|    -|
+-----------------+---------+-------+--------+---------+-----+
|Total            |       65|   9884|  189503|  2411855|    0|
+-----------------+---------+-------+--------+---------+-----+
|Available        |      730|    740|  269200|   134600|    0|
+-----------------+---------+-------+--------+---------+-----+
|Utilization (%)  |        8|   1335|      70|     1791|    0|
+-----------------+---------+-------+--------+---------+-----+

+ Detail: 
    * Instance: 
    +-------------------------------------+-------------------------+---------+-------+-------+--------+-----+
    |               Instance              |          Module         | BRAM_18K| DSP48E|   FF  |   LUT  | URAM|
    +-------------------------------------+-------------------------+---------+-------+-------+--------+-----+
    |grp_KeccakF1600_StatePer_fu_1359     |KeccakF1600_StatePer     |        0|      0|   3866|  194018|    0|
    |grp_KeccakF1600_StatePer_1_fu_1354   |KeccakF1600_StatePer_1   |        0|      0|   3866|  194018|    0|
    |grp_keccak_absorb_2_fu_1339          |keccak_absorb_2          |        1|      0|   5537|  197422|    0|
    |grp_keccak_absorb_3199_fu_1631       |keccak_absorb_3199       |        0|      0|    138|     326|    0|
    |grp_pqcrystals_dilithium_fu_1415     |pqcrystals_dilithium     |        0|      0|    536|   35666|    0|
    |grp_pqcrystals_dilithium_10_fu_1306  |pqcrystals_dilithium_10  |        6|      0|   9337|  391961|    0|
    |grp_pqcrystals_dilithium_11_fu_1454  |pqcrystals_dilithium_11  |        0|      0|   8396|   24857|    0|
    |grp_pqcrystals_dilithium_12_fu_1604  |pqcrystals_dilithium_12  |        0|      2|   8900|    7747|    0|
    |grp_pqcrystals_dilithium_13_fu_1555  |pqcrystals_dilithium_13  |        0|   1036|    137|   16955|    0|
    |grp_pqcrystals_dilithium_14_fu_1518  |pqcrystals_dilithium_14  |        0|    524|    137|   17465|    0|
    |grp_pqcrystals_dilithium_15_fu_1535  |pqcrystals_dilithium_15  |        0|    524|    139|   17480|    0|
    |grp_pqcrystals_dilithium_16_fu_1572  |pqcrystals_dilithium_16  |        0|      0|    524|   17512|    0|
    |grp_pqcrystals_dilithium_17_fu_1425  |pqcrystals_dilithium_17  |        0|      4|   9667|    8912|    0|
    |grp_pqcrystals_dilithium_18_fu_1475  |pqcrystals_dilithium_18  |        0|      0|    406|   28626|    0|
    |grp_pqcrystals_dilithium_19_fu_1299  |pqcrystals_dilithium_19  |        6|      0|  13965|  399876|    0|
    |grp_pqcrystals_dilithium_20_fu_1594  |pqcrystals_dilithium_20  |        0|      0|   8900|    7793|    0|
    |grp_pqcrystals_dilithium_21_fu_1487  |pqcrystals_dilithium_21  |        0|      0|   8900|   18737|    0|
    |grp_pqcrystals_dilithium_22_fu_1433  |pqcrystals_dilithium_22  |        0|      0|   8396|   24857|    0|
    |grp_pqcrystals_dilithium_23_fu_1364  |pqcrystals_dilithium_23  |        0|      0|  10676|   77221|    0|
    |grp_pqcrystals_dilithium_24_fu_1408  |pqcrystals_dilithium_24  |        1|   1818|  16248|   61615|    0|
    |grp_pqcrystals_dilithium_25_fu_1372  |pqcrystals_dilithium_25  |        1|   1812|  16512|   65561|    0|
    |grp_pqcrystals_dilithium_25_fu_1381  |pqcrystals_dilithium_25  |        1|   1812|  16512|   65561|    0|
    |grp_pqcrystals_dilithium_25_fu_1390  |pqcrystals_dilithium_25  |        1|   1812|  16512|   65561|    0|
    |grp_pqcrystals_dilithium_28_fu_1506  |pqcrystals_dilithium_28  |        1|    540|  10596|   14867|    0|
    |grp_pqcrystals_dilithium_5_fu_1614   |pqcrystals_dilithium_5   |        0|      0|    151|   11306|    0|
    |grp_pqcrystals_dilithium_6_fu_1498   |pqcrystals_dilithium_6   |        0|      0|    420|   28750|    0|
    |grp_pqcrystals_dilithium_9_fu_1287   |pqcrystals_dilithium_9   |        6|      0|   9242|  409020|    0|
    +-------------------------------------+-------------------------+---------+-------+-------+--------+-----+
    |Total                                |                         |       24|   9884| 188616| 2403690|    0|
    +-------------------------------------+-------------------------+---------+-------+-------+--------+-----+

    * DSP48E: 
    N/A

    * Memory: 
    +------------------+----------------------+---------+---+----+-----+------+-----+------+-------------+
    |      Memory      |        Module        | BRAM_18K| FF| LUT| URAM| Words| Bits| Banks| W*Bits*Banks|
    +------------------+----------------------+---------+---+----+-----+------+-----+------+-------------+
    |state_0_s_U       |pqcrystals_dilithcud  |        4|  0|   0|    0|    25|   64|     1|         1600|
    |state_s_U         |pqcrystals_dilithcud  |        4|  0|   0|    0|    25|   64|     1|         1600|
    |t_coeffs_3_U      |pqcrystals_dilithocq  |        2|  0|   0|    0|   256|   32|     1|         8192|
    |t_coeffs_2_U      |pqcrystals_dilithocq  |        2|  0|   0|    0|   256|   32|     1|         8192|
    |t_coeffs_1_U      |pqcrystals_dilithocq  |        2|  0|   0|    0|   256|   32|     1|         8192|
    |t_coeffs_U        |pqcrystals_dilithocq  |        2|  0|   0|    0|   256|   32|     1|         8192|
    |cp_coeffs_U       |pqcrystals_dilithocq  |        2|  0|   0|    0|   256|   32|     1|         8192|
    |seedbuf_U         |pqcrystals_dilithtde  |        1|  0|   0|    0|   208|    8|     1|         1664|
    |mat_vec_coeffs_U  |pqcrystals_dilithudo  |        6|  0|   0|    0|  4096|   23|     1|        94208|
    |s1_vec_coeffs_U   |pqcrystals_dilithvdy  |        2|  0|   0|    0|  1024|   32|     1|        32768|
    |z_vec_coeffs_U    |pqcrystals_dilithvdy  |        2|  0|   0|    0|  1024|   32|     1|        32768|
    |t0_vec_coeffs_U   |pqcrystals_dilithvdy  |        2|  0|   0|    0|  1024|   32|     1|        32768|
    |s2_vec_coeffs_U   |pqcrystals_dilithvdy  |        2|  0|   0|    0|  1024|   32|     1|        32768|
    |w1_vec_coeffs_U   |pqcrystals_dilithvdy  |        2|  0|   0|    0|  1024|   32|     1|        32768|
    |w0_vec_coeffs_U   |pqcrystals_dilithvdy  |        2|  0|   0|    0|  1024|   32|     1|        32768|
    |h_vec_coeffs_U    |pqcrystals_dilithvdy  |        2|  0|   0|    0|  1024|   32|     1|        32768|
    |y_vec_coeffs_U    |pqcrystals_dilithwdI  |        2|  0|   0|    0|  1024|   32|     1|        32768|
    +------------------+----------------------+---------+---+----+-----+------+-----+------+-------------+
    |Total             |                      |       41|  0|   0|    0| 13826|  575|    17|       402176|
    +------------------+----------------------+---------+---+----+-----+------+-----+------+-------------+

    * FIFO: 
    N/A

    * Expression: 
    +-----------------------------------+----------+-------+---+-----+------------+------------+
    |           Variable Name           | Operation| DSP48E| FF| LUT | Bitwidth P0| Bitwidth P1|
    +-----------------------------------+----------+-------+---+-----+------------+------------+
    |add_ln124_1_fu_2443_p2             |     +    |      0|  0|   15|           8|           1|
    |add_ln124_2_fu_2464_p2             |     +    |      0|  0|   15|           8|           1|
    |add_ln124_3_fu_2485_p2             |     +    |      0|  0|   15|           8|           1|
    |add_ln124_fu_2426_p2               |     +    |      0|  0|   15|           8|           1|
    |add_ln32_1_fu_2044_p2              |     +    |      0|  0|   15|           8|           7|
    |add_ln32_2_fu_2054_p2              |     +    |      0|  0|   15|           8|           7|
    |add_ln32_3_fu_2064_p2              |     +    |      0|  0|   15|           8|           7|
    |add_ln32_4_fu_2074_p2              |     +    |      0|  0|   15|           8|           7|
    |add_ln32_5_fu_2084_p2              |     +    |      0|  0|   15|           8|           7|
    |add_ln32_6_fu_2094_p2              |     +    |      0|  0|   15|           8|           7|
    |add_ln32_fu_2033_p2                |     +    |      0|  0|   15|           8|           7|
    |add_ln423_fu_1999_p2               |     +    |      0|  0|   13|           4|           1|
    |add_ln425_fu_2022_p2               |     +    |      0|  0|   15|           8|           7|
    |add_ln426_1_fu_2686_p2             |     +    |      0|  0|   17|          10|          10|
    |add_ln426_fu_2669_p2               |     +    |      0|  0|   17|          10|          10|
    |add_ln556_1_fu_2149_p2             |     +    |      0|  0|   12|           3|           1|
    |add_ln556_2_fu_2563_p2             |     +    |      0|  0|   12|           3|           1|
    |add_ln556_fu_1818_p2               |     +    |      0|  0|   12|           3|           1|
    |add_ln558_1_fu_2172_p2             |     +    |      0|  0|   15|           8|           8|
    |add_ln558_fu_1841_p2               |     +    |      0|  0|   15|           7|           8|
    |add_ln559_1_fu_2204_p2             |     +    |      0|  0|   15|           8|           8|
    |add_ln559_fu_1862_p2               |     +    |      0|  0|   15|           7|           8|
    |add_ln560_1_fu_2284_p2             |     +    |      0|  0|   15|           8|           8|
    |add_ln560_fu_1882_p2               |     +    |      0|  0|   15|           7|           8|
    |add_ln561_1_fu_2304_p2             |     +    |      0|  0|   15|           8|           8|
    |add_ln561_fu_1902_p2               |     +    |      0|  0|   15|           7|           8|
    |add_ln562_1_fu_2324_p2             |     +    |      0|  0|   15|           8|           8|
    |add_ln562_fu_1922_p2               |     +    |      0|  0|   15|           7|           8|
    |add_ln563_1_fu_2344_p2             |     +    |      0|  0|   15|           8|           8|
    |add_ln563_fu_1942_p2               |     +    |      0|  0|   15|           7|           8|
    |add_ln564_1_fu_2364_p2             |     +    |      0|  0|   15|           8|           8|
    |add_ln564_fu_1962_p2               |     +    |      0|  0|   15|           7|           8|
    |add_ln565_1_fu_2384_p2             |     +    |      0|  0|   15|           8|           8|
    |add_ln565_fu_1982_p2               |     +    |      0|  0|   15|           7|           8|
    |i_2_fu_2512_p2                     |     +    |      0|  0|   12|           3|           1|
    |n_fu_2696_p2                       |     +    |      0|  0|   18|          11|          11|
    |nonce_fu_2395_p2                   |     +    |      0|  0|   23|           1|          16|
    |ap_block_state259_on_subcall_done  |    and   |      0|  0|    2|           1|           1|
    |ap_block_state343_on_subcall_done  |    and   |      0|  0|    2|           1|           1|
    |ap_predicate_op1056_call_state259  |    and   |      0|  0|    2|           1|           1|
    |ap_predicate_op1151_call_state343  |    and   |      0|  0|    2|           1|           1|
    |icmp_ln124_1_fu_2458_p2            |   icmp   |      0|  0|   11|           8|           2|
    |icmp_ln124_2_fu_2479_p2            |   icmp   |      0|  0|   11|           8|           2|
    |icmp_ln124_3_fu_2500_p2            |   icmp   |      0|  0|   11|           8|           2|
    |icmp_ln124_fu_2437_p2              |   icmp   |      0|  0|   11|           8|           2|
    |icmp_ln172_fu_2702_p2              |   icmp   |      0|  0|   13|          11|           7|
    |icmp_ln403_fu_2506_p2              |   icmp   |      0|  0|    9|           3|           4|
    |icmp_ln423_fu_1993_p2              |   icmp   |      0|  0|    9|           4|           4|
    |icmp_ln556_1_fu_2143_p2            |   icmp   |      0|  0|    9|           3|           3|
    |icmp_ln556_2_fu_2557_p2            |   icmp   |      0|  0|    9|           3|           4|
    |icmp_ln556_fu_1812_p2              |   icmp   |      0|  0|    9|           3|           3|
    |ap_block_state205_on_subcall_done  |    or    |      0|  0|    2|           1|           1|
    |ap_block_state55_on_subcall_done   |    or    |      0|  0|    2|           1|           1|
    |or_ln53_1_fu_2414_p2               |    or    |      0|  0|   16|          16|           2|
    |or_ln53_2_fu_2420_p2               |    or    |      0|  0|   16|          16|           2|
    |or_ln53_fu_2408_p2                 |    or    |      0|  0|   16|          16|           1|
    |or_ln559_1_fu_2194_p2              |    or    |      0|  0|    6|           6|           1|
    |or_ln559_2_fu_2590_p2              |    or    |      0|  0|    5|           5|           1|
    |or_ln559_fu_1852_p2                |    or    |      0|  0|    6|           6|           1|
    |or_ln560_1_fu_2275_p2              |    or    |      0|  0|    6|           6|           2|
    |or_ln560_2_fu_2601_p2              |    or    |      0|  0|    5|           5|           2|
    |or_ln560_fu_1873_p2                |    or    |      0|  0|    6|           6|           2|
    |or_ln561_1_fu_2295_p2              |    or    |      0|  0|    6|           6|           2|
    |or_ln561_2_fu_2611_p2              |    or    |      0|  0|    5|           5|           2|
    |or_ln561_fu_1893_p2                |    or    |      0|  0|    6|           6|           2|
    |or_ln562_1_fu_2315_p2              |    or    |      0|  0|    6|           6|           3|
    |or_ln562_2_fu_2621_p2              |    or    |      0|  0|    5|           5|           3|
    |or_ln562_fu_1913_p2                |    or    |      0|  0|    6|           6|           3|
    |or_ln563_1_fu_2335_p2              |    or    |      0|  0|    6|           6|           3|
    |or_ln563_2_fu_2631_p2              |    or    |      0|  0|    5|           5|           3|
    |or_ln563_fu_1933_p2                |    or    |      0|  0|    6|           6|           3|
    |or_ln564_1_fu_2355_p2              |    or    |      0|  0|    6|           6|           3|
    |or_ln564_2_fu_2641_p2              |    or    |      0|  0|    5|           5|           3|
    |or_ln564_fu_1953_p2                |    or    |      0|  0|    6|           6|           3|
    |or_ln565_1_fu_2375_p2              |    or    |      0|  0|    6|           6|           3|
    |or_ln565_2_fu_2651_p2              |    or    |      0|  0|    5|           5|           3|
    |or_ln565_fu_1973_p2                |    or    |      0|  0|    6|           6|           3|
    |shl_ln463_1_fu_2539_p2             |    shl   |      0|  0|  182|           5|          64|
    |shl_ln463_fu_1794_p2               |    shl   |      0|  0|  182|           5|          64|
    |ap_enable_pp0                      |    xor   |      0|  0|    2|           1|           2|
    |grp_fu_1650_p2                     |    xor   |      0|  0|   65|          64|          65|
    |xor_ln425_fu_2118_p2               |    xor   |      0|  0|   64|          64|          64|
    |xor_ln463_1_fu_2124_p2             |    xor   |      0|  0|   64|          64|           5|
    |xor_ln463_2_fu_2545_p2             |    xor   |      0|  0|   64|          64|          64|
    |xor_ln463_fu_1800_p2               |    xor   |      0|  0|   64|          64|          64|
    |xor_ln464_1_fu_2131_p2             |    xor   |      0|  0|   65|          64|          65|
    +-----------------------------------+----------+-------+---+-----+------------+------------+
    |Total                              |          |      0|  0| 1589|         891|         792|
    +-----------------------------------+----------+-------+---+-----+------------+------------+

    * Multiplexer: 
    +------------------------------------------------------+------+-----------+-----+-----------+
    |                         Name                         |  LUT | Input Size| Bits| Total Bits|
    +------------------------------------------------------+------+-----------+-----+-----------+
    |ap_NS_fsm                                             |  1525|        345|    1|        345|
    |ap_enable_reg_pp0_iter1                               |     9|          2|    1|          2|
    |ap_phi_mux_i_3_i1_phi_fu_1190_p4                      |     9|          2|    4|          8|
    |cp_coeffs_address0                                    |    21|          4|    8|         32|
    |cp_coeffs_address1                                    |    21|          4|    8|         32|
    |cp_coeffs_ce0                                         |    21|          4|    1|          4|
    |cp_coeffs_ce1                                         |    21|          4|    1|          4|
    |cp_coeffs_d0                                          |    15|          3|   32|         96|
    |cp_coeffs_d1                                          |    15|          3|   32|         96|
    |cp_coeffs_we0                                         |    15|          3|    1|          3|
    |cp_coeffs_we1                                         |    15|          3|    1|          3|
    |grp_keccak_absorb_2_fu_1339_m_offset                  |    15|          3|   13|         39|
    |grp_keccak_absorb_2_fu_1339_mlen                      |    15|          3|   64|        192|
    |grp_keccak_absorb_3199_fu_1631_m_offset               |    15|          3|    8|         24|
    |grp_pqcrystals_dilithium_10_fu_1306_a_coeffs_offset   |    27|          5|    4|         20|
    |grp_pqcrystals_dilithium_10_fu_1306_a_coeffs_offset1  |    27|          5|    4|         20|
    |grp_pqcrystals_dilithium_10_fu_1306_nonce             |    85|         17|   11|        187|
    |grp_pqcrystals_dilithium_11_fu_1454_a_coeffs_offset   |    27|          5|    4|         20|
    |grp_pqcrystals_dilithium_11_fu_1454_b_coeffs_offset   |    27|          5|    4|         20|
    |grp_pqcrystals_dilithium_11_fu_1454_c_coeffs_offset   |    27|          5|    4|         20|
    |grp_pqcrystals_dilithium_12_fu_1604_a_coeffs_offset   |    27|          5|    4|         20|
    |grp_pqcrystals_dilithium_12_fu_1604_a_coeffs_q0       |    27|          5|   32|        160|
    |grp_pqcrystals_dilithium_12_fu_1604_a_coeffs_q1       |    27|          5|   32|        160|
    |grp_pqcrystals_dilithium_13_fu_1555_b_coeffs_offset   |    27|          5|    4|         20|
    |grp_pqcrystals_dilithium_13_fu_1555_b_coeffs_q0       |    21|          4|   32|        128|
    |grp_pqcrystals_dilithium_13_fu_1555_b_coeffs_q1       |    21|          4|   32|        128|
    |grp_pqcrystals_dilithium_13_fu_1555_c_coeffs_offset   |    27|          5|    4|         20|
    |grp_pqcrystals_dilithium_14_fu_1518_a_coeffs_offset   |    27|          5|    4|         20|
    |grp_pqcrystals_dilithium_14_fu_1518_c_coeffs_offset   |    27|          5|    4|         20|
    |grp_pqcrystals_dilithium_15_fu_1535_a_coeffs_offset   |    27|          5|    4|         20|
    |grp_pqcrystals_dilithium_15_fu_1535_a_coeffs_offset1  |    21|          4|    4|         16|
    |grp_pqcrystals_dilithium_15_fu_1535_b_coeffs_offset   |    21|          4|    4|         16|
    |grp_pqcrystals_dilithium_16_fu_1572_a0_coeffs_offset  |    27|          5|    4|         20|
    |grp_pqcrystals_dilithium_16_fu_1572_a1_coeffs_offset  |    27|          5|    4|         20|
    |grp_pqcrystals_dilithium_16_fu_1572_h_coeffs_offset   |    27|          5|    4|         20|
    |grp_pqcrystals_dilithium_18_fu_1475_a_coeffs_offset   |    27|          5|    4|         20|
    |grp_pqcrystals_dilithium_20_fu_1594_a_coeffs_offset   |    27|          5|    4|         20|
    |grp_pqcrystals_dilithium_20_fu_1594_a_coeffs_q0       |    15|          3|   32|         96|
    |grp_pqcrystals_dilithium_20_fu_1594_a_coeffs_q1       |    15|          3|   32|         96|
    |grp_pqcrystals_dilithium_21_fu_1487_a_coeffs_offset   |    27|          5|    4|         20|
    |grp_pqcrystals_dilithium_21_fu_1487_b_coeffs_q0       |    27|          5|   32|        160|
    |grp_pqcrystals_dilithium_21_fu_1487_b_coeffs_q1       |    27|          5|   32|        160|
    |grp_pqcrystals_dilithium_22_fu_1433_a_coeffs_offset   |    27|          5|    4|         20|
    |grp_pqcrystals_dilithium_22_fu_1433_b_coeffs_offset   |    27|          5|    4|         20|
    |grp_pqcrystals_dilithium_22_fu_1433_b_coeffs_q0       |    15|          3|   32|         96|
    |grp_pqcrystals_dilithium_22_fu_1433_b_coeffs_q1       |    15|          3|   32|         96|
    |grp_pqcrystals_dilithium_22_fu_1433_c_coeffs_offset   |    27|          5|    4|         20|
    |grp_pqcrystals_dilithium_22_fu_1433_c_coeffs_q0       |    15|          3|   32|         96|
    |grp_pqcrystals_dilithium_22_fu_1433_c_coeffs_q1       |    15|          3|   32|         96|
    |grp_pqcrystals_dilithium_25_fu_1372_a_offset          |    27|          5|    4|         20|
    |grp_pqcrystals_dilithium_25_fu_1372_a_q0              |    15|          3|   32|         96|
    |grp_pqcrystals_dilithium_25_fu_1372_a_q1              |    15|          3|   32|         96|
    |grp_pqcrystals_dilithium_25_fu_1381_a_offset          |    27|          5|    4|         20|
    |grp_pqcrystals_dilithium_25_fu_1390_a_offset          |    27|          5|    4|         20|
    |grp_pqcrystals_dilithium_28_fu_1506_a_offset          |    27|          5|    4|         20|
    |grp_pqcrystals_dilithium_28_fu_1506_a_q0              |    21|          4|   32|        128|
    |grp_pqcrystals_dilithium_28_fu_1506_a_q1              |    21|          4|   32|        128|
    |grp_pqcrystals_dilithium_5_fu_1614_a_coeffs_offset    |    27|          5|    4|         20|
    |grp_pqcrystals_dilithium_5_fu_1614_r_offset           |    27|          5|   11|         55|
    |grp_pqcrystals_dilithium_6_fu_1498_bound              |    15|          3|   18|         54|
    |grp_pqcrystals_dilithium_6_fu_1498_v_vec_coeffs_q0    |    15|          3|   32|         96|
    |grp_pqcrystals_dilithium_6_fu_1498_v_vec_coeffs_q1    |    15|          3|   32|         96|
    |grp_pqcrystals_dilithium_9_fu_1287_a_coeffs_offset    |    27|          5|    4|         20|
    |grp_pqcrystals_dilithium_9_fu_1287_nonce              |    27|          5|   16|         80|
    |h_vec_coeffs_address0                                 |    44|          9|   10|         90|
    |h_vec_coeffs_address1                                 |    41|          8|   10|         80|
    |h_vec_coeffs_ce0                                      |    44|          9|    1|          9|
    |h_vec_coeffs_ce1                                      |    41|          8|    1|          8|
    |h_vec_coeffs_d0                                       |    27|          5|   32|        160|
    |h_vec_coeffs_d1                                       |    27|          5|   32|        160|
    |h_vec_coeffs_we0                                      |    27|          5|    1|          5|
    |h_vec_coeffs_we1                                      |    27|          5|    1|          5|
    |i_0_i_reg_1264                                        |     9|          2|    3|          6|
    |i_3_i1_reg_1186                                       |     9|          2|    4|          8|
    |i_3_i2_reg_1197                                       |     9|          2|    3|          6|
    |i_3_i46_reg_1276                                      |     9|          2|    3|          6|
    |i_3_i_reg_1174                                        |     9|          2|    3|          6|
    |mat_vec_coeffs_address0                               |    21|          4|   12|         48|
    |mat_vec_coeffs_address1                               |    15|          3|   12|         36|
    |mat_vec_coeffs_ce0                                    |    21|          4|    1|          4|
    |mat_vec_coeffs_ce1                                    |    15|          3|    1|          3|
    |mat_vec_coeffs_we0                                    |     9|          2|    1|          2|
    |nonce_assign_reg_1209                                 |     9|          2|   16|         32|
    |phi_ln124_1_reg_1231                                  |     9|          2|    8|         16|
    |phi_ln124_2_reg_1242                                  |     9|          2|    8|         16|
    |phi_ln124_3_reg_1253                                  |     9|          2|    8|         16|
    |phi_ln124_reg_1220                                    |     9|          2|    8|         16|
    |s1_vec_coeffs_address0                                |    21|          4|   10|         40|
    |s1_vec_coeffs_address1                                |    21|          4|   10|         40|
    |s1_vec_coeffs_ce0                                     |    21|          4|    1|          4|
    |s1_vec_coeffs_ce1                                     |    21|          4|    1|          4|
    |s1_vec_coeffs_d0                                      |    15|          3|   32|         96|
    |s1_vec_coeffs_d1                                      |    15|          3|   32|         96|
    |s1_vec_coeffs_we0                                     |    15|          3|    1|          3|
    |s1_vec_coeffs_we1                                     |    15|          3|    1|          3|
    |s2_vec_coeffs_address0                                |    21|          4|   10|         40|
    |s2_vec_coeffs_address1                                |    21|          4|   10|         40|
    |s2_vec_coeffs_ce0                                     |    21|          4|    1|          4|
    |s2_vec_coeffs_ce1                                     |    21|          4|    1|          4|
    |s2_vec_coeffs_d0                                      |    15|          3|   32|         96|
    |s2_vec_coeffs_d1                                      |    15|          3|   32|         96|
    |s2_vec_coeffs_we0                                     |    15|          3|    1|          3|
    |s2_vec_coeffs_we1                                     |    15|          3|    1|          3|
    |seedbuf_address0                                      |    85|         17|    8|        136|
    |seedbuf_address1                                      |    85|         17|    8|        136|
    |seedbuf_ce0                                           |    33|          6|    1|          6|
    |seedbuf_ce1                                           |    33|          6|    1|          6|
    |seedbuf_d0                                            |    47|         10|    8|         80|
    |seedbuf_d1                                            |    47|         10|    8|         80|
    |seedbuf_we0                                           |    15|          3|    1|          3|
    |seedbuf_we1                                           |    15|          3|    1|          3|
    |sig_address0                                          |    44|          9|   13|        117|
    |sig_address1                                          |    44|          9|   13|        117|
    |sig_ce0                                               |    33|          6|    1|          6|
    |sig_ce1                                               |    33|          6|    1|          6|
    |sig_d0                                                |    38|          7|    8|         56|
    |sig_d1                                                |    38|          7|    8|         56|
    |sig_we0                                               |    21|          4|    1|          4|
    |sig_we1                                               |    21|          4|    1|          4|
    |state_0_s_address0                                    |    85|         17|    5|         85|
    |state_0_s_address1                                    |    85|         17|    5|         85|
    |state_0_s_ce0                                         |    15|          3|    1|          3|
    |state_0_s_ce1                                         |    15|          3|    1|          3|
    |state_0_s_d0                                          |    27|          5|   64|        320|
    |state_0_s_d1                                          |    21|          4|   64|        256|
    |state_0_s_we0                                         |    15|          3|    1|          3|
    |state_0_s_we1                                         |    15|          3|    1|          3|
    |state_s_address0                                      |   145|         32|    5|        160|
    |state_s_address1                                      |   149|         33|    5|        165|
    |state_s_ce0                                           |    27|          5|    1|          5|
    |state_s_ce1                                           |    27|          5|    1|          5|
    |state_s_d0                                            |    38|          7|   64|        448|
    |state_s_d1                                            |    27|          5|   64|        320|
    |state_s_we0                                           |    21|          4|    1|          4|
    |state_s_we1                                           |    27|          5|    1|          5|
    |t0_vec_coeffs_address0                                |    21|          4|   10|         40|
    |t0_vec_coeffs_address1                                |    21|          4|   10|         40|
    |t0_vec_coeffs_ce0                                     |    21|          4|    1|          4|
    |t0_vec_coeffs_ce1                                     |    21|          4|    1|          4|
    |t0_vec_coeffs_d0                                      |    15|          3|   32|         96|
    |t0_vec_coeffs_d1                                      |    15|          3|   32|         96|
    |t0_vec_coeffs_we0                                     |    15|          3|    1|          3|
    |t0_vec_coeffs_we1                                     |    15|          3|    1|          3|
    |t_coeffs_1_address0                                   |    15|          3|    8|         24|
    |t_coeffs_1_address1                                   |    15|          3|    8|         24|
    |t_coeffs_1_ce0                                        |    15|          3|    1|          3|
    |t_coeffs_1_ce1                                        |    15|          3|    1|          3|
    |t_coeffs_1_we0                                        |     9|          2|    1|          2|
    |t_coeffs_1_we1                                        |     9|          2|    1|          2|
    |t_coeffs_2_address0                                   |    15|          3|    8|         24|
    |t_coeffs_2_address1                                   |    15|          3|    8|         24|
    |t_coeffs_2_ce0                                        |    15|          3|    1|          3|
    |t_coeffs_2_ce1                                        |    15|          3|    1|          3|
    |t_coeffs_2_we0                                        |     9|          2|    1|          2|
    |t_coeffs_2_we1                                        |     9|          2|    1|          2|
    |t_coeffs_3_address0                                   |    15|          3|    8|         24|
    |t_coeffs_3_address1                                   |    15|          3|    8|         24|
    |t_coeffs_3_ce0                                        |    15|          3|    1|          3|
    |t_coeffs_3_ce1                                        |    15|          3|    1|          3|
    |t_coeffs_3_we0                                        |     9|          2|    1|          2|
    |t_coeffs_3_we1                                        |     9|          2|    1|          2|
    |t_coeffs_address0                                     |    15|          3|    8|         24|
    |t_coeffs_address1                                     |    15|          3|    8|         24|
    |t_coeffs_ce0                                          |    15|          3|    1|          3|
    |t_coeffs_ce1                                          |    15|          3|    1|          3|
    |t_coeffs_we0                                          |     9|          2|    1|          2|
    |t_coeffs_we1                                          |     9|          2|    1|          2|
    |w0_vec_coeffs_address0                                |    41|          8|   10|         80|
    |w0_vec_coeffs_address1                                |    41|          8|   10|         80|
    |w0_vec_coeffs_ce0                                     |    41|          8|    1|          8|
    |w0_vec_coeffs_ce1                                     |    41|          8|    1|          8|
    |w0_vec_coeffs_d0                                      |    33|          6|   32|        192|
    |w0_vec_coeffs_d1                                      |    33|          6|   32|        192|
    |w0_vec_coeffs_we0                                     |    33|          6|    1|          6|
    |w0_vec_coeffs_we1                                     |    33|          6|    1|          6|
    |w1_vec_coeffs_address0                                |    44|          9|   10|         90|
    |w1_vec_coeffs_address1                                |    44|          9|   10|         90|
    |w1_vec_coeffs_ce0                                     |    44|          9|    1|          9|
    |w1_vec_coeffs_ce1                                     |    44|          9|    1|          9|
    |w1_vec_coeffs_d0                                      |    38|          7|   32|        224|
    |w1_vec_coeffs_d1                                      |    38|          7|   32|        224|
    |w1_vec_coeffs_we0                                     |    38|          7|    1|          7|
    |w1_vec_coeffs_we1                                     |    38|          7|    1|          7|
    |y_vec_coeffs_address0                                 |    38|          7|   10|         70|
    |y_vec_coeffs_ce0                                      |    21|          4|    1|          4|
    |y_vec_coeffs_ce1                                      |     9|          2|    1|          2|
    |y_vec_coeffs_we0                                      |     9|          2|    1|          2|
    |z_vec_coeffs_address0                                 |    59|         14|   10|        140|
    |z_vec_coeffs_address1                                 |    44|          9|   10|         90|
    |z_vec_coeffs_ce0                                      |    50|         11|    1|         11|
    |z_vec_coeffs_ce1                                      |    44|          9|    1|          9|
    |z_vec_coeffs_d0                                       |    38|          7|   32|        224|
    |z_vec_coeffs_d1                                       |    33|          6|   32|        192|
    |z_vec_coeffs_we0                                      |    38|          7|    1|          7|
    |z_vec_coeffs_we1                                      |    33|          6|    1|          6|
    +------------------------------------------------------+------+-----------+-----+-----------+
    |Total                                                 |  6576|       1337| 2085|      10423|
    +------------------------------------------------------+------+-----------+-----+-----------+

    * Register: 
    +--------------------------------------------------+-----+----+-----+-----------+
    |                       Name                       |  FF | LUT| Bits| Const Bits|
    +--------------------------------------------------+-----+----+-----+-----------+
    |add_ln124_1_reg_3078                              |    8|   0|    8|          0|
    |add_ln124_2_reg_3097                              |    8|   0|    8|          0|
    |add_ln124_3_reg_3116                              |    8|   0|    8|          0|
    |add_ln124_reg_3059                                |    8|   0|    8|          0|
    |add_ln423_reg_2882                                |    4|   0|    4|          0|
    |add_ln426_reg_3201                                |   10|   0|   10|          0|
    |add_ln556_1_reg_2981                              |    3|   0|    3|          0|
    |add_ln556_2_reg_3152                              |    3|   0|    3|          0|
    |add_ln556_reg_2848                                |    3|   0|    3|          0|
    |ap_CS_fsm                                         |  344|   0|  344|          0|
    |ap_enable_reg_pp0_iter0                           |    1|   0|    1|          0|
    |ap_enable_reg_pp0_iter1                           |    1|   0|    1|          0|
    |grp_KeccakF1600_StatePer_1_fu_1354_ap_start_reg   |    1|   0|    1|          0|
    |grp_KeccakF1600_StatePer_fu_1359_ap_start_reg     |    1|   0|    1|          0|
    |grp_keccak_absorb_2_fu_1339_ap_start_reg          |    1|   0|    1|          0|
    |grp_keccak_absorb_3199_fu_1631_ap_start_reg       |    1|   0|    1|          0|
    |grp_pqcrystals_dilithium_10_fu_1306_ap_start_reg  |    1|   0|    1|          0|
    |grp_pqcrystals_dilithium_11_fu_1454_ap_start_reg  |    1|   0|    1|          0|
    |grp_pqcrystals_dilithium_12_fu_1604_ap_start_reg  |    1|   0|    1|          0|
    |grp_pqcrystals_dilithium_13_fu_1555_ap_start_reg  |    1|   0|    1|          0|
    |grp_pqcrystals_dilithium_14_fu_1518_ap_start_reg  |    1|   0|    1|          0|
    |grp_pqcrystals_dilithium_15_fu_1535_ap_start_reg  |    1|   0|    1|          0|
    |grp_pqcrystals_dilithium_16_fu_1572_ap_start_reg  |    1|   0|    1|          0|
    |grp_pqcrystals_dilithium_17_fu_1425_ap_start_reg  |    1|   0|    1|          0|
    |grp_pqcrystals_dilithium_18_fu_1475_ap_start_reg  |    1|   0|    1|          0|
    |grp_pqcrystals_dilithium_19_fu_1299_ap_start_reg  |    1|   0|    1|          0|
    |grp_pqcrystals_dilithium_20_fu_1594_ap_start_reg  |    1|   0|    1|          0|
    |grp_pqcrystals_dilithium_21_fu_1487_ap_start_reg  |    1|   0|    1|          0|
    |grp_pqcrystals_dilithium_22_fu_1433_ap_start_reg  |    1|   0|    1|          0|
    |grp_pqcrystals_dilithium_23_fu_1364_ap_start_reg  |    1|   0|    1|          0|
    |grp_pqcrystals_dilithium_24_fu_1408_ap_start_reg  |    1|   0|    1|          0|
    |grp_pqcrystals_dilithium_25_fu_1372_ap_start_reg  |    1|   0|    1|          0|
    |grp_pqcrystals_dilithium_25_fu_1381_ap_start_reg  |    1|   0|    1|          0|
    |grp_pqcrystals_dilithium_25_fu_1390_ap_start_reg  |    1|   0|    1|          0|
    |grp_pqcrystals_dilithium_28_fu_1506_ap_start_reg  |    1|   0|    1|          0|
    |grp_pqcrystals_dilithium_5_fu_1614_ap_start_reg   |    1|   0|    1|          0|
    |grp_pqcrystals_dilithium_6_fu_1498_ap_start_reg   |    1|   0|    1|          0|
    |grp_pqcrystals_dilithium_9_fu_1287_ap_start_reg   |    1|   0|    1|          0|
    |grp_pqcrystals_dilithium_fu_1415_ap_start_reg     |    1|   0|    1|          0|
    |i_0_i_reg_1264                                    |    3|   0|    3|          0|
    |i_2_reg_3138                                      |    3|   0|    3|          0|
    |i_3_i1_reg_1186                                   |    4|   0|    4|          0|
    |i_3_i2_reg_1197                                   |    3|   0|    3|          0|
    |i_3_i46_reg_1276                                  |    3|   0|    3|          0|
    |i_3_i_reg_1174                                    |    3|   0|    3|          0|
    |icmp_ln124_1_reg_3093                             |    1|   0|    1|          0|
    |icmp_ln124_2_reg_3112                             |    1|   0|    1|          0|
    |icmp_ln124_3_reg_3131                             |    1|   0|    1|          0|
    |icmp_ln124_reg_3074                               |    1|   0|    1|          0|
    |icmp_ln423_reg_2878                               |    1|   0|    1|          0|
    |nonce_assign_reg_1209                             |   16|   0|   16|          0|
    |nonce_reg_3031                                    |   16|   0|   16|          0|
    |or_ln53_1_reg_3049                                |   14|   0|   16|          2|
    |or_ln53_2_reg_3054                                |   14|   0|   16|          2|
    |or_ln53_reg_3044                                  |   14|   0|   16|          2|
    |phi_ln124_1_reg_1231                              |    8|   0|    8|          0|
    |phi_ln124_2_reg_1242                              |    8|   0|    8|          0|
    |phi_ln124_3_reg_1253                              |    8|   0|    8|          0|
    |phi_ln124_reg_1220                                |    8|   0|    8|          0|
    |reg_1729                                          |   32|   0|   32|          0|
    |reg_1733                                          |    8|   0|    8|          0|
    |reg_1739                                          |    8|   0|    8|          0|
    |reg_1745                                          |    8|   0|    8|          0|
    |reg_1751                                          |    8|   0|    8|          0|
    |reg_1757                                          |    8|   0|    8|          0|
    |reg_1763                                          |    8|   0|    8|          0|
    |reg_1769                                          |    9|   0|    9|          0|
    |seedbuf_load_1_reg_2918                           |    8|   0|    8|          0|
    |seedbuf_load_2_reg_2938                           |    8|   0|    8|          0|
    |seedbuf_load_3_reg_2943                           |    8|   0|    8|          0|
    |seedbuf_load_4_reg_2958                           |    8|   0|    8|          0|
    |seedbuf_load_5_reg_2963                           |    8|   0|    8|          0|
    |seedbuf_load_reg_2913                             |    8|   0|    8|          0|
    |shl_ln4_reg_2858                                  |    3|   0|    6|          3|
    |shl_ln53_reg_3036                                 |   14|   0|   16|          2|
    |shl_ln558_1_reg_2991                              |    3|   0|    6|          3|
    |shl_ln558_2_reg_3167                              |    2|   0|    5|          3|
    |state_0_s_addr_25_reg_2907                        |    4|   0|    5|          1|
    |state_0_s_load_2_reg_2933                         |   64|   0|   64|          0|
    |state_s_addr_102_reg_2839                         |    5|   0|    5|          0|
    |state_s_addr_104_reg_3143                         |    5|   0|    5|          0|
    |tmp_134_i9_reg_3181                               |    1|   0|    1|          0|
    |tmp_135_i8_reg_3185                               |    1|   0|    1|          0|
    |tmp_136_i7_reg_3189                               |    1|   0|    1|          0|
    |tmp_16_reg_3193                                   |    1|   0|    1|          0|
    |tmp_25_reg_3197                                   |    1|   0|    1|          0|
    |tmp_6736_reg_3102                                 |    8|   0|   64|         56|
    |tmp_6737_reg_3121                                 |    8|   0|   64|         56|
    |tmp_i_reg_3177                                    |    1|   0|    1|          0|
    |tmp_s_reg_3083                                    |    8|   0|   64|         56|
    |trunc_ln558_3_reg_3162                            |    2|   0|    2|          0|
    |trunc_ln560_1_reg_3001                            |    8|   0|    8|          0|
    |trunc_ln561_1_reg_3006                            |    8|   0|    8|          0|
    |trunc_ln562_1_reg_3011                            |    8|   0|    8|          0|
    |trunc_ln563_1_reg_3016                            |    8|   0|    8|          0|
    |trunc_ln564_1_reg_3021                            |    8|   0|    8|          0|
    |trunc_ln565_1_reg_3026                            |    8|   0|    8|          0|
    |zext_ln124_reg_3064                               |    8|   0|   64|         56|
    |zext_ln425_reg_2887                               |    4|   0|    8|          4|
    +--------------------------------------------------+-----+----+-----+-----------+
    |Total                                             |  887|   0| 1133|        246|
    +--------------------------------------------------+-----+----+-----+-----------+



================================================================
== Interface
================================================================
* Summary: 
+--------------+-----+-----+------------+------------------------+--------------+
|   RTL Ports  | Dir | Bits|  Protocol  |      Source Object     |    C Type    |
+--------------+-----+-----+------------+------------------------+--------------+
|ap_clk        |  in |    1| ap_ctrl_hs | pqcrystals_dilithium.1 | return value |
|ap_rst        |  in |    1| ap_ctrl_hs | pqcrystals_dilithium.1 | return value |
|ap_start      |  in |    1| ap_ctrl_hs | pqcrystals_dilithium.1 | return value |
|ap_done       | out |    1| ap_ctrl_hs | pqcrystals_dilithium.1 | return value |
|ap_idle       | out |    1| ap_ctrl_hs | pqcrystals_dilithium.1 | return value |
|ap_ready      | out |    1| ap_ctrl_hs | pqcrystals_dilithium.1 | return value |
|sig_address0  | out |   13|  ap_memory |           sig          |     array    |
|sig_ce0       | out |    1|  ap_memory |           sig          |     array    |
|sig_we0       | out |    1|  ap_memory |           sig          |     array    |
|sig_d0        | out |    8|  ap_memory |           sig          |     array    |
|sig_q0        |  in |    8|  ap_memory |           sig          |     array    |
|sig_address1  | out |   13|  ap_memory |           sig          |     array    |
|sig_ce1       | out |    1|  ap_memory |           sig          |     array    |
|sig_we1       | out |    1|  ap_memory |           sig          |     array    |
|sig_d1        | out |    8|  ap_memory |           sig          |     array    |
|sig_q1        |  in |    8|  ap_memory |           sig          |     array    |
|mlen          |  in |   64|   ap_none  |          mlen          |    scalar    |
|sk_address0   | out |   12|  ap_memory |           sk           |     array    |
|sk_ce0        | out |    1|  ap_memory |           sk           |     array    |
|sk_q0         |  in |    8|  ap_memory |           sk           |     array    |
|sk_address1   | out |   12|  ap_memory |           sk           |     array    |
|sk_ce1        | out |    1|  ap_memory |           sk           |     array    |
|sk_q1         |  in |    8|  ap_memory |           sk           |     array    |
+--------------+-----+-----+------------+------------------------+--------------+

