

================================================================
== Vivado HLS Report for 'keccak_absorb'
================================================================
* Date:           Tue Apr  4 22:25:36 2023

* Version:        2019.2 (Build 2704478 on Wed Nov 06 22:10:23 MST 2019)
* Project:        crypto_sign
* Solution:       solution1
* Product family: artix7
* Target device:  xc7a200t-fbg676-2


================================================================
== Performance Estimates
================================================================
+ Timing: 
    * Summary: 
    +--------+----------+----------+------------+
    |  Clock |  Target  | Estimated| Uncertainty|
    +--------+----------+----------+------------+
    |ap_clk  | 10.00 us | 6.812 ns |   1.25 us  |
    +--------+----------+----------+------------+

+ Latency: 
    * Summary: 
    +---------+---------+----------+----------+-----+-----+---------+
    |  Latency (cycles) |  Latency (absolute) |  Interval | Pipeline|
    |   min   |   max   |    min   |    max   | min | max |   Type  |
    +---------+---------+----------+----------+-----+-----+---------+
    |        ?|        ?|         ?|         ?|    ?|    ?|   none  |
    +---------+---------+----------+----------+-----+-----+---------+

    + Detail: 
        * Instance: 
        +-----------------------------------+------------------------+---------+---------+-----------+-----------+-----+-----+---------+
        |                                   |                        |  Latency (cycles) |   Latency (absolute)  |  Interval | Pipeline|
        |              Instance             |         Module         |   min   |   max   |    min    |    max    | min | max |   Type  |
        +-----------------------------------+------------------------+---------+---------+-----------+-----------+-----+-----+---------+
        |grp_KeccakF1600_StatePer_1_fu_432  |KeccakF1600_StatePer_1  |       50|       50|  0.500 ms |  0.500 ms |   50|   50|   none  |
        |grp_load64_3_fu_440                |load64_3                |        9|        9| 90.000 us | 90.000 us |    9|    9|   none  |
        +-----------------------------------+------------------------+---------+---------+-----------+-----------+-----+-----+---------+

        * Loop: 
        +-------------+---------+---------+-----------+-----------+-----------+---------+----------+
        |             |  Latency (cycles) | Iteration |  Initiation Interval  |   Trip  |          |
        |  Loop Name  |   min   |   max   |  Latency  |  achieved |   target  |  Count  | Pipelined|
        +-------------+---------+---------+-----------+-----------+-----------+---------+----------+
        |- memset_t   |        7|        7|          1|          -|          -|        8|    no    |
        |- Loop 2     |        ?|        ?|          1|          -|          -|        ?|    no    |
        |- Loop 3     |       16|       16|          2|          -|          -|        8|    no    |
        |- Loop 4     |        ?|        ?| 240 ~ 284 |          -|          -|        ?|    no    |
        | + Loop 4.1  |      187|      231|         11|          -|          -| 17 ~ 21 |    no    |
        |- Loop 5     |        0|      220|         11|          -|          -|  0 ~ 20 |    no    |
        |- Loop 6     |        8|        8|          1|          -|          -|        8|    no    |
        |- Loop 7     |        ?|        ?|          1|          -|          -|        ?|    no    |
        |- Loop 8     |       16|       16|          2|          -|          -|        8|    no    |
        +-------------+---------+---------+-----------+-----------+-----------+---------+----------+



================================================================
== Utilization Estimates
================================================================
* Summary: 
+-----------------+---------+-------+--------+--------+-----+
|       Name      | BRAM_18K| DSP48E|   FF   |   LUT  | URAM|
+-----------------+---------+-------+--------+--------+-----+
|DSP              |        -|      -|       -|       -|    -|
|Expression       |        -|      -|       0|    1611|    -|
|FIFO             |        -|      -|       -|       -|    -|
|Instance         |        2|      -|    3245|   17205|    -|
|Memory           |        0|      -|      16|       1|    0|
|Multiplexer      |        -|      -|       -|     518|    -|
|Register         |        -|      -|    1176|       -|    -|
+-----------------+---------+-------+--------+--------+-----+
|Total            |        2|      0|    4437|   19335|    0|
+-----------------+---------+-------+--------+--------+-----+
|Available        |      730|    740|  269200|  134600|    0|
+-----------------+---------+-------+--------+--------+-----+
|Utilization (%)  |    ~0   |      0|       1|      14|    0|
+-----------------+---------+-------+--------+--------+-----+

+ Detail: 
    * Instance: 
    +-----------------------------------+------------------------+---------+-------+------+-------+-----+
    |              Instance             |         Module         | BRAM_18K| DSP48E|  FF  |  LUT  | URAM|
    +-----------------------------------+------------------------+---------+-------+------+-------+-----+
    |grp_KeccakF1600_StatePer_1_fu_432  |KeccakF1600_StatePer_1  |        2|      0|  3110|  16883|    0|
    |grp_load64_3_fu_440                |load64_3                |        0|      0|   135|    322|    0|
    +-----------------------------------+------------------------+---------+-------+------+-------+-----+
    |Total                              |                        |        2|      0|  3245|  17205|    0|
    +-----------------------------------+------------------------+---------+-------+------+-------+-----+

    * DSP48E: 
    N/A

    * Memory: 
    +-------+-------------------+---------+----+----+-----+------+-----+------+-------------+
    | Memory|       Module      | BRAM_18K| FF | LUT| URAM| Words| Bits| Banks| W*Bits*Banks|
    +-------+-------------------+---------+----+----+-----+------+-----+------+-------------+
    |t_U    |keccak_absorb_2_t  |        0|  16|   1|    0|     8|    8|     1|           64|
    +-------+-------------------+---------+----+----+-----+------+-----+------+-------------+
    |Total  |                   |        0|  16|   1|    0|     8|    8|     1|           64|
    +-------+-------------------+---------+----+----+-----+------+-----+------+-------------+

    * FIFO: 
    N/A

    * Expression: 
    +---------------------------------+----------+-------+---+-----+------------+------------+
    |          Variable Name          | Operation| DSP48E| FF| LUT | Bitwidth P0| Bitwidth P1|
    +---------------------------------+----------+-------+---+-----+------------+------------+
    |add_ln387_fu_462_p2              |     +    |      0|  0|   12|           3|           1|
    |add_ln390_fu_613_p2              |     +    |      0|  0|   15|           5|           5|
    |add_ln392_fu_572_p2              |     +    |      0|  0|   71|           1|          64|
    |add_ln393_fu_552_p2              |     +    |      0|  0|   10|           2|           2|
    |add_ln394_fu_558_p2              |     +    |      0|  0|   15|           6|           6|
    |add_ln402_fu_742_p2              |     +    |      0|  0|   16|           9|           9|
    |add_ln410_3_fu_821_p2            |     +    |      0|  0|    8|          64|          64|
    |add_ln410_fu_815_p2              |     +    |      0|  0|    8|          64|          64|
    |add_ln411_fu_832_p2              |     +    |      0|  0|   71|          64|          64|
    |add_ln416_fu_851_p2              |     +    |      0|  0|   15|           5|           1|
    |add_ln417_1_fu_881_p2            |     +    |      0|  0|   37|          30|          30|
    |add_ln417_3_fu_875_p2            |     +    |      0|  0|    8|          64|          64|
    |add_ln417_fu_869_p2              |     +    |      0|  0|    8|          64|          64|
    |add_ln420_fu_916_p2              |     +    |      0|  0|   16|           9|           9|
    |add_ln428_fu_1070_p2             |     +    |      0|  0|   39|          32|          32|
    |i_38_fu_602_p2                   |     +    |      0|  0|   13|           4|           1|
    |i_39_fu_797_p2                   |     +    |      0|  0|   15|           5|           1|
    |i_40_fu_937_p2                   |     +    |      0|  0|   13|           4|           1|
    |i_41_fu_970_p2                   |     +    |      0|  0|   39|          32|           1|
    |i_42_fu_1003_p2                  |     +    |      0|  0|   13|           4|           1|
    |i_fu_585_p2                      |     +    |      0|  0|   39|          32|           1|
    |sub_ln391_fu_500_p2              |     -    |      0|  0|   15|           5|           4|
    |sub_ln396_fu_621_p2              |     -    |      0|  0|   15|           6|           6|
    |sub_ln399_fu_702_p2              |     -    |      0|  0|   15|           8|           8|
    |sub_ln403_fu_716_p2              |     -    |      0|  0|   12|           3|           3|
    |sub_ln414_fu_837_p2              |     -    |      0|  0|   71|          64|          64|
    |sub_ln419_fu_906_p2              |     -    |      0|  0|   71|          64|          64|
    |ap_block_state8_on_subcall_done  |    and   |      0|  0|    2|           1|           1|
    |ap_predicate_op112_call_state8   |    and   |      0|  0|    2|           1|           1|
    |empty_72_fu_516_p2               |   icmp   |      0|  0|    9|           4|           2|
    |exitcond_fu_567_p2               |   icmp   |      0|  0|   29|          64|          64|
    |icmp_ln30_2_fu_997_p2            |   icmp   |      0|  0|   11|           4|           5|
    |icmp_ln30_fu_596_p2              |   icmp   |      0|  0|   11|           4|           5|
    |icmp_ln387_fu_473_p2             |   icmp   |      0|  0|    9|           3|           2|
    |icmp_ln389_fu_490_p2             |   icmp   |      0|  0|    9|           3|           1|
    |icmp_ln399_1_fu_707_p2           |   icmp   |      0|  0|   11|           8|           8|
    |icmp_ln399_fu_696_p2             |   icmp   |      0|  0|   11|           6|           1|
    |icmp_ln408_fu_763_p2             |   icmp   |      0|  0|   29|          64|          64|
    |icmp_ln409_fu_792_p2             |   icmp   |      0|  0|   11|           5|           5|
    |icmp_ln416_fu_846_p2             |   icmp   |      0|  0|   11|           5|           5|
    |icmp_ln422_fu_925_p2             |   icmp   |      0|  0|   29|          64|          64|
    |icmp_ln423_fu_931_p2             |   icmp   |      0|  0|   11|           4|           5|
    |icmp_ln425_fu_965_p2             |   icmp   |      0|  0|   21|          33|          33|
    |r_2_fu_667_p2                    |    or    |      0|  0|   64|          64|          64|
    |r_3_fu_1057_p2                   |    or    |      0|  0|   64|          64|          64|
    |select_ln392_fu_578_p3           |  select  |      0|  0|    8|           1|           8|
    |select_ln426_fu_990_p3           |  select  |      0|  0|    8|           1|           8|
    |umax_fu_522_p3                   |  select  |      0|  0|    3|           1|           3|
    |shl_ln31_2_fu_1051_p2            |    shl   |      0|  0|  182|          64|          64|
    |shl_ln31_fu_661_p2               |    shl   |      0|  0|  182|          64|          64|
    |grp_fu_447_p2                    |    xor   |      0|  0|   64|          64|          64|
    |xor_ln391_1_fu_510_p2            |    xor   |      0|  0|    3|           3|           2|
    |xor_ln391_2_fu_530_p2            |    xor   |      0|  0|    3|           3|           2|
    |xor_ln396_fu_673_p2              |    xor   |      0|  0|   64|          64|          64|
    |xor_ln426_1_fu_980_p2            |    xor   |      0|  0|    2|           1|           1|
    |xor_ln426_2_fu_985_p2            |    xor   |      0|  0|    2|           1|           1|
    |xor_ln426_fu_952_p2              |    xor   |      0|  0|    2|           1|           1|
    |xor_ln427_fu_1063_p2             |    xor   |      0|  0|   64|          64|          64|
    +---------------------------------+----------+-------+---+-----+------------+------------+
    |Total                            |          |      0|  0| 1611|        1386|        1374|
    +---------------------------------+----------+-------+---+-----+------------+------------+

    * Multiplexer: 
    +---------------------------------+----+-----------+-----+-----------+
    |               Name              | LUT| Input Size| Bits| Total Bits|
    +---------------------------------+----+-----------+-----+-----------+
    |ap_NS_fsm                        |  97|         20|    1|         20|
    |ap_phi_mux_p_23_phi_fu_310_p6    |   9|          2|    6|         12|
    |ap_phi_mux_p_2722_phi_fu_297_p6  |   9|          2|    8|         16|
    |ap_phi_mux_p_2_phi_fu_325_p6     |   9|          2|    3|          6|
    |ap_phi_mux_p_34_phi_fu_426_p4    |   9|          2|   32|         64|
    |ap_return                        |   9|          2|   32|         64|
    |grp_load64_3_fu_440_x_offset     |  15|          3|   64|        192|
    |i_0_i1_reg_399                   |   9|          2|    4|          8|
    |i_0_i_reg_236                    |   9|          2|    4|          8|
    |i_0_reg_227                      |   9|          2|   32|         64|
    |i_2_reg_355                      |   9|          2|    5|         10|
    |i_3_reg_366                      |   9|          2|    5|         10|
    |i_4_reg_377                      |   9|          2|    4|          8|
    |i_5_reg_388                      |   9|          2|   32|         64|
    |indvars_iv_reg_333               |   9|          2|   64|        128|
    |p_05_rec_reg_216                 |   9|          2|   64|        128|
    |p_12_reg_272                     |   9|          2|    6|         12|
    |p_1620_reg_260                   |   9|          2|    3|          6|
    |p_1_reg_282                      |   9|          2|    2|          4|
    |p_23_reg_307                     |   9|          2|    6|         12|
    |p_2722_reg_293                   |   9|          2|    8|         16|
    |p_2_reg_322                      |   9|          2|    3|          6|
    |p_34_reg_423                     |   9|          2|   32|         64|
    |p_38_rec_reg_343                 |   9|          2|   64|        128|
    |phi_ln387_reg_205                |   9|          2|    3|          6|
    |r_0_i2_reg_411                   |   9|          2|   64|        128|
    |r_0_i_reg_248                    |   9|          2|   64|        128|
    |s_address0                       |  47|         10|    5|         50|
    |s_ce0                            |  15|          3|    1|          3|
    |s_ce1                            |   9|          2|    1|          2|
    |s_d0                             |  27|          5|   64|        320|
    |s_we0                            |  15|          3|    1|          3|
    |s_we1                            |   9|          2|    1|          2|
    |t_address0                       |  38|          7|    3|         21|
    |t_d0                             |  21|          4|    8|         32|
    +---------------------------------+----+-----------+-----+-----------+
    |Total                            | 518|        109|  699|       1745|
    +---------------------------------+----+-----------+-----+-----------+

    * Register: 
    +------------------------------------------------+----+----+-----+-----------+
    |                      Name                      | FF | LUT| Bits| Const Bits|
    +------------------------------------------------+----+----+-----+-----------+
    |add_ln393_reg_1147                              |   2|   0|    2|          0|
    |add_ln394_reg_1152                              |   6|   0|    6|          0|
    |add_ln410_3_reg_1280                            |  64|   0|   64|          0|
    |add_ln411_reg_1290                              |  64|   0|   64|          0|
    |add_ln416_reg_1303                              |   5|   0|    5|          0|
    |add_ln417_3_reg_1308                            |  64|   0|   64|          0|
    |add_ln420_reg_1328                              |   9|   0|    9|          0|
    |ap_CS_fsm                                       |  19|   0|   19|          0|
    |ap_return_preg                                  |  32|   0|   32|          0|
    |empty_69_reg_1106                               |   8|   0|    8|          0|
    |empty_75_reg_1246                               |   9|   0|   64|         55|
    |empty_reg_1100                                  |   6|   0|    6|          0|
    |grp_KeccakF1600_StatePer_1_fu_432_ap_start_reg  |   1|   0|    1|          0|
    |grp_load64_3_fu_440_ap_start_reg                |   1|   0|    1|          0|
    |i_0_i1_reg_399                                  |   4|   0|    4|          0|
    |i_0_i_reg_236                                   |   4|   0|    4|          0|
    |i_0_reg_227                                     |  32|   0|   32|          0|
    |i_2_reg_355                                     |   5|   0|    5|          0|
    |i_38_reg_1174                                   |   4|   0|    4|          0|
    |i_39_reg_1275                                   |   5|   0|    5|          0|
    |i_3_reg_366                                     |   5|   0|    5|          0|
    |i_42_reg_1372                                   |   4|   0|    4|          0|
    |i_4_reg_377                                     |   4|   0|    4|          0|
    |i_5_reg_388                                     |  32|   0|   32|          0|
    |icmp_ln399_1_reg_1216                           |   1|   0|    1|          0|
    |icmp_ln399_reg_1206                             |   1|   0|    1|          0|
    |icmp_ln422_reg_1339                             |   1|   0|    1|          0|
    |indvars_iv_reg_333                              |  64|   0|   64|          0|
    |p_05_rec_reg_216                                |  64|   0|   64|          0|
    |p_12_reg_272                                    |   6|   0|    6|          0|
    |p_1620_reg_260                                  |   3|   0|    3|          0|
    |p_1_reg_282                                     |   2|   0|    2|          0|
    |p_23_reg_307                                    |   6|   0|    6|          0|
    |p_2722_reg_293                                  |   8|   0|    8|          0|
    |p_2_reg_322                                     |   3|   0|    3|          0|
    |p_34_reg_423                                    |  32|   0|   32|          0|
    |p_38_rec_reg_343                                |  64|   0|   64|          0|
    |p_cast6_reg_1142                                |   5|   0|    5|          0|
    |phi_ln387_reg_205                               |   3|   0|    3|          0|
    |r_0_i2_reg_411                                  |  64|   0|   64|          0|
    |r_0_i_reg_248                                   |  64|   0|   64|          0|
    |s_addr_5_reg_1313                               |   5|   0|    5|          0|
    |s_addr_6_reg_1285                               |   5|   0|    5|          0|
    |s_addr_7_reg_1382                               |   5|   0|    5|          0|
    |s_addr_reg_1184                                 |   3|   0|    5|          2|
    |sext_ln391_reg_1137                             |  64|   0|   64|          0|
    |sext_ln399_reg_1194                             |   9|   0|    9|          0|
    |sext_ln402_1_reg_1240                           |  64|   0|   64|          0|
    |sub_ln399_reg_1210                              |   8|   0|    8|          0|
    |sub_ln414_reg_1295                              |  64|   0|   64|          0|
    |sub_ln419_reg_1318                              |  64|   0|   64|          0|
    |tmp_32_reg_1266                                 |   5|   0|    5|          0|
    |tmp_s_reg_1253                                  |   5|   0|    5|          0|
    |trunc_ln402_2_reg_1235                          |   1|   0|    1|          0|
    |trunc_ln402_reg_1230                            |   1|   0|    1|          0|
    |trunc_ln419_reg_1323                            |  33|   0|   33|          0|
    |trunc_ln426_reg_1351                            |   1|   0|    1|          0|
    |trunc_ln428_reg_1387                            |  32|   0|   32|          0|
    |xor_ln391_2_reg_1132                            |   3|   0|    3|          0|
    |xor_ln426_reg_1356                              |   1|   0|    1|          0|
    |zext_ln389_1_reg_1124                           |   3|   0|    5|          2|
    |zext_ln399_reg_1199                             |   2|   0|    3|          1|
    |zext_ln402_reg_1220                             |   6|   0|    9|          3|
    |zext_ln416_2_reg_1261                           |   3|   0|   30|         27|
    |zext_ln420_reg_1333                             |   9|   0|   32|         23|
    +------------------------------------------------+----+----+-----+-----------+
    |Total                                           |1176|   0| 1289|        113|
    +------------------------------------------------+----+----+-----+-----------+



================================================================
== Interface
================================================================
* Summary: 
+------------+-----+-----+------------+---------------+--------------+
|  RTL Ports | Dir | Bits|  Protocol  | Source Object |    C Type    |
+------------+-----+-----+------------+---------------+--------------+
|ap_clk      |  in |    1| ap_ctrl_hs | keccak_absorb | return value |
|ap_rst      |  in |    1| ap_ctrl_hs | keccak_absorb | return value |
|ap_start    |  in |    1| ap_ctrl_hs | keccak_absorb | return value |
|ap_done     | out |    1| ap_ctrl_hs | keccak_absorb | return value |
|ap_idle     | out |    1| ap_ctrl_hs | keccak_absorb | return value |
|ap_ready    | out |    1| ap_ctrl_hs | keccak_absorb | return value |
|ap_return   | out |   32| ap_ctrl_hs | keccak_absorb | return value |
|s_address0  | out |    5|  ap_memory |       s       |     array    |
|s_ce0       | out |    1|  ap_memory |       s       |     array    |
|s_we0       | out |    1|  ap_memory |       s       |     array    |
|s_d0        | out |   64|  ap_memory |       s       |     array    |
|s_q0        |  in |   64|  ap_memory |       s       |     array    |
|s_address1  | out |    5|  ap_memory |       s       |     array    |
|s_ce1       | out |    1|  ap_memory |       s       |     array    |
|s_we1       | out |    1|  ap_memory |       s       |     array    |
|s_d1        | out |   64|  ap_memory |       s       |     array    |
|s_q1        |  in |   64|  ap_memory |       s       |     array    |
|r           |  in |    9|   ap_none  |       r       |    scalar    |
|pos_r       |  in |    7|   ap_none  |     pos_r     |    scalar    |
|m_0_read    |  in |    8|   ap_none  |    m_0_read   |    scalar    |
|m_1_read    |  in |    8|   ap_none  |    m_1_read   |    scalar    |
+------------+-----+-----+------------+---------------+--------------+

